Product: MDK-ARM Standard 5.10
Component: ARM Compiler 5.04 update 1 (build 49)
Tool: armlink [5040049]

==============================================================================

Section Cross References

    main.o(i.app_error_handler) refers to main.o(i.NVIC_SystemReset) for NVIC_SystemReset
    main.o(i.assert_nrf_callback) refers to main.o(i.app_error_handler) for app_error_handler
    main.o(i.ble_evt_dispatch) refers to main.o(.data) for rx_count
    main.o(i.ble_evt_dispatch) refers to main.o(.bss) for tx_data
    main.o(i.data_time_get) refers to main.o(i.send_string) for send_string
    main.o(i.data_time_get) refers to main.o(i.nrf_gpio_pin_clear) for nrf_gpio_pin_clear
    main.o(i.data_time_get) refers to main.o(.bss) for rx_data
    main.o(i.data_time_get) refers to main.o(.data) for month_days
    main.o(i.example_cb_handler) refers to main.o(.data) for pstorage_wait_handle
    main.o(i.gprs_gtm900) refers to main.o(i.send_string) for send_string
    main.o(i.gprs_gtm900) refers to main.o(i.char_hex) for char_hex
    main.o(i.gprs_gtm900) refers to battery.o(i.battery_start) for battery_start
    main.o(i.gprs_gtm900) refers to uidiv.o(.text) for __aeabi_uidivmod
    main.o(i.gprs_gtm900) refers to main.o(i.send_string_no_answer) for send_string_no_answer
    main.o(i.gprs_gtm900) refers to simple_uart.o(i.simple_uart_put) for simple_uart_put
    main.o(i.gprs_gtm900) refers to pstorage.o(i.pstorage_block_identifier_get) for pstorage_block_identifier_get
    main.o(i.gprs_gtm900) refers to pstorage.o(i.pstorage_load) for pstorage_load
    main.o(i.gprs_gtm900) refers to main.o(i.app_error_handler) for app_error_handler
    main.o(i.gprs_gtm900) refers to main.o(.bss) for rx_data
    main.o(i.gprs_gtm900) refers to main.o(.data) for pstorage_block_id
    main.o(i.main) refers to main.o(i.sd_role_enable) for sd_role_enable
    main.o(i.main) refers to main.o(i.timers_init) for timers_init
    main.o(i.main) refers to main.o(i.nrf_gpio_pin_set) for nrf_gpio_pin_set
    main.o(i.main) refers to nrf_delay.o(i.nrf_delay_ms) for nrf_delay_ms
    main.o(i.main) refers to spi_master.o(i.spi_master_init) for spi_master_init
    main.o(i.main) refers to spi_master.o(i.spi_master_tx_rx) for spi_master_tx_rx
    main.o(i.main) refers to simple_uart.o(i.simple_uart_config) for simple_uart_config
    main.o(i.main) refers to main.o(i.data_time_get) for data_time_get
    main.o(i.main) refers to main.o(i.NVIC_SystemReset) for NVIC_SystemReset
    main.o(i.main) refers to main.o(i.nrf_gpio_pin_clear) for nrf_gpio_pin_clear
    main.o(i.main) refers to pstorage.o(i.pstorage_init) for pstorage_init
    main.o(i.main) refers to pstorage.o(i.pstorage_register) for pstorage_register
    main.o(i.main) refers to app_timer.o(i.app_timer_start) for app_timer_start
    main.o(i.main) refers to main.o(i.app_error_handler) for app_error_handler
    main.o(i.main) refers to main.o(i.gprs_gtm900) for gprs_gtm900
    main.o(i.main) refers to main.o(i.send_string) for send_string
    main.o(i.main) refers to main.o(.data) for spi_base_address
    main.o(i.main) refers to main.o(i.example_cb_handler) for example_cb_handler
    main.o(i.sd_role_enable) refers to main.o(i.app_error_handler) for app_error_handler
    main.o(i.sd_role_enable) refers to softdevice_handler.o(i.softdevice_handler_init) for softdevice_handler_init
    main.o(i.sd_role_enable) refers to softdevice_handler.o(i.softdevice_ble_evt_handler_set) for softdevice_ble_evt_handler_set
    main.o(i.sd_role_enable) refers to softdevice_handler.o(i.softdevice_sys_evt_handler_set) for softdevice_sys_evt_handler_set
    main.o(i.sd_role_enable) refers to main.o(.bss) for BLE_EVT_BUFFER
    main.o(i.sd_role_enable) refers to main.o(i.ble_evt_dispatch) for ble_evt_dispatch
    main.o(i.sd_role_enable) refers to main.o(i.sys_evt_dispatch) for sys_evt_dispatch
    main.o(i.send_string) refers to memseta.o(.text) for __aeabi_memclr4
    main.o(i.send_string) refers to simple_uart.o(i.simple_uart_put) for simple_uart_put
    main.o(i.send_string) refers to simple_uart.o(i.simple_uart_get_with_timeout) for simple_uart_get_with_timeout
    main.o(i.send_string) refers to main.o(.bss) for rx_data
    main.o(i.send_string_no_answer) refers to simple_uart.o(i.simple_uart_put) for simple_uart_put
    main.o(i.sys_evt_dispatch) refers to pstorage.o(i.pstorage_sys_event_handler) for pstorage_sys_event_handler
    main.o(i.timers_init) refers to app_timer.o(i.app_timer_init) for app_timer_init
    main.o(i.timers_init) refers to main.o(i.app_error_handler) for app_error_handler
    main.o(i.timers_init) refers to app_timer.o(i.app_timer_create) for app_timer_create
    main.o(i.timers_init) refers to main.o(.bss) for APP_TIMER_BUF
    main.o(i.timers_init) refers to main.o(i.weakup_timeout_handler) for weakup_timeout_handler
    main.o(i.timers_init) refers to main.o(.data) for weakup_timer_id
[...]
    ble_db_discovery.o(i.on_characteristic_discovery_rsp) refers to ble_db_discovery.o(i.discovery_complete_evt_trigger) for discovery_complete_evt_trigger
    ble_db_discovery.o(i.on_characteristic_discovery_rsp) refers to ble_db_discovery.o(i.on_srv_disc_completion) for on_srv_disc_completion
    ble_db_discovery.o(i.on_descriptor_discovery_rsp) refers to ble_db_discovery.o(i.descriptors_discover) for descriptors_discover
    ble_db_discovery.o(i.on_descriptor_discovery_rsp) refers to ble_db_discovery.o(i.discovery_error_evt_trigger) for discovery_error_evt_trigger
    ble_db_discovery.o(i.on_descriptor_discovery_rsp) refers to ble_db_discovery.o(i.discovery_complete_evt_trigger) for discovery_complete_evt_trigger
    ble_db_discovery.o(i.on_descriptor_discovery_rsp) refers to ble_db_discovery.o(i.on_srv_disc_completion) for on_srv_disc_completion
    ble_db_discovery.o(i.on_primary_srv_discovery_rsp) refers to ble_db_discovery.o(i.characteristics_discover) for characteristics_discover
    ble_db_discovery.o(i.on_primary_srv_discovery_rsp) refers to ble_db_discovery.o(i.discovery_error_evt_trigger) for discovery_error_evt_trigger
    ble_db_discovery.o(i.on_primary_srv_discovery_rsp) refers to ble_db_discovery.o(i.discovery_complete_evt_trigger) for discovery_complete_evt_trigger
    ble_db_discovery.o(i.on_primary_srv_discovery_rsp) refers to ble_db_discovery.o(i.on_srv_disc_completion) for on_srv_disc_completion
    ble_db_discovery.o(i.on_srv_disc_completion) refers to ble_db_discovery.o(i.discovery_error_evt_trigger) for discovery_error_evt_trigger
    ble_db_discovery.o(i.on_srv_disc_completion) refers to ble_db_discovery.o(.data) for m_num_of_discoveries_made
    ble_db_discovery.o(i.on_srv_disc_completion) refers to ble_db_discovery.o(.bss) for m_registered_handlers
    ble_db_discovery.o(i.pending_user_evts_send) refers to ble_db_discovery.o(.bss) for m_pending_user_evts
    ble_db_discovery.o(i.pending_user_evts_send) refers to ble_db_discovery.o(.data) for m_num_of_handlers_reg
    ble_db_discovery.o(i.registered_handler_get) refers to ble_db_discovery.o(.bss) for m_registered_handlers
    ble_db_discovery.o(i.registered_handler_get) refers to ble_db_discovery.o(.data) for m_num_of_handlers_reg
    ble_db_discovery.o(i.registered_handler_set) refers to ble_db_discovery.o(.data) for m_num_of_handlers_reg
    ble_db_discovery.o(i.registered_handler_set) refers to ble_db_discovery.o(.bss) for m_registered_handlers
    nrf_delay.o(i.nrf_delay_ms) refers to nrf_delay.o(.emb_text) for __asm___11_nrf_delay_c_532987f3__nrf_delay_us
    pstorage.o(i.app_notify) refers to pstorage.o(.bss) for m_app_table
    pstorage.o(i.cmd_process) refers to pstorage.o(i.pstorage_flash_page_size) for pstorage_flash_page_size
    pstorage.o(i.cmd_process) refers to uidiv.o(.text) for __aeabi_uidivmod
    pstorage.o(i.cmd_process) refers to pstorage.o(i.swap_state_process) for swap_state_process
    pstorage.o(i.cmd_process) refers to pstorage.o(.bss) for m_cmd_queue
    pstorage.o(i.cmd_process) refers to pstorage.o(.data) for m_round_val
    pstorage.o(i.cmd_queue_dequeue) refers to pstorage.o(i.cmd_process) for cmd_process
    pstorage.o(i.cmd_queue_dequeue) refers to pstorage.o(.bss) for m_cmd_queue
    pstorage.o(i.cmd_queue_element_init) refers to pstorage.o(.bss) for m_cmd_queue
    pstorage.o(i.cmd_queue_enqueue) refers to pstorage.o(i.cmd_process) for cmd_process
    pstorage.o(i.cmd_queue_enqueue) refers to pstorage.o(.bss) for m_cmd_queue
    pstorage.o(i.cmd_queue_init) refers to pstorage.o(i.cmd_queue_element_init) for cmd_queue_element_init
    pstorage.o(i.cmd_queue_init) refers to pstorage.o(.data) for m_round_val
    pstorage.o(i.cmd_queue_init) refers to pstorage.o(.bss) for m_cmd_queue
    pstorage.o(i.pstorage_access_status_get) refers to pstorage.o(.data) for m_module_initialized
    pstorage.o(i.pstorage_access_status_get) refers to pstorage.o(.bss) for m_cmd_queue
    pstorage.o(i.pstorage_block_identifier_get) refers to pstorage.o(.data) for m_module_initialized
    pstorage.o(i.pstorage_block_identifier_get) refers to pstorage.o(.bss) for m_app_table
    pstorage.o(i.pstorage_clear) refers to pstorage.o(i.is_word_aligned) for is_word_aligned
    pstorage.o(i.pstorage_clear) refers to uidiv.o(.text) for __aeabi_uidivmod
    pstorage.o(i.pstorage_clear) refers to pstorage.o(i.cmd_queue_enqueue) for cmd_queue_enqueue
    pstorage.o(i.pstorage_clear) refers to pstorage.o(.data) for m_module_initialized
    pstorage.o(i.pstorage_clear) refers to pstorage.o(.bss) for m_app_table
    pstorage.o(i.pstorage_flash_page_end) refers to pstorage.o(i.pstorage_flash_page_size) for pstorage_flash_page_size
    pstorage.o(i.pstorage_flash_page_end) refers to uidiv.o(.text) for __aeabi_uidivmod
    pstorage.o(i.pstorage_init) refers to pstorage.o(i.cmd_queue_init) for cmd_queue_init
    pstorage.o(i.pstorage_init) refers to pstorage.o(i.pstorage_flash_page_end) for pstorage_flash_page_end
    pstorage.o(i.pstorage_init) refers to pstorage.o(i.pstorage_flash_page_size) for pstorage_flash_page_size
    pstorage.o(i.pstorage_init) refers to uidiv.o(.text) for __aeabi_uidivmod
    pstorage.o(i.pstorage_init) refers to pstorage.o(.data) for m_next_app_instance
    pstorage.o(i.pstorage_init) refers to pstorage.o(.bss) for m_app_table
    pstorage.o(i.pstorage_load) refers to pstorage.o(i.is_word_aligned) for is_word_aligned
    pstorage.o(i.pstorage_load) refers to memcpya.o(.text) for __aeabi_memcpy
    pstorage.o(i.pstorage_load) refers to pstorage.o(.data) for m_module_initialized
    pstorage.o(i.pstorage_load) refers to pstorage.o(.bss) for m_app_table
    pstorage.o(i.pstorage_register) refers to pstorage.o(i.pstorage_flash_page_size) for pstorage_flash_page_size
    pstorage.o(i.pstorage_register) refers to pstorage.o(i.pstorage_flash_page_end) for pstorage_flash_page_end
    pstorage.o(i.pstorage_register) refers to idiv.o(.text) for __aeabi_idivmod
    pstorage.o(i.pstorage_register) refers to pstorage.o(.data) for m_module_initialized
    pstorage.o(i.pstorage_register) refers to pstorage.o(.bss) for m_app_table
    pstorage.o(i.pstorage_store) refers to pstorage.o(i.is_word_aligned) for is_word_aligned
    pstorage.o(i.pstorage_store) refers to pstorage.o(i.cmd_queue_enqueue) for cmd_queue_enqueue
    pstorage.o(i.pstorage_store) refers to pstorage.o(.data) for m_module_initialized
    pstorage.o(i.pstorage_store) refers to pstorage.o(.bss) for m_app_table
    pstorage.o(i.pstorage_sys_event_handler) refers to pstorage.o(i.cmd_queue_dequeue) for cmd_queue_dequeue
    pstorage.o(i.pstorage_sys_event_handler) refers to pstorage.o(i.app_notify) for app_notify
    pstorage.o(i.pstorage_sys_event_handler) refers to pstorage.o(i.cmd_queue_element_init) for cmd_queue_element_init
    pstorage.o(i.pstorage_sys_event_handler) refers to pstorage.o(i.cmd_process) for cmd_process
    pstorage.o(i.pstorage_sys_event_handler) refers to pstorage.o(.bss) for m_cmd_queue
    pstorage.o(i.pstorage_sys_event_handler) refers to pstorage.o(.data) for m_swap_state
    pstorage.o(i.pstorage_update) refers to pstorage.o(i.is_word_aligned) for is_word_aligned
    pstorage.o(i.pstorage_update) refers to pstorage.o(i.cmd_queue_enqueue) for cmd_queue_enqueue
    pstorage.o(i.pstorage_update) refers to pstorage.o(.data) for m_module_initialized
    pstorage.o(i.pstorage_update) refers to pstorage.o(.bss) for m_app_table
    pstorage.o(i.swap_state_process) refers to pstorage.o(i.__ARM_common_switch8) for __ARM_common_switch8
    pstorage.o(i.swap_state_process) refers to pstorage.o(i.pstorage_flash_page_size) for pstorage_flash_page_size
    pstorage.o(i.swap_state_process) refers to pstorage.o(i.pstorage_flash_page_end) for pstorage_flash_page_end
    pstorage.o(i.swap_state_process) refers to uidiv.o(.text) for __aeabi_uidivmod
    pstorage.o(i.swap_state_process) refers to pstorage.o(.data) for m_swap_state
    simple_uart.o(i.simple_uart_config) refers to simple_uart.o(i.nrf_gpio_cfg_output) for nrf_gpio_cfg_output
    simple_uart.o(i.simple_uart_config) refers to simple_uart.o(i.nrf_gpio_cfg_input) for nrf_gpio_cfg_input
    simple_uart.o(i.simple_uart_get_with_timeout) refers to simple_uart.o(.emb_text) for __asm___13_simple_uart_c_5dda6715__nrf_delay_us
    simple_uart.o(i.simple_uart_putstring) refers to simple_uart.o(i.simple_uart_put) for simple_uart_put
    app_uart.o(i.UART0_IRQHandler) refers to app_uart.o(i.on_uart_event) for on_uart_event
    app_uart.o(i.UART0_IRQHandler) refers to app_uart.o(.data) for m_rx_byte
    app_uart.o(i.action_tx_ready) refers to app_uart.o(i.action_tx_stop) for action_tx_stop
    app_uart.o(i.action_tx_send) refers to app_uart.o(.data) for m_current_state
    app_uart.o(i.action_tx_stop) refers to app_uart.o(.data) for m_current_state
    app_uart.o(i.action_uart_deactivate) refers to app_uart.o(.data) for m_current_state
    app_uart.o(i.app_uart_close) refers to app_uart.o(i.on_uart_event) for on_uart_event
    app_uart.o(i.app_uart_close) refers to app_gpiote.o(i.app_gpiote_user_disable) for app_gpiote_user_disable
    app_uart.o(i.app_uart_close) refers to app_uart.o(.data) for m_gpiote_uid
    app_uart.o(i.app_uart_get) refers to app_uart.o(.data) for m_rx_byte
    app_uart.o(i.app_uart_get_connection_state) refers to app_uart.o(.data) for m_current_state
    app_uart.o(i.app_uart_init) refers to app_uart.o(i.nrf_gpio_cfg_output) for nrf_gpio_cfg_output
    app_uart.o(i.app_uart_init) refers to app_gpiote.o(i.app_gpiote_user_register) for app_gpiote_user_register
    app_uart.o(i.app_uart_init) refers to app_gpiote.o(i.app_gpiote_pins_state_get) for app_gpiote_pins_state_get
    app_uart.o(i.app_uart_init) refers to app_gpiote.o(i.app_gpiote_user_enable) for app_gpiote_user_enable
    app_uart.o(i.app_uart_init) refers to app_uart.o(i.on_uart_event) for on_uart_event
    app_uart.o(i.app_uart_init) refers to app_uart.o(i.uart_standard_flow_control_init) for uart_standard_flow_control_init
    app_uart.o(i.app_uart_init) refers to app_uart.o(i.uart_no_flow_control_init) for uart_no_flow_control_init
    app_uart.o(i.app_uart_init) refers to app_uart.o(i.NVIC_SetPriority) for NVIC_SetPriority
    app_uart.o(i.app_uart_init) refers to app_uart.o(.data) for m_current_state
    app_uart.o(i.app_uart_init) refers to app_uart.o(i.gpiote_uart_event_handler) for gpiote_uart_event_handler
    app_uart.o(i.app_uart_put) refers to app_uart.o(i.on_uart_event) for on_uart_event
    app_uart.o(i.app_uart_put) refers to app_uart.o(.data) for m_current_state
    app_uart.o(i.gpiote_uart_event_handler) refers to app_gpiote.o(i.app_gpiote_pins_state_get) for app_gpiote_pins_state_get
    app_uart.o(i.gpiote_uart_event_handler) refers to app_uart.o(i.on_uart_event) for on_uart_event
    app_uart.o(i.gpiote_uart_event_handler) refers to app_uart.o(.data) for m_pin_cts_mask
    app_uart.o(i.on_cts_high) refers to app_uart.o(i.action_uart_deactivate) for action_uart_deactivate
    app_uart.o(i.on_cts_high) refers to app_uart.o(.data) for m_current_state
    app_uart.o(i.on_cts_low) refers to app_uart.o(.data) for m_current_state
    app_uart.o(i.on_tx_ready) refers to app_uart.o(i.action_uart_deactivate) for action_uart_deactivate
    app_uart.o(i.on_tx_ready) refers to app_uart.o(i.action_tx_ready) for action_tx_ready
    app_uart.o(i.on_tx_ready) refers to app_uart.o(.data) for m_current_state
    app_uart.o(i.on_uart_close) refers to app_uart.o(i.action_uart_deactivate) for action_uart_deactivate
    app_uart.o(i.on_uart_event) refers to pstorage.o(i.__ARM_common_switch8) for __ARM_common_switch8
    app_uart.o(i.on_uart_event) refers to app_uart.o(i.on_cts_high) for on_cts_high
    app_uart.o(i.on_uart_event) refers to app_uart.o(i.on_cts_low) for on_cts_low
    app_uart.o(i.on_uart_event) refers to app_uart.o(i.on_tx_ready) for on_tx_ready
    app_uart.o(i.on_uart_event) refers to app_uart.o(i.on_uart_put) for on_uart_put
    app_uart.o(i.on_uart_event) refers to app_uart.o(i.on_uart_close) for on_uart_close
    app_uart.o(i.on_uart_put) refers to app_uart.o(i.action_tx_send) for action_tx_send
    app_uart.o(i.on_uart_put) refers to app_uart.o(.data) for m_current_state
    app_fifo.o(i.app_fifo_get) refers to app_fifo.o(i.fifo_length) for fifo_length
    app_fifo.o(i.app_fifo_put) refers to app_fifo.o(i.fifo_length) for fifo_length
    app_timer.o(i.RTC1_IRQHandler) refers to app_timer.o(i.timer_timeouts_check) for timer_timeouts_check
    app_timer.o(i.SWI0_IRQHandler) refers to app_timer.o(i.timer_list_handler) for timer_list_handler
    app_timer.o(i.app_timer_cnt_diff_compute) refers to app_timer.o(i.ticks_diff_get) for ticks_diff_get
    app_timer.o(i.app_timer_cnt_get) refers to app_timer.o(i.rtc1_counter_get) for rtc1_counter_get
    app_timer.o(i.app_timer_create) refers to app_timer.o(.data) for mp_nodes
    app_timer.o(i.app_timer_init) refers to app_timer.o(i.rtc1_stop) for rtc1_stop
    app_timer.o(i.app_timer_init) refers to app_timer.o(i.NVIC_ClearPendingIRQ) for NVIC_ClearPendingIRQ
    app_timer.o(i.app_timer_init) refers to app_timer.o(i.NVIC_SetPriority) for NVIC_SetPriority
    app_timer.o(i.app_timer_init) refers to app_timer.o(i.NVIC_EnableIRQ) for NVIC_EnableIRQ
    app_timer.o(i.app_timer_init) refers to app_timer.o(i.rtc1_init) for rtc1_init
    app_timer.o(i.app_timer_init) refers to app_timer.o(i.rtc1_counter_get) for rtc1_counter_get
    app_timer.o(i.app_timer_init) refers to app_timer.o(.data) for m_evt_schedule_func
    app_timer.o(i.app_timer_start) refers to app_timer.o(i.user_id_get) for user_id_get
    app_timer.o(i.app_timer_start) refers to app_timer.o(i.timer_start_op_schedule) for timer_start_op_schedule
    app_timer.o(i.app_timer_start) refers to app_timer.o(.data) for mp_nodes
    app_timer.o(i.app_timer_stop) refers to app_timer.o(i.user_id_get) for user_id_get
    app_timer.o(i.app_timer_stop) refers to app_timer.o(i.timer_stop_op_schedule) for timer_stop_op_schedule
    app_timer.o(i.app_timer_stop) refers to app_timer.o(.data) for mp_nodes
    app_timer.o(i.app_timer_stop_all) refers to app_timer.o(i.user_id_get) for user_id_get
    app_timer.o(i.app_timer_stop_all) refers to app_timer.o(i.timer_stop_all_op_schedule) for timer_stop_all_op_schedule
    app_timer.o(i.app_timer_stop_all) refers to app_timer.o(.data) for mp_nodes
    app_timer.o(i.compare_reg_update) refers to app_timer.o(i.rtc1_counter_get) for rtc1_counter_get
    app_timer.o(i.compare_reg_update) refers to app_timer.o(i.ticks_diff_get) for ticks_diff_get
    app_timer.o(i.compare_reg_update) refers to app_timer.o(i.rtc1_start) for rtc1_start
    app_timer.o(i.compare_reg_update) refers to app_timer.o(i.timer_timeouts_check_sched) for timer_timeouts_check_sched
    app_timer.o(i.compare_reg_update) refers to app_timer.o(i.rtc1_stop) for rtc1_stop
    app_timer.o(i.compare_reg_update) refers to app_timer.o(.data) for m_timer_id_head
    app_timer.o(i.elapsed_ticks_acquire) refers to app_timer.o(.data) for m_ticks_elapsed_q_read_ind
    app_timer.o(i.expired_timers_handler) refers to app_timer.o(.data) for m_timer_id_head
    app_timer.o(i.list_deletions_handler) refers to app_timer.o(i.timer_list_remove) for timer_list_remove
    app_timer.o(i.list_deletions_handler) refers to app_timer.o(.data) for m_timer_id_head
    app_timer.o(i.list_insertions_handler) refers to app_timer.o(i.ticks_diff_get) for ticks_diff_get
    app_timer.o(i.list_insertions_handler) refers to app_timer.o(i.timer_list_insert) for timer_list_insert
    app_timer.o(i.list_insertions_handler) refers to app_timer.o(.data) for m_timer_id_head
    app_timer.o(i.rtc1_init) refers to app_timer.o(i.NVIC_SetPriority) for NVIC_SetPriority
    app_timer.o(i.rtc1_start) refers to app_timer.o(i.NVIC_ClearPendingIRQ) for NVIC_ClearPendingIRQ
    app_timer.o(i.rtc1_start) refers to app_timer.o(i.NVIC_EnableIRQ) for NVIC_EnableIRQ
    app_timer.o(i.rtc1_start) refers to app_timer.o(.emb_text) for __asm___11_app_timer_c_cd27f9c3__nrf_delay_us
    app_timer.o(i.rtc1_start) refers to app_timer.o(.data) for m_rtc1_running
    app_timer.o(i.rtc1_stop) refers to app_timer.o(.emb_text) for __asm___11_app_timer_c_cd27f9c3__nrf_delay_us
    app_timer.o(i.rtc1_stop) refers to app_timer.o(.data) for m_ticks_latest
    app_timer.o(i.timeout_handler_exec) refers to main.o(i.app_error_handler) for app_error_handler
    app_timer.o(i.timeout_handler_exec) refers to app_timer.o(.data) for m_evt_schedule_func
    app_timer.o(i.timer_list_handler) refers to app_timer.o(i.elapsed_ticks_acquire) for elapsed_ticks_acquire
    app_timer.o(i.timer_list_handler) refers to app_timer.o(i.list_deletions_handler) for list_deletions_handler
    app_timer.o(i.timer_list_handler) refers to app_timer.o(i.expired_timers_handler) for expired_timers_handler
    app_timer.o(i.timer_list_handler) refers to app_timer.o(i.list_insertions_handler) for list_insertions_handler
    app_timer.o(i.timer_list_handler) refers to app_timer.o(i.compare_reg_update) for compare_reg_update
    app_timer.o(i.timer_list_handler) refers to app_timer.o(.data) for m_ticks_latest
    app_timer.o(i.timer_list_handler_sched) refers to app_timer.o(i.NVIC_SetPendingIRQ) for NVIC_SetPendingIRQ
    app_timer.o(i.timer_list_insert) refers to app_timer.o(.data) for mp_nodes
    app_timer.o(i.timer_list_remove) refers to app_timer.o(.data) for m_timer_id_head
    app_timer.o(i.timer_start_op_schedule) refers to app_timer.o(i.user_op_alloc) for user_op_alloc
    app_timer.o(i.timer_start_op_schedule) refers to app_timer.o(i.rtc1_counter_get) for rtc1_counter_get
    app_timer.o(i.timer_start_op_schedule) refers to app_timer.o(i.user_op_enque) for user_op_enque
    app_timer.o(i.timer_start_op_schedule) refers to app_timer.o(i.timer_list_handler_sched) for timer_list_handler_sched
    app_timer.o(i.timer_start_op_schedule) refers to app_timer.o(.data) for mp_users
    app_timer.o(i.timer_stop_all_op_schedule) refers to app_timer.o(i.user_op_alloc) for user_op_alloc
    app_timer.o(i.timer_stop_all_op_schedule) refers to app_timer.o(i.user_op_enque) for user_op_enque
    app_timer.o(i.timer_stop_all_op_schedule) refers to app_timer.o(i.timer_list_handler_sched) for timer_list_handler_sched
    app_timer.o(i.timer_stop_all_op_schedule) refers to app_timer.o(.data) for mp_users
    app_timer.o(i.timer_stop_op_schedule) refers to app_timer.o(i.user_op_alloc) for user_op_alloc
    app_timer.o(i.timer_stop_op_schedule) refers to app_timer.o(i.user_op_enque) for user_op_enque
    app_timer.o(i.timer_stop_op_schedule) refers to app_timer.o(i.timer_list_handler_sched) for timer_list_handler_sched
    app_timer.o(i.timer_stop_op_schedule) refers to app_timer.o(.data) for mp_users
    app_timer.o(i.timer_timeouts_check) refers to app_timer.o(i.rtc1_counter_get) for rtc1_counter_get
    app_timer.o(i.timer_timeouts_check) refers to app_timer.o(i.ticks_diff_get) for ticks_diff_get
    app_timer.o(i.timer_timeouts_check) refers to app_timer.o(i.timeout_handler_exec) for timeout_handler_exec
    app_timer.o(i.timer_timeouts_check) refers to app_timer.o(i.timer_list_handler_sched) for timer_list_handler_sched
    app_timer.o(i.timer_timeouts_check) refers to app_timer.o(.data) for m_timer_id_head
    app_timer.o(i.timer_timeouts_check_sched) refers to app_timer.o(i.NVIC_SetPendingIRQ) for NVIC_SetPendingIRQ
    app_timer.o(i.user_id_get) refers to app_timer.o(i.current_int_priority_get) for current_int_priority_get
    retarget.o(i.fgetc) refers to app_uart.o(i.app_uart_get) for app_uart_get
    retarget.o(i.fputc) refers to app_uart.o(i.app_uart_put) for app_uart_put
    app_gpiote.o(i.GPIOTE_IRQHandler) refers to app_gpiote.o(i.sense_level_toggle) for sense_level_toggle
    app_gpiote.o(i.GPIOTE_IRQHandler) refers to app_gpiote.o(.data) for mp_users
    app_gpiote.o(i.app_gpiote_init) refers to memseta.o(.text) for __aeabi_memclr4
    app_gpiote.o(i.app_gpiote_init) refers to app_gpiote.o(i.NVIC_SetPriority) for NVIC_SetPriority
    app_gpiote.o(i.app_gpiote_init) refers to app_gpiote.o(.data) for mp_users
    app_gpiote.o(i.app_gpiote_pins_state_get) refers to app_gpiote.o(.data) for mp_users
    app_gpiote.o(i.app_gpiote_user_disable) refers to app_gpiote.o(i.pins_sense_disable) for pins_sense_disable
    app_gpiote.o(i.app_gpiote_user_disable) refers to app_gpiote.o(.data) for mp_users
    app_gpiote.o(i.app_gpiote_user_enable) refers to app_gpiote.o(.data) for mp_users
    app_gpiote.o(i.app_gpiote_user_register) refers to app_gpiote.o(i.pins_sense_disable) for pins_sense_disable
    app_gpiote.o(i.app_gpiote_user_register) refers to app_gpiote.o(.data) for mp_users
    app_gpiote.o(i.pins_sense_disable) refers to app_gpiote.o(.data) for mp_users
    softdevice_handler.o(i.SWI2_IRQHandler) refers to main.o(i.app_error_handler) for app_error_handler
    softdevice_handler.o(i.SWI2_IRQHandler) refers to softdevice_handler.o(i.intern_softdevice_events_execute) for intern_softdevice_events_execute
    softdevice_handler.o(i.SWI2_IRQHandler) refers to softdevice_handler.o(.data) for m_evt_schedule_func
    softdevice_handler.o(i.intern_softdevice_events_execute) refers to main.o(i.app_error_handler) for app_error_handler
    softdevice_handler.o(i.intern_softdevice_events_execute) refers to softdevice_handler.o(.data) for m_softdevice_enabled
    softdevice_handler.o(i.softdevice_assertion_handler) refers (Weak) to main.o(i.assert_nrf_callback) for assert_nrf_callback
    softdevice_handler.o(i.softdevice_ble_evt_handler_set) refers to softdevice_handler.o(.data) for m_ble_evt_handler
    softdevice_handler.o(i.softdevice_handler_init) refers to softdevice_handler.o(.data) for mp_ble_evt_buffer
    softdevice_handler.o(i.softdevice_handler_init) refers to softdevice_handler.o(i.softdevice_assertion_handler) for softdevice_assertion_handler
    softdevice_handler.o(i.softdevice_handler_sd_disable) refers to softdevice_handler.o(.data) for m_softdevice_enabled
    softdevice_handler.o(i.softdevice_sys_evt_handler_set) refers to softdevice_handler.o(.data) for m_sys_evt_handler
    entry.o(.ARM.Collect$$$$00000000) refers (Special) to entry10a.o(.ARM.Collect$$$$0000000D) for __rt_final_cpp
    entry.o(.ARM.Collect$$$$00000000) refers (Special) to entry11a.o(.ARM.Collect$$$$0000000F) for __rt_final_exit
    entry.o(.ARM.Collect$$$$00000000) refers (Special) to entry7b.o(.ARM.Collect$$$$00000008) for _main_clock
    entry.o(.ARM.Collect$$$$00000000) refers (Special) to entry8b.o(.ARM.Collect$$$$0000000A) for _main_cpp_init
    entry.o(.ARM.Collect$$$$00000000) refers (Special) to entry9a.o(.ARM.Collect$$$$0000000B) for _main_init
    entry.o(.ARM.Collect$$$$00000000) refers (Special) to entry5.o(.ARM.Collect$$$$00000004) for _main_scatterload
    entry.o(.ARM.Collect$$$$00000000) refers (Special) to entry2.o(.ARM.Collect$$$$00000001) for _main_stk
    idiv.o(.text) refers to uidiv.o(.text) for __aeabi_uidivmod
    entry2.o(.ARM.Collect$$$$00000001) refers to entry2.o(.ARM.Collect$$$$00002712) for __lit__00000000
    entry2.o(.ARM.Collect$$$$00002712) refers to arm_startup_nrf51.o(STACK) for __initial_sp
    entry2.o(__vectab_stack_and_reset_area) refers to arm_startup_nrf51.o(STACK) for __initial_sp
    entry2.o(__vectab_stack_and_reset_area) refers to entry.o(.ARM.Collect$$$$00000000) for __main
    entry5.o(.ARM.Collect$$$$00000004) refers to init.o(.text) for __scatterload
    entry9a.o(.ARM.Collect$$$$0000000B) refers to main.o(i.main) for main
    entry9b.o(.ARM.Collect$$$$0000000C) refers to main.o(i.main) for main
    init.o(.text) refers to entry5.o(.ARM.Collect$$$$00000004) for __main_after_scatterload


==============================================================================

Removing Unused input sections from the image.

    Removing main.o(.rev16_text), (4 bytes).
    Removing main.o(.revsh_text), (4 bytes).
    Removing main.o(i.assert_nrf_callback), (20 bytes).
    Removing battery.o(.rev16_text), (4 bytes).
    Removing battery.o(.revsh_text), (4 bytes).
    Removing spi_master.o(.rev16_text), (4 bytes).
    Removing spi_master.o(.revsh_text), (4 bytes).
    Removing spi_master.o(.emb_text), (30 bytes).
    Removing arm_startup_nrf51.o(HEAP), (2048 bytes).
    Removing system_nrf51.o(.rev16_text), (4 bytes).
    Removing system_nrf51.o(.revsh_text), (4 bytes).
    Removing system_nrf51.o(i.SystemCoreClockUpdate), (16 bytes).
    Removing ble_srv_common.o(i.ble_srv_ascii_to_utf8), (18 bytes).
    Removing ble_srv_common.o(i.ble_srv_report_ref_encode), (62 bytes).
    Removing device_manager_central.o(.rev16_text), (4 bytes).
    Removing device_manager_central.o(.revsh_text), (4 bytes).
    Removing device_manager_central.o(i.app_evt_notify), (28 bytes).
    Removing device_manager_central.o(i.connection_instance_find), (72 bytes).
    Removing device_manager_central.o(i.connection_instance_init), (56 bytes).
    Removing device_manager_central.o(i.device_context_store), (208 bytes).
    Removing device_manager_central.o(i.device_instance_allocate), (124 bytes).
    Removing device_manager_central.o(i.device_instance_find), (60 bytes).
    Removing device_manager_central.o(i.device_instance_free), (48 bytes).
    Removing device_manager_central.o(i.dm_application_context_delete), (12 bytes).
    Removing device_manager_central.o(i.dm_application_context_get), (12 bytes).
    Removing device_manager_central.o(i.dm_application_context_set), (12 bytes).
    Removing device_manager_central.o(i.dm_application_instance_set), (88 bytes).
    Removing device_manager_central.o(i.dm_ble_evt_handler), (1380 bytes).
    Removing device_manager_central.o(i.dm_device_add), (12 bytes).
    Removing device_manager_central.o(i.dm_device_delete), (120 bytes).
    Removing device_manager_central.o(i.dm_device_delete_all), (112 bytes).
    Removing device_manager_central.o(i.dm_distributed_keys_get), (228 bytes).
    Removing device_manager_central.o(i.dm_handle_initialize), (28 bytes).
    Removing device_manager_central.o(i.dm_init), (256 bytes).
    Removing device_manager_central.o(i.dm_peer_addr_get), (196 bytes).
    Removing device_manager_central.o(i.dm_peer_addr_set), (196 bytes).
    Removing device_manager_central.o(i.dm_pstorage_cb_handler), (504 bytes).
    Removing device_manager_central.o(i.dm_register), (116 bytes).
    Removing device_manager_central.o(i.dm_security_setup_req), (348 bytes).
    Removing device_manager_central.o(i.dm_security_status_req), (196 bytes).
    Removing device_manager_central.o(i.dm_service_context_delete), (112 bytes).
    Removing device_manager_central.o(i.dm_service_context_get), (232 bytes).
    Removing device_manager_central.o(i.dm_service_context_set), (240 bytes).
    Removing device_manager_central.o(i.dm_whitelist_create), (276 bytes).
    Removing device_manager_central.o(i.gattc_context_apply), (6 bytes).
    Removing device_manager_central.o(i.gattc_context_load), (6 bytes).
    Removing device_manager_central.o(i.gattc_context_store), (6 bytes).
    Removing device_manager_central.o(i.gatts_context_apply), (124 bytes).
    Removing device_manager_central.o(i.gatts_context_load), (60 bytes).
    Removing device_manager_central.o(i.gatts_context_store), (188 bytes).
    Removing device_manager_central.o(i.gattsc_context_apply), (26 bytes).
    Removing device_manager_central.o(i.gattsc_context_load), (30 bytes).
    Removing device_manager_central.o(i.gattsc_context_store), (30 bytes).
    Removing device_manager_central.o(i.initiate_security_request), (132 bytes).
    Removing device_manager_central.o(i.no_service_context_apply), (6 bytes).
    Removing device_manager_central.o(i.no_service_context_load), (6 bytes).
    Removing device_manager_central.o(i.no_service_context_store), (6 bytes).
    Removing device_manager_central.o(i.peer_instance_init), (72 bytes).
    Removing device_manager_central.o(i.storage_operation_dummy_handler), (8 bytes).
    Removing device_manager_central.o(i.update_status_bit_reset), (20 bytes).
    Removing device_manager_central.o(.bss), (259 bytes).
    Removing device_manager_central.o(.constdata), (52 bytes).
    Removing device_manager_central.o(.data), (13 bytes).
    Removing ble_db_discovery.o(i.ble_db_discovery_close), (36 bytes).
    Removing ble_db_discovery.o(i.ble_db_discovery_evt_register), (60 bytes).
    Removing ble_db_discovery.o(i.ble_db_discovery_init), (40 bytes).
    Removing ble_db_discovery.o(i.ble_db_discovery_on_ble_evt), (124 bytes).
    Removing ble_db_discovery.o(i.ble_db_discovery_start), (148 bytes).
    Removing ble_db_discovery.o(i.characteristics_discover), (80 bytes).
    Removing ble_db_discovery.o(i.descriptors_discover), (178 bytes).
    Removing ble_db_discovery.o(i.discovery_complete_evt_trigger), (164 bytes).
    Removing ble_db_discovery.o(i.discovery_error_evt_trigger), (136 bytes).
    Removing ble_db_discovery.o(i.is_char_discovery_reqd), (30 bytes).
    Removing ble_db_discovery.o(i.is_desc_discovery_reqd), (84 bytes).
    Removing ble_db_discovery.o(i.on_characteristic_discovery_rsp), (278 bytes).
    Removing ble_db_discovery.o(i.on_descriptor_discovery_rsp), (184 bytes).
    Removing ble_db_discovery.o(i.on_primary_srv_discovery_rsp), (88 bytes).
    Removing ble_db_discovery.o(i.on_srv_disc_completion), (132 bytes).
    Removing ble_db_discovery.o(i.pending_user_evts_send), (56 bytes).
    Removing ble_db_discovery.o(i.registered_handler_get), (64 bytes).
    Removing ble_db_discovery.o(i.registered_handler_set), (68 bytes).
    Removing ble_db_discovery.o(.bss), (128 bytes).
    Removing ble_db_discovery.o(.data), (13 bytes).
    Removing nrf_delay.o(.rev16_text), (4 bytes).
    Removing nrf_delay.o(.revsh_text), (4 bytes).
    Removing pstorage.o(.rev16_text), (4 bytes).
    Removing pstorage.o(.revsh_text), (4 bytes).
    Removing pstorage.o(i.pstorage_update), (212 bytes).
    Removing simple_uart.o(.rev16_text), (4 bytes).
    Removing simple_uart.o(.revsh_text), (4 bytes).
    Removing simple_uart.o(i.simple_uart_get), (32 bytes).
    Removing simple_uart.o(i.simple_uart_putstring), (32 bytes).
    Removing app_uart.o(.rev16_text), (4 bytes).
    Removing app_uart.o(.revsh_text), (4 bytes).
    Removing app_uart.o(i.NVIC_SetPriority), (120 bytes).
    Removing app_uart.o(i.app_uart_close), (56 bytes).
    Removing app_uart.o(i.app_uart_flush), (4 bytes).
    Removing app_uart.o(i.app_uart_get), (44 bytes).
    Removing app_uart.o(i.app_uart_get_connection_state), (28 bytes).
    Removing app_uart.o(i.app_uart_init), (516 bytes).
    Removing app_uart.o(i.app_uart_put), (40 bytes).
    Removing app_uart.o(i.gpiote_uart_event_handler), (100 bytes).
    Removing app_uart.o(i.nrf_gpio_cfg_output), (18 bytes).
    Removing app_uart.o(i.uart_no_flow_control_init), (64 bytes).
    Removing app_uart.o(i.uart_standard_flow_control_init), (64 bytes).
    Removing app_error.o(.rev16_text), (4 bytes).
    Removing app_error.o(.revsh_text), (4 bytes).
    Removing app_error.o(i.app_error_handler), (32 bytes).
    Removing app_fifo.o(i.app_fifo_flush), (10 bytes).
    Removing app_fifo.o(i.app_fifo_get), (42 bytes).
    Removing app_fifo.o(i.app_fifo_init), (42 bytes).
    Removing app_fifo.o(i.app_fifo_put), (42 bytes).
    Removing app_fifo.o(i.fifo_length), (10 bytes).
    Removing app_timer.o(.rev16_text), (4 bytes).
    Removing app_timer.o(.revsh_text), (4 bytes).
    Removing app_timer.o(i.app_timer_cnt_diff_compute), (22 bytes).
    Removing app_timer.o(i.app_timer_cnt_get), (14 bytes).
    Removing app_timer.o(i.app_timer_stop), (68 bytes).
    Removing app_timer.o(i.app_timer_stop_all), (32 bytes).
    Removing app_timer.o(i.timer_stop_all_op_schedule), (64 bytes).
    Removing app_timer.o(i.timer_stop_op_schedule), (64 bytes).
    Removing retarget.o(.rev16_text), (4 bytes).
    Removing retarget.o(.revsh_text), (4 bytes).
    Removing retarget.o(i.fgetc), (22 bytes).
    Removing retarget.o(i.fputc), (16 bytes).
    Removing retarget.o(.data), (8 bytes).
    Removing app_gpiote.o(.rev16_text), (4 bytes).
    Removing app_gpiote.o(.revsh_text), (4 bytes).
    Removing app_gpiote.o(i.NVIC_SetPriority), (120 bytes).
    Removing app_gpiote.o(i.app_gpiote_init), (144 bytes).
    Removing app_gpiote.o(i.app_gpiote_pins_state_get), (64 bytes).
    Removing app_gpiote.o(i.app_gpiote_user_disable), (84 bytes).
    Removing app_gpiote.o(i.app_gpiote_user_enable), (252 bytes).
    Removing app_gpiote.o(i.app_gpiote_user_register), (152 bytes).
    Removing app_gpiote.o(i.pins_sense_disable), (104 bytes).
    Removing softdevice_handler.o(.rev16_text), (4 bytes).
    Removing softdevice_handler.o(.revsh_text), (4 bytes).
    Removing softdevice_handler.o(i.softdevice_handler_sd_disable), (28 bytes).

138 unused section(s) (total 13485 bytes) removed from the image.

==============================================================================

Image Symbol Table

    Local Symbols

    Symbol Name                              Value     Ov Type        Size  Object(Section)

    ../clib/microlib/division.c              0x00000000   Number         0  idiv.o ABSOLUTE
    ../clib/microlib/division.c              0x00000000   Number         0  uidiv.o ABSOLUTE
    ../clib/microlib/init/entry.s            0x00000000   Number         0  entry2.o ABSOLUTE
    ../clib/microlib/init/entry.s            0x00000000   Number         0  entry10b.o ABSOLUTE
    ../clib/microlib/init/entry.s            0x00000000   Number         0  entry10a.o ABSOLUTE
    ../clib/microlib/init/entry.s            0x00000000   Number         0  entry.o ABSOLUTE
    ../clib/microlib/init/entry.s            0x00000000   Number         0  entry9b.o ABSOLUTE
    ../clib/microlib/init/entry.s            0x00000000   Number         0  entry9a.o ABSOLUTE
    ../clib/microlib/init/entry.s            0x00000000   Number         0  entry11a.o ABSOLUTE
    ../clib/microlib/init/entry.s            0x00000000   Number         0  entry5.o ABSOLUTE
    ../clib/microlib/init/entry.s            0x00000000   Number         0  entry7b.o ABSOLUTE
    ../clib/microlib/init/entry.s            0x00000000   Number         0  entry8b.o ABSOLUTE
    ../clib/microlib/init/entry.s            0x00000000   Number         0  entry7a.o ABSOLUTE
    ../clib/microlib/init/entry.s            0x00000000   Number         0  entry11b.o ABSOLUTE
    ../clib/microlib/init/entry.s            0x00000000   Number         0  entry8a.o ABSOLUTE
    ../clib/microlib/string/memcmp.c         0x00000000   Number         0  memcmp.o ABSOLUTE
    ../clib/microlib/string/memcpy.c         0x00000000   Number         0  memcpyb.o ABSOLUTE
    ../clib/microlib/string/memcpy.c         0x00000000   Number         0  memcpya.o ABSOLUTE
    ../clib/microlib/string/memset.c         0x00000000   Number         0  memseta.o ABSOLUTE
    ../clib/microlib/string/strlen.c         0x00000000   Number         0  strlen.o ABSOLUTE
    ..\..\..\battery.c                       0x00000000   Number         0  battery.o ABSOLUTE
    ..\..\..\main.c                          0x00000000   Number         0  main.o ABSOLUTE
    ..\..\..\spi_master.c                    0x00000000   Number         0  spi_master.o ABSOLUTE
    ..\\..\\..\\battery.c                    0x00000000   Number         0  battery.o ABSOLUTE
    ..\\..\\..\\main.c                       0x00000000   Number         0  main.o ABSOLUTE
    ..\\..\\..\\spi_master.c                 0x00000000   Number         0  spi_master.o ABSOLUTE
    C:\Keil_v5\ARM\PACK\NordicSemiconductor\nRF_BLE\2.0.0\common\ble_srv_common.c 0x00000000   Number         0  ble_srv_common.o ABSOLUTE
    C:\Keil_v5\ARM\PACK\NordicSemiconductor\nRF_BLE\2.0.0\device_manager\device_manager_central.c 0x00000000   Number         0  device_manager_central.o ABSOLUTE
    C:\Keil_v5\ARM\PACK\NordicSemiconductor\nRF_Drivers\2.0.0\hal\nrf_delay.c 0x00000000   Number         0  nrf_delay.o ABSOLUTE
    C:\\Keil_v5\\ARM\\PACK\\NordicSemiconductor\\nRF_BLE\\2.0.0\\device_manager\\device_manager_central.c 0x00000000   Number         0  device_manager_central.o ABSOLUTE
    C:\\Keil_v5\\ARM\\PACK\\NordicSemiconductor\\nRF_Drivers\\2.0.0\\hal\\nrf_delay.c 0x00000000   Number         0  nrf_delay.o ABSOLUTE
    RTE\Device\nRF51822_xxAA\arm_startup_nrf51.s 0x00000000   Number         0  arm_startup_nrf51.o ABSOLUTE
    RTE\Device\nRF51822_xxAA\system_nrf51.c  0x00000000   Number         0  system_nrf51.o ABSOLUTE
    RTE\\Device\\nRF51822_xxAA\\system_nrf51.c 0x00000000   Number         0  system_nrf51.o ABSOLUTE
    RTE\\nRF_Drivers\\nRF51822_xxAA\\app_uart.c 0x00000000   Number         0  app_uart.o ABSOLUTE
    RTE\\nRF_Drivers\\nRF51822_xxAA\\pstorage.c 0x00000000   Number         0  pstorage.o ABSOLUTE
    RTE\\nRF_Drivers\\nRF51822_xxAA\\simple_uart.c 0x00000000   Number         0  simple_uart.o ABSOLUTE
    RTE\\nRF_Libraries\\nRF51822_xxAA\\app_error.c 0x00000000   Number         0  app_error.o ABSOLUTE
    RTE\\nRF_Libraries\\nRF51822_xxAA\\app_gpiote.c 0x00000000   Number         0  app_gpiote.o ABSOLUTE
    RTE\\nRF_Libraries\\nRF51822_xxAA\\app_timer.c 0x00000000   Number         0  app_timer.o ABSOLUTE
    RTE\\nRF_Libraries\\nRF51822_xxAA\\retarget.c 0x00000000   Number         0  retarget.o ABSOLUTE
    RTE\\nRF_SoftDevice\\nRF51822_xxAA\\softdevice_handler.c 0x00000000   Number         0  softdevice_handler.o ABSOLUTE
    RTE\nRF_BLE\nRF51822_xxAA\ble_db_discovery.c 0x00000000   Number         0  ble_db_discovery.o ABSOLUTE
    RTE\nRF_Drivers\nRF51822_xxAA\app_uart.c 0x00000000   Number         0  app_uart.o ABSOLUTE
    RTE\nRF_Drivers\nRF51822_xxAA\pstorage.c 0x00000000   Number         0  pstorage.o ABSOLUTE
    RTE\nRF_Drivers\nRF51822_xxAA\simple_uart.c 0x00000000   Number         0  simple_uart.o ABSOLUTE
    RTE\nRF_Libraries\nRF51822_xxAA\app_error.c 0x00000000   Number         0  app_error.o ABSOLUTE
    RTE\nRF_Libraries\nRF51822_xxAA\app_fifo.c 0x00000000   Number         0  app_fifo.o ABSOLUTE
    RTE\nRF_Libraries\nRF51822_xxAA\app_gpiote.c 0x00000000   Number         0  app_gpiote.o ABSOLUTE
    RTE\nRF_Libraries\nRF51822_xxAA\app_timer.c 0x00000000   Number         0  app_timer.o ABSOLUTE
    RTE\nRF_Libraries\nRF51822_xxAA\app_trace.c 0x00000000   Number         0  app_trace.o ABSOLUTE
    RTE\nRF_Libraries\nRF51822_xxAA\nrf_assert.c 0x00000000   Number         0  nrf_assert.o ABSOLUTE
    RTE\nRF_Libraries\nRF51822_xxAA\retarget.c 0x00000000   Number         0  retarget.o ABSOLUTE
    RTE\nRF_SoftDevice\nRF51822_xxAA\softdevice_handler.c 0x00000000   Number         0  softdevice_handler.o ABSOLUTE
    dc.s                                     0x00000000   Number         0  dc.o ABSOLUTE
    handlers.s                               0x00000000   Number         0  handlers.o ABSOLUTE
    init.s                                   0x00000000   Number         0  init.o ABSOLUTE
    RESET                                    0x0001d000   Section      192  arm_startup_nrf51.o(RESET)
    .ARM.Collect$$$$00000000                 0x0001d0c0   Section        0  entry.o(.ARM.Collect$$$$00000000)
    .ARM.Collect$$$$00000001                 0x0001d0c0   Section        4  entry2.o(.ARM.Collect$$$$00000001)
    .ARM.Collect$$$$00000004                 0x0001d0c4   Section        4  entry5.o(.ARM.Collect$$$$00000004)
    .ARM.Collect$$$$00000008                 0x0001d0c8   Section        0  entry7b.o(.ARM.Collect$$$$00000008)
    .ARM.Collect$$$$0000000A                 0x0001d0c8   Section        0  entry8b.o(.ARM.Collect$$$$0000000A)
    .ARM.Collect$$$$0000000B                 0x0001d0c8   Section        8  entry9a.o(.ARM.Collect$$$$0000000B)
    .ARM.Collect$$$$0000000D                 0x0001d0d0   Section        0  entry10a.o(.ARM.Collect$$$$0000000D)
    .ARM.Collect$$$$0000000F                 0x0001d0d0   Section        0  entry11a.o(.ARM.Collect$$$$0000000F)
    .ARM.Collect$$$$00002712                 0x0001d0d0   Section        4  entry2.o(.ARM.Collect$$$$00002712)
    __lit__00000000                          0x0001d0d0   Data           4  entry2.o(.ARM.Collect$$$$00002712)
    .emb_text                                0x0001d0d4   Section       30  nrf_delay.o(.emb_text)
    .emb_text                                0x0001d0f4   Section       30  simple_uart.o(.emb_text)
    .emb_text                                0x0001d114   Section       30  app_timer.o(.emb_text)
    .text                                    0x0001d134   Section       56  arm_startup_nrf51.o(.text)
    .text                                    0x0001d16c   Section        0  uidiv.o(.text)
    .text                                    0x0001d198   Section        0  idiv.o(.text)
    .text                                    0x0001d1c0   Section        0  memcpya.o(.text)
    .text                                    0x0001d1e4   Section        0  memseta.o(.text)
    .text                                    0x0001d208   Section       36  init.o(.text)
    i.ADC_IRQHandler                         0x0001d22c   Section        0  battery.o(i.ADC_IRQHandler)
    i.GPIOTE_IRQHandler                      0x0001d274   Section        0  app_gpiote.o(i.GPIOTE_IRQHandler)
    i.NVIC_ClearPendingIRQ                   0x0001d350   Section        0  app_timer.o(i.NVIC_ClearPendingIRQ)
    NVIC_ClearPendingIRQ                     0x0001d351   Thumb Code    14  app_timer.o(i.NVIC_ClearPendingIRQ)
    i.NVIC_EnableIRQ                         0x0001d364   Section        0  app_timer.o(i.NVIC_EnableIRQ)
    NVIC_EnableIRQ                           0x0001d365   Thumb Code    14  app_timer.o(i.NVIC_EnableIRQ)
    i.NVIC_SetPendingIRQ                     0x0001d378   Section        0  app_timer.o(i.NVIC_SetPendingIRQ)
    NVIC_SetPendingIRQ                       0x0001d379   Thumb Code    14  app_timer.o(i.NVIC_SetPendingIRQ)
    i.NVIC_SetPriority                       0x0001d38c   Section        0  app_timer.o(i.NVIC_SetPriority)
    NVIC_SetPriority                         0x0001d38d   Thumb Code   110  app_timer.o(i.NVIC_SetPriority)
    i.NVIC_SystemReset                       0x0001d404   Section        0  main.o(i.NVIC_SystemReset)
    NVIC_SystemReset                         0x0001d405   Thumb Code    18  main.o(i.NVIC_SystemReset)
    i.RTC1_IRQHandler                        0x0001d420   Section        0  app_timer.o(i.RTC1_IRQHandler)
    i.SWI0_IRQHandler                        0x0001d448   Section        0  app_timer.o(i.SWI0_IRQHandler)
    i.SWI2_IRQHandler                        0x0001d450   Section        0  softdevice_handler.o(i.SWI2_IRQHandler)
    i.SystemInit                             0x0001d488   Section        0  system_nrf51.o(i.SystemInit)
    i.UART0_IRQHandler                       0x0001d4c0   Section        0  app_uart.o(i.UART0_IRQHandler)
    i.__ARM_common_switch8                   0x0001d568   Section        0  pstorage.o(i.__ARM_common_switch8)
    i.__scatterload_copy                     0x0001d584   Section       14  handlers.o(i.__scatterload_copy)
    i.__scatterload_null                     0x0001d592   Section        2  handlers.o(i.__scatterload_null)
    i.__scatterload_zeroinit                 0x0001d594   Section       14  handlers.o(i.__scatterload_zeroinit)
    i.action_tx_ready                        0x0001d5a2   Section        0  app_uart.o(i.action_tx_ready)
    action_tx_ready                          0x0001d5a3   Thumb Code     8  app_uart.o(i.action_tx_ready)
    i.action_tx_send                         0x0001d5ac   Section        0  app_uart.o(i.action_tx_send)
    action_tx_send                           0x0001d5ad   Thumb Code    30  app_uart.o(i.action_tx_send)
    i.action_tx_stop                         0x0001d5dc   Section        0  app_uart.o(i.action_tx_stop)
    i.action_uart_deactivate                 0x0001d604   Section        0  app_uart.o(i.action_uart_deactivate)
    action_uart_deactivate                   0x0001d605   Thumb Code    22  app_uart.o(i.action_uart_deactivate)
    i.app_error_handler                      0x0001d628   Section        0  main.o(i.app_error_handler)
    i.app_notify                             0x0001d62c   Section        0  pstorage.o(i.app_notify)
    app_notify                               0x0001d62d   Thumb Code    34  pstorage.o(i.app_notify)
    i.app_timer_create                       0x0001d654   Section        0  app_timer.o(i.app_timer_create)
    i.app_timer_init                         0x0001d6c8   Section        0  app_timer.o(i.app_timer_init)
    i.app_timer_start                        0x0001d7b8   Section        0  app_timer.o(i.app_timer_start)
    i.battery_start                          0x0001d824   Section        0  battery.o(i.battery_start)
    i.ble_evt_dispatch                       0x0001d8ac   Section        0  main.o(i.ble_evt_dispatch)
    ble_evt_dispatch                         0x0001d8ad   Thumb Code   128  main.o(i.ble_evt_dispatch)
    i.char_hex                               0x0001d938   Section        0  main.o(i.char_hex)
    i.cmd_process                            0x0001d950   Section        0  pstorage.o(i.cmd_process)
    cmd_process                              0x0001d951   Thumb Code   346  pstorage.o(i.cmd_process)
    i.cmd_queue_dequeue                      0x0001dab8   Section        0  pstorage.o(i.cmd_queue_dequeue)
    cmd_queue_dequeue                        0x0001dab9   Thumb Code    40  pstorage.o(i.cmd_queue_dequeue)
    i.cmd_queue_element_init                 0x0001dae4   Section        0  pstorage.o(i.cmd_queue_element_init)
    cmd_queue_element_init                   0x0001dae5   Thumb Code    56  pstorage.o(i.cmd_queue_element_init)
    i.cmd_queue_enqueue                      0x0001db20   Section        0  pstorage.o(i.cmd_queue_enqueue)
    cmd_queue_enqueue                        0x0001db21   Thumb Code   148  pstorage.o(i.cmd_queue_enqueue)
    i.cmd_queue_init                         0x0001dbb8   Section        0  pstorage.o(i.cmd_queue_init)
    cmd_queue_init                           0x0001dbb9   Thumb Code    38  pstorage.o(i.cmd_queue_init)
    i.compare_reg_update                     0x0001dbec   Section        0  app_timer.o(i.compare_reg_update)
    compare_reg_update                       0x0001dbed   Thumb Code   124  app_timer.o(i.compare_reg_update)
    i.current_int_priority_get               0x0001dc7c   Section        0  app_timer.o(i.current_int_priority_get)
    current_int_priority_get                 0x0001dc7d   Thumb Code    84  app_timer.o(i.current_int_priority_get)
    i.data_time_get                          0x0001dcd8   Section        0  main.o(i.data_time_get)
    data_time_get                            0x0001dcd9   Thumb Code   312  main.o(i.data_time_get)
    i.elapsed_ticks_acquire                  0x0001dea8   Section        0  app_timer.o(i.elapsed_ticks_acquire)
    elapsed_ticks_acquire                    0x0001dea9   Thumb Code    82  app_timer.o(i.elapsed_ticks_acquire)
    i.example_cb_handler                     0x0001df0c   Section        0  main.o(i.example_cb_handler)
    example_cb_handler                       0x0001df0d   Thumb Code    22  main.o(i.example_cb_handler)
    i.expired_timers_handler                 0x0001df2c   Section        0  app_timer.o(i.expired_timers_handler)
    expired_timers_handler                   0x0001df2d   Thumb Code   100  app_timer.o(i.expired_timers_handler)
    i.gprs_gtm900                            0x0001df98   Section        0  main.o(i.gprs_gtm900)
    i.intern_softdevice_events_execute       0x0001e504   Section        0  softdevice_handler.o(i.intern_softdevice_events_execute)
    i.is_disabled_in_debug_needed            0x0001e5c0   Section        0  system_nrf51.o(i.is_disabled_in_debug_needed)
    is_disabled_in_debug_needed              0x0001e5c1   Thumb Code    52  system_nrf51.o(i.is_disabled_in_debug_needed)
    i.is_manual_peripheral_setup_needed      0x0001e5f8   Section        0  system_nrf51.o(i.is_manual_peripheral_setup_needed)
    is_manual_peripheral_setup_needed        0x0001e5f9   Thumb Code   104  system_nrf51.o(i.is_manual_peripheral_setup_needed)
    i.is_word_aligned                        0x0001e664   Section        0  pstorage.o(i.is_word_aligned)
    is_word_aligned                          0x0001e665   Thumb Code    18  pstorage.o(i.is_word_aligned)
    i.list_deletions_handler                 0x0001e678   Section        0  app_timer.o(i.list_deletions_handler)
    list_deletions_handler                   0x0001e679   Thumb Code   176  app_timer.o(i.list_deletions_handler)
    i.list_insertions_handler                0x0001e738   Section        0  app_timer.o(i.list_insertions_handler)
    list_insertions_handler                  0x0001e739   Thumb Code   276  app_timer.o(i.list_insertions_handler)
    i.main                                   0x0001e868   Section        0  main.o(i.main)
    i.nrf_delay_ms                           0x0001ea6c   Section        0  nrf_delay.o(i.nrf_delay_ms)
    i.nrf_gpio_cfg_input                     0x0001ea88   Section        0  spi_master.o(i.nrf_gpio_cfg_input)
    nrf_gpio_cfg_input                       0x0001ea89   Thumb Code    20  spi_master.o(i.nrf_gpio_cfg_input)
    i.nrf_gpio_cfg_input                     0x0001ea9c   Section        0  simple_uart.o(i.nrf_gpio_cfg_input)
    nrf_gpio_cfg_input                       0x0001ea9d   Thumb Code    20  simple_uart.o(i.nrf_gpio_cfg_input)
    i.nrf_gpio_cfg_output                    0x0001eab0   Section        0  spi_master.o(i.nrf_gpio_cfg_output)
    nrf_gpio_cfg_output                      0x0001eab1   Thumb Code    18  spi_master.o(i.nrf_gpio_cfg_output)
    i.nrf_gpio_cfg_output                    0x0001eac2   Section        0  simple_uart.o(i.nrf_gpio_cfg_output)
    nrf_gpio_cfg_output                      0x0001eac3   Thumb Code    18  simple_uart.o(i.nrf_gpio_cfg_output)
    i.nrf_gpio_pin_clear                     0x0001ead4   Section        0  main.o(i.nrf_gpio_pin_clear)
    nrf_gpio_pin_clear                       0x0001ead5   Thumb Code    10  main.o(i.nrf_gpio_pin_clear)
    i.nrf_gpio_pin_set                       0x0001eae4   Section        0  main.o(i.nrf_gpio_pin_set)
    nrf_gpio_pin_set                         0x0001eae5   Thumb Code    10  main.o(i.nrf_gpio_pin_set)
    i.nrf_gpio_pin_set                       0x0001eaf4   Section        0  spi_master.o(i.nrf_gpio_pin_set)
    nrf_gpio_pin_set                         0x0001eaf5   Thumb Code    10  spi_master.o(i.nrf_gpio_pin_set)
    i.on_cts_high                            0x0001eb04   Section        0  app_uart.o(i.on_cts_high)
    on_cts_high                              0x0001eb05   Thumb Code    36  app_uart.o(i.on_cts_high)
    i.on_cts_low                             0x0001eb2c   Section        0  app_uart.o(i.on_cts_low)
    on_cts_low                               0x0001eb2d   Thumb Code    46  app_uart.o(i.on_cts_low)
    i.on_tx_ready                            0x0001eb68   Section        0  app_uart.o(i.on_tx_ready)
    on_tx_ready                              0x0001eb69   Thumb Code    38  app_uart.o(i.on_tx_ready)
    i.on_uart_close                          0x0001eb94   Section        0  app_uart.o(i.on_uart_close)
    on_uart_close                            0x0001eb95   Thumb Code     8  app_uart.o(i.on_uart_close)
    i.on_uart_event                          0x0001eb9c   Section        0  app_uart.o(i.on_uart_event)
    on_uart_event                            0x0001eb9d   Thumb Code    54  app_uart.o(i.on_uart_event)
    i.on_uart_put                            0x0001ebd4   Section        0  app_uart.o(i.on_uart_put)
    on_uart_put                              0x0001ebd5   Thumb Code    16  app_uart.o(i.on_uart_put)
    i.pstorage_access_status_get             0x0001ebe8   Section        0  pstorage.o(i.pstorage_access_status_get)
    i.pstorage_block_identifier_get          0x0001ec14   Section        0  pstorage.o(i.pstorage_block_identifier_get)
    i.pstorage_clear                         0x0001eca4   Section        0  pstorage.o(i.pstorage_clear)
    i.pstorage_flash_page_end                0x0001ed54   Section        0  pstorage.o(i.pstorage_flash_page_end)
    pstorage_flash_page_end                  0x0001ed55   Thumb Code    36  pstorage.o(i.pstorage_flash_page_end)
    i.pstorage_flash_page_size               0x0001ed7c   Section        0  pstorage.o(i.pstorage_flash_page_size)
    pstorage_flash_page_size                 0x0001ed7d   Thumb Code    10  pstorage.o(i.pstorage_flash_page_size)
    i.pstorage_init                          0x0001ed88   Section        0  pstorage.o(i.pstorage_init)
    i.pstorage_load                          0x0001ee28   Section        0  pstorage.o(i.pstorage_load)
    i.pstorage_register                      0x0001ef14   Section        0  pstorage.o(i.pstorage_register)
    i.pstorage_store                         0x0001f058   Section        0  pstorage.o(i.pstorage_store)
    i.pstorage_sys_event_handler             0x0001f12c   Section        0  pstorage.o(i.pstorage_sys_event_handler)
    i.rtc1_counter_get                       0x0001f2f0   Section        0  app_timer.o(i.rtc1_counter_get)
    rtc1_counter_get                         0x0001f2f1   Thumb Code     6  app_timer.o(i.rtc1_counter_get)
    i.rtc1_init                              0x0001f2fc   Section        0  app_timer.o(i.rtc1_init)
    rtc1_init                                0x0001f2fd   Thumb Code    18  app_timer.o(i.rtc1_init)
    i.rtc1_start                             0x0001f314   Section        0  app_timer.o(i.rtc1_start)
    rtc1_start                               0x0001f315   Thumb Code    48  app_timer.o(i.rtc1_start)
    i.rtc1_stop                              0x0001f350   Section        0  app_timer.o(i.rtc1_stop)
    rtc1_stop                                0x0001f351   Thumb Code    66  app_timer.o(i.rtc1_stop)
    i.sd_role_enable                         0x0001f3a8   Section        0  main.o(i.sd_role_enable)
    sd_role_enable                           0x0001f3a9   Thumb Code   170  main.o(i.sd_role_enable)
    i.send_string                            0x0001f460   Section        0  main.o(i.send_string)
    i.send_string_no_answer                  0x0001f538   Section        0  main.o(i.send_string_no_answer)
    i.sense_level_toggle                     0x0001f54e   Section        0  app_gpiote.o(i.sense_level_toggle)
    sense_level_toggle                       0x0001f54f   Thumb Code   128  app_gpiote.o(i.sense_level_toggle)
    i.simple_uart_config                     0x0001f5d0   Section        0  simple_uart.o(i.simple_uart_config)
    i.simple_uart_get_with_timeout           0x0001f63c   Section        0  simple_uart.o(i.simple_uart_get_with_timeout)
    i.simple_uart_put                        0x0001f684   Section        0  simple_uart.o(i.simple_uart_put)
    i.softdevice_assertion_handler           0x0001f6a4   Section        0  softdevice_handler.o(i.softdevice_assertion_handler)
    i.softdevice_ble_evt_handler_set         0x0001f6b8   Section        0  softdevice_handler.o(i.softdevice_ble_evt_handler_set)
    i.softdevice_handler_init                0x0001f6d0   Section        0  softdevice_handler.o(i.softdevice_handler_init)
    i.softdevice_sys_evt_handler_set         0x0001f738   Section        0  softdevice_handler.o(i.softdevice_sys_evt_handler_set)
    i.spi_master_init                        0x0001f750   Section        0  spi_master.o(i.spi_master_init)
    i.spi_master_tx_rx                       0x0001f854   Section        0  spi_master.o(i.spi_master_tx_rx)
    i.swap_state_process                     0x0001f8e4   Section        0  pstorage.o(i.swap_state_process)
    swap_state_process                       0x0001f8e5   Thumb Code   430  pstorage.o(i.swap_state_process)
    i.sys_evt_dispatch                       0x0001fa98   Section        0  main.o(i.sys_evt_dispatch)
    sys_evt_dispatch                         0x0001fa99   Thumb Code    12  main.o(i.sys_evt_dispatch)
    i.ticks_diff_get                         0x0001faa4   Section        0  app_timer.o(i.ticks_diff_get)
    ticks_diff_get                           0x0001faa5   Thumb Code    10  app_timer.o(i.ticks_diff_get)
    i.timeout_handler_exec                   0x0001fab0   Section        0  app_timer.o(i.timeout_handler_exec)
    timeout_handler_exec                     0x0001fab1   Thumb Code    58  app_timer.o(i.timeout_handler_exec)
    i.timer_list_handler                     0x0001faf0   Section        0  app_timer.o(i.timer_list_handler)
    timer_list_handler                       0x0001faf1   Thumb Code    76  app_timer.o(i.timer_list_handler)
    i.timer_list_handler_sched               0x0001fb48   Section        0  app_timer.o(i.timer_list_handler_sched)
    timer_list_handler_sched                 0x0001fb49   Thumb Code    10  app_timer.o(i.timer_list_handler_sched)
    i.timer_list_insert                      0x0001fb54   Section        0  app_timer.o(i.timer_list_insert)
    timer_list_insert                        0x0001fb55   Thumb Code   212  app_timer.o(i.timer_list_insert)
    i.timer_list_remove                      0x0001fc30   Section        0  app_timer.o(i.timer_list_remove)
    timer_list_remove                        0x0001fc31   Thumb Code   184  app_timer.o(i.timer_list_remove)
    i.timer_start_op_schedule                0x0001fcfc   Section        0  app_timer.o(i.timer_start_op_schedule)
    timer_start_op_schedule                  0x0001fcfd   Thumb Code    80  app_timer.o(i.timer_start_op_schedule)
    i.timer_timeouts_check                   0x0001fd50   Section        0  app_timer.o(i.timer_timeouts_check)
    timer_timeouts_check                     0x0001fd51   Thumb Code   132  app_timer.o(i.timer_timeouts_check)
    i.timer_timeouts_check_sched             0x0001fdec   Section        0  app_timer.o(i.timer_timeouts_check_sched)
    timer_timeouts_check_sched               0x0001fded   Thumb Code    10  app_timer.o(i.timer_timeouts_check_sched)
    i.timers_init                            0x0001fdf8   Section        0  main.o(i.timers_init)
    timers_init                              0x0001fdf9   Thumb Code   114  main.o(i.timers_init)
    i.user_id_get                            0x0001fe80   Section        0  app_timer.o(i.user_id_get)
    user_id_get                              0x0001fe81   Thumb Code    34  app_timer.o(i.user_id_get)
    i.user_op_alloc                          0x0001fea2   Section        0  app_timer.o(i.user_op_alloc)
    user_op_alloc                            0x0001fea3   Thumb Code    44  app_timer.o(i.user_op_alloc)
    i.user_op_enque                          0x0001fece   Section        0  app_timer.o(i.user_op_enque)
    user_op_enque                            0x0001fecf   Thumb Code     4  app_timer.o(i.user_op_enque)
    i.weakup_meantimeout_handler             0x0001fed4   Section        0  main.o(i.weakup_meantimeout_handler)
    weakup_meantimeout_handler               0x0001fed5   Thumb Code   136  main.o(i.weakup_meantimeout_handler)
    i.weakup_timeout_handler                 0x0001ff74   Section        0  main.o(i.weakup_timeout_handler)
    weakup_timeout_handler                   0x0001ff75   Thumb Code   196  main.o(i.weakup_timeout_handler)
    .data                                    0x20002800   Section       72  main.o(.data)
    weakup_timer_id                          0x20002800   Data           4  main.o(.data)
    weakup_meantimer_id                      0x20002804   Data           4  main.o(.data)
    spi_base_address                         0x20002808   Data           4  main.o(.data)
    timer_counter                            0x2000280c   Data           4  main.o(.data)
    time_period_count                        0x20002810   Data           4  main.o(.data)
    rx_count                                 0x20002814   Data           2  main.o(.data)
    month_days                               0x20002816   Data          24  main.o(.data)
    flash_base_handle                        0x20002830   Data           8  main.o(.data)
    pstorage_wait_handle                     0x20002838   Data           4  main.o(.data)
    pstorage_wait_flag                       0x2000283c   Data           1  main.o(.data)
    pstorage_block_id                        0x2000283e   Data           2  main.o(.data)
    pstorage_clear_nextpage                  0x20002840   Data           1  main.o(.data)
    weakup_flag                              0x20002841   Data           1  main.o(.data)
    pstorage_count                           0x20002844   Data           4  main.o(.data)
    .data                                    0x20002848   Section        2  battery.o(.data)
    .data                                    0x2000284c   Section        4  system_nrf51.o(.data)
    __tagsym$$used                           0x2000284c   Number         0  system_nrf51.o(.data)
    .data                                    0x20002850   Section       12  pstorage.o(.data)
    m_next_app_instance                      0x20002850   Data           2  pstorage.o(.data)
    m_next_page_addr                         0x20002854   Data           4  pstorage.o(.data)
    m_round_val                              0x20002858   Data           2  pstorage.o(.data)
    m_module_initialized                     0x2000285a   Data           1  pstorage.o(.data)
    m_swap_state                             0x2000285b   Data           1  pstorage.o(.data)
    .data                                    0x2000285c   Section       17  app_uart.o(.data)
    m_tx_byte                                0x2000285c   Data           1  app_uart.o(.data)
    m_rx_byte                                0x2000285e   Data           2  app_uart.o(.data)
    m_instance_counter                       0x20002860   Data           1  app_uart.o(.data)
    m_gpiote_uid                             0x20002861   Data           1  app_uart.o(.data)
    m_pin_cts_mask                           0x20002864   Data           4  app_uart.o(.data)
    m_event_handler                          0x20002868   Data           4  app_uart.o(.data)
    m_current_state                          0x2000286c   Data           1  app_uart.o(.data)
    .data                                    0x20002870   Section       42  app_timer.o(.data)
    m_node_array_size                        0x20002870   Data           1  app_timer.o(.data)
    mp_nodes                                 0x20002874   Data           4  app_timer.o(.data)
    m_user_array_size                        0x20002878   Data           1  app_timer.o(.data)
    mp_users                                 0x2000287c   Data           4  app_timer.o(.data)
    m_timer_id_head                          0x20002880   Data           4  app_timer.o(.data)
    m_ticks_latest                           0x20002884   Data           4  app_timer.o(.data)
    m_ticks_elapsed                          0x20002888   Data           8  app_timer.o(.data)
    m_ticks_elapsed_q_read_ind               0x20002890   Data           1  app_timer.o(.data)
    m_ticks_elapsed_q_write_ind              0x20002891   Data           1  app_timer.o(.data)
    m_evt_schedule_func                      0x20002894   Data           4  app_timer.o(.data)
    m_rtc1_running                           0x20002898   Data           1  app_timer.o(.data)
    m_rtc1_reset                             0x20002899   Data           1  app_timer.o(.data)
    .data                                    0x2000289c   Section       12  app_gpiote.o(.data)
    m_enabled_users_mask                     0x2000289c   Data           4  app_gpiote.o(.data)
    m_user_array_size                        0x200028a0   Data           1  app_gpiote.o(.data)
    m_user_count                             0x200028a1   Data           1  app_gpiote.o(.data)
    mp_users                                 0x200028a4   Data           4  app_gpiote.o(.data)
    .data                                    0x200028a8   Section       24  softdevice_handler.o(.data)
    m_evt_schedule_func                      0x200028a8   Data           4  softdevice_handler.o(.data)
    m_softdevice_enabled                     0x200028ac   Data           1  softdevice_handler.o(.data)
    mp_ble_evt_buffer                        0x200028b0   Data           4  softdevice_handler.o(.data)
    m_ble_evt_buffer_size                    0x200028b4   Data           2  softdevice_handler.o(.data)
    m_ble_evt_handler                        0x200028b8   Data           4  softdevice_handler.o(.data)
    m_sys_evt_handler                        0x200028bc   Data           4  softdevice_handler.o(.data)
    .bss                                     0x200028c0   Section     1984  main.o(.bss)
    m_scan_param                             0x200028c0   Data          16  main.o(.bss)
    tx_data                                  0x200028d0   Data        1024  main.o(.bss)
    rx_data                                  0x20002cd0   Data         256  main.o(.bss)
    BLE_EVT_BUFFER                           0x20002dd0   Data          72  main.o(.bss)
    APP_TIMER_BUF                            0x20002e18   Data         616  main.o(.bss)
    .bss                                     0x20003080   Section     1804  pstorage.o(.bss)
    m_cmd_queue                              0x20003080   Data         204  pstorage.o(.bss)
    m_app_table                              0x2000314c   Data        1600  pstorage.o(.bss)
    STACK                                    0x20003790   Section     2048  arm_startup_nrf51.o(STACK)

    Global Symbols

    Symbol Name                              Value     Ov Type        Size  Object(Section)

    BuildAttributes$$THM_ISAv3M$S$PE$A:L22$X:L11$S22$IEEE1$IW$USESV6$~STKCKD$USESV7$~SHL$OSPACE$EBA8$MICROLIB$REQ8$PRES8$EABIv2 0x00000000   Number         0  anon$$obj.o ABSOLUTE
    __ARM_use_no_argv                        0x00000000   Number         0  main.o ABSOLUTE
    __cpp_initialize__aeabi_                  - Undefined Weak Reference
    __cxa_finalize                            - Undefined Weak Reference
    __decompress                              - Undefined Weak Reference
    _clock_init                               - Undefined Weak Reference
    _microlib_exit                            - Undefined Weak Reference
    __Vectors_Size                           0x000000c0   Number         0  arm_startup_nrf51.o ABSOLUTE
    __Vectors                                0x0001d000   Data           4  arm_startup_nrf51.o(RESET)
    __Vectors_End                            0x0001d0c0   Data           0  arm_startup_nrf51.o(RESET)
    __main                                   0x0001d0c1   Thumb Code     0  entry.o(.ARM.Collect$$$$00000000)
    _main_stk                                0x0001d0c1   Thumb Code     0  entry2.o(.ARM.Collect$$$$00000001)
    _main_scatterload                        0x0001d0c5   Thumb Code     0  entry5.o(.ARM.Collect$$$$00000004)
    __main_after_scatterload                 0x0001d0c9   Thumb Code     0  entry5.o(.ARM.Collect$$$$00000004)
    _main_clock                              0x0001d0c9   Thumb Code     0  entry7b.o(.ARM.Collect$$$$00000008)
    _main_cpp_init                           0x0001d0c9   Thumb Code     0  entry8b.o(.ARM.Collect$$$$0000000A)
    _main_init                               0x0001d0c9   Thumb Code     0  entry9a.o(.ARM.Collect$$$$0000000B)
    __rt_final_cpp                           0x0001d0d1   Thumb Code     0  entry10a.o(.ARM.Collect$$$$0000000D)
    __rt_final_exit                          0x0001d0d1   Thumb Code     0  entry11a.o(.ARM.Collect$$$$0000000F)
    __asm___11_nrf_delay_c_532987f3__nrf_delay_us 0x0001d0d5   Thumb Code    30  nrf_delay.o(.emb_text)
    __asm___13_simple_uart_c_5dda6715__nrf_delay_us 0x0001d0f5   Thumb Code    30  simple_uart.o(.emb_text)
    __asm___11_app_timer_c_cd27f9c3__nrf_delay_us 0x0001d115   Thumb Code    30  app_timer.o(.emb_text)
    Reset_Handler                            0x0001d135   Thumb Code    26  arm_startup_nrf51.o(.text)
    NMI_Handler                              0x0001d14f   Thumb Code     2  arm_startup_nrf51.o(.text)
    HardFault_Handler                        0x0001d151   Thumb Code     2  arm_startup_nrf51.o(.text)
    SVC_Handler                              0x0001d153   Thumb Code     2  arm_startup_nrf51.o(.text)
    PendSV_Handler                           0x0001d155   Thumb Code     2  arm_startup_nrf51.o(.text)
    SysTick_Handler                          0x0001d157   Thumb Code     2  arm_startup_nrf51.o(.text)
    CCM_AAR_IRQHandler                       0x0001d159   Thumb Code     0  arm_startup_nrf51.o(.text)
    ECB_IRQHandler                           0x0001d159   Thumb Code     0  arm_startup_nrf51.o(.text)
    LPCOMP_IRQHandler                        0x0001d159   Thumb Code     0  arm_startup_nrf51.o(.text)
    POWER_CLOCK_IRQHandler                   0x0001d159   Thumb Code     0  arm_startup_nrf51.o(.text)
    QDEC_IRQHandler                          0x0001d159   Thumb Code     0  arm_startup_nrf51.o(.text)
    RADIO_IRQHandler                         0x0001d159   Thumb Code     0  arm_startup_nrf51.o(.text)
    RNG_IRQHandler                           0x0001d159   Thumb Code     0  arm_startup_nrf51.o(.text)
    RTC0_IRQHandler                          0x0001d159   Thumb Code     0  arm_startup_nrf51.o(.text)
    SPI0_TWI0_IRQHandler                     0x0001d159   Thumb Code     0  arm_startup_nrf51.o(.text)
    SPI1_TWI1_IRQHandler                     0x0001d159   Thumb Code     0  arm_startup_nrf51.o(.text)
    SWI1_IRQHandler                          0x0001d159   Thumb Code     0  arm_startup_nrf51.o(.text)
    SWI3_IRQHandler                          0x0001d159   Thumb Code     0  arm_startup_nrf51.o(.text)
    SWI4_IRQHandler                          0x0001d159   Thumb Code     0  arm_startup_nrf51.o(.text)
    SWI5_IRQHandler                          0x0001d159   Thumb Code     0  arm_startup_nrf51.o(.text)
    TEMP_IRQHandler                          0x0001d159   Thumb Code     0  arm_startup_nrf51.o(.text)
    TIMER0_IRQHandler                        0x0001d159   Thumb Code     0  arm_startup_nrf51.o(.text)
    TIMER1_IRQHandler                        0x0001d159   Thumb Code     0  arm_startup_nrf51.o(.text)
    TIMER2_IRQHandler                        0x0001d159   Thumb Code     0  arm_startup_nrf51.o(.text)
    WDT_IRQHandler                           0x0001d159   Thumb Code     0  arm_startup_nrf51.o(.text)
    __aeabi_uidiv                            0x0001d16d   Thumb Code     0  uidiv.o(.text)
    __aeabi_uidivmod                         0x0001d16d   Thumb Code    44  uidiv.o(.text)
    __aeabi_idiv                             0x0001d199   Thumb Code     0  idiv.o(.text)
    __aeabi_idivmod                          0x0001d199   Thumb Code    40  idiv.o(.text)
    __aeabi_memcpy                           0x0001d1c1   Thumb Code    36  memcpya.o(.text)
    __aeabi_memcpy4                          0x0001d1c1   Thumb Code     0  memcpya.o(.text)
    __aeabi_memcpy8                          0x0001d1c1   Thumb Code     0  memcpya.o(.text)
    __aeabi_memset                           0x0001d1e5   Thumb Code    14  memseta.o(.text)
    __aeabi_memset4                          0x0001d1e5   Thumb Code     0  memseta.o(.text)
    __aeabi_memset8                          0x0001d1e5   Thumb Code     0  memseta.o(.text)
    __aeabi_memclr                           0x0001d1f3   Thumb Code     4  memseta.o(.text)
    __aeabi_memclr4                          0x0001d1f3   Thumb Code     0  memseta.o(.text)
    __aeabi_memclr8                          0x0001d1f3   Thumb Code     0  memseta.o(.text)
    _memset$wrapper                          0x0001d1f7   Thumb Code    18  memseta.o(.text)
    __scatterload                            0x0001d209   Thumb Code    28  init.o(.text)
    __scatterload_rt2                        0x0001d209   Thumb Code     0  init.o(.text)
    ADC_IRQHandler                           0x0001d22d   Thumb Code    54  battery.o(i.ADC_IRQHandler)
    GPIOTE_IRQHandler                        0x0001d275   Thumb Code   200  app_gpiote.o(i.GPIOTE_IRQHandler)
    RTC1_IRQHandler                          0x0001d421   Thumb Code    34  app_timer.o(i.RTC1_IRQHandler)
    SWI0_IRQHandler                          0x0001d449   Thumb Code     8  app_timer.o(i.SWI0_IRQHandler)
    SWI2_IRQHandler                          0x0001d451   Thumb Code    50  softdevice_handler.o(i.SWI2_IRQHandler)
    SystemInit                               0x0001d489   Thumb Code    38  system_nrf51.o(i.SystemInit)
    UART0_IRQHandler                         0x0001d4c1   Thumb Code   148  app_uart.o(i.UART0_IRQHandler)
    __ARM_common_switch8                     0x0001d569   Thumb Code    28  pstorage.o(i.__ARM_common_switch8)
    __scatterload_copy                       0x0001d585   Thumb Code    14  handlers.o(i.__scatterload_copy)
    __scatterload_null                       0x0001d593   Thumb Code     2  handlers.o(i.__scatterload_null)
    __scatterload_zeroinit                   0x0001d595   Thumb Code    14  handlers.o(i.__scatterload_zeroinit)
    action_tx_stop                           0x0001d5dd   Thumb Code    28  app_uart.o(i.action_tx_stop)
    app_error_handler                        0x0001d629   Thumb Code     4  main.o(i.app_error_handler)
    app_timer_create                         0x0001d655   Thumb Code   108  app_timer.o(i.app_timer_create)
    app_timer_init                           0x0001d6c9   Thumb Code   204  app_timer.o(i.app_timer_init)
    app_timer_start                          0x0001d7b9   Thumb Code    98  app_timer.o(i.app_timer_start)
    battery_start                            0x0001d825   Thumb Code   116  battery.o(i.battery_start)
    char_hex                                 0x0001d939   Thumb Code    24  main.o(i.char_hex)
    gprs_gtm900                              0x0001df99   Thumb Code  1382  main.o(i.gprs_gtm900)
    intern_softdevice_events_execute         0x0001e505   Thumb Code   168  softdevice_handler.o(i.intern_softdevice_events_execute)
    main                                     0x0001e869   Thumb Code   364  main.o(i.main)
    nrf_delay_ms                             0x0001ea6d   Thumb Code    24  nrf_delay.o(i.nrf_delay_ms)
    pstorage_access_status_get               0x0001ebe9   Thumb Code    36  pstorage.o(i.pstorage_access_status_get)
    pstorage_block_identifier_get            0x0001ec15   Thumb Code   136  pstorage.o(i.pstorage_block_identifier_get)
    pstorage_clear                           0x0001eca5   Thumb Code   166  pstorage.o(i.pstorage_clear)
    pstorage_init                            0x0001ed89   Thumb Code   130  pstorage.o(i.pstorage_init)
    pstorage_load                            0x0001ee29   Thumb Code   226  pstorage.o(i.pstorage_load)
    pstorage_register                        0x0001ef15   Thumb Code   306  pstorage.o(i.pstorage_register)
    pstorage_store                           0x0001f059   Thumb Code   202  pstorage.o(i.pstorage_store)
    pstorage_sys_event_handler               0x0001f12d   Thumb Code   436  pstorage.o(i.pstorage_sys_event_handler)
    send_string                              0x0001f461   Thumb Code   208  main.o(i.send_string)
    send_string_no_answer                    0x0001f539   Thumb Code    22  main.o(i.send_string_no_answer)
    simple_uart_config                       0x0001f5d1   Thumb Code    90  simple_uart.o(i.simple_uart_config)
    simple_uart_get_with_timeout             0x0001f63d   Thumb Code    62  simple_uart.o(i.simple_uart_get_with_timeout)
    simple_uart_put                          0x0001f685   Thumb Code    22  simple_uart.o(i.simple_uart_put)
    softdevice_assertion_handler             0x0001f6a5   Thumb Code    18  softdevice_handler.o(i.softdevice_assertion_handler)
    softdevice_ble_evt_handler_set           0x0001f6b9   Thumb Code    18  softdevice_handler.o(i.softdevice_ble_evt_handler_set)
    softdevice_handler_init                  0x0001f6d1   Thumb Code    84  softdevice_handler.o(i.softdevice_handler_init)
    softdevice_sys_evt_handler_set           0x0001f739   Thumb Code    18  softdevice_handler.o(i.softdevice_sys_evt_handler_set)
    spi_master_init                          0x0001f751   Thumb Code   250  spi_master.o(i.spi_master_init)
    spi_master_tx_rx                         0x0001f855   Thumb Code   134  spi_master.o(i.spi_master_tx_rx)
    Region$$Table$$Base                      0x00020064   Number         0  anon$$obj.o(Region$$Table)
    Region$$Table$$Limit                     0x00020084   Number         0  anon$$obj.o(Region$$Table)
    batt_lvl_in_milli_volts                  0x20002848   Data           2  battery.o(.data)
    SystemCoreClock                          0x2000284c   Data           4  system_nrf51.o(.data)
    __initial_sp                             0x20003f90   Data           0  arm_startup_nrf51.o(STACK)



==============================================================================

Memory Map of the image

  Image Entry point : 0x0001d0c1

  Load Region LR_IROM1 (Base: 0x0001d000, Size: 0x00003144, Max: 0x00023000, ABSOLUTE)

    Execution Region ER_IROM1 (Base: 0x0001d000, Size: 0x00003084, Max: 0x00023000, ABSOLUTE)

    Base Addr    Size         Type   Attr      Idx    E Section Name        Object

    0x0001d000   0x000000c0   Data   RO          349    RESET               arm_startup_nrf51.o
    0x0001d0c0   0x00000000   Code   RO         1664  * .ARM.Collect$$$$00000000  mc_p.l(entry.o)
    0x0001d0c0   0x00000004   Code   RO         1681    .ARM.Collect$$$$00000001  mc_p.l(entry2.o)
    0x0001d0c4   0x00000004   Code   RO         1684    .ARM.Collect$$$$00000004  mc_p.l(entry5.o)
    0x0001d0c8   0x00000000   Code   RO         1686    .ARM.Collect$$$$00000008  mc_p.l(entry7b.o)
    0x0001d0c8   0x00000000   Code   RO         1688    .ARM.Collect$$$$0000000A  mc_p.l(entry8b.o)
    0x0001d0c8   0x00000008   Code   RO         1689    .ARM.Collect$$$$0000000B  mc_p.l(entry9a.o)
    0x0001d0d0   0x00000000   Code   RO         1691    .ARM.Collect$$$$0000000D  mc_p.l(entry10a.o)
    0x0001d0d0   0x00000000   Code   RO         1693    .ARM.Collect$$$$0000000F  mc_p.l(entry11a.o)
    0x0001d0d0   0x00000004   Code   RO         1682    .ARM.Collect$$$$00002712  mc_p.l(entry2.o)
    0x0001d0d4   0x0000001e   Code   RO          821    .emb_text           nrf_delay.o
    0x0001d0f2   0x00000002   PAD
    0x0001d0f4   0x0000001e   Code   RO          980    .emb_text           simple_uart.o
    0x0001d112   0x00000002   PAD
    0x0001d114   0x0000001e   Code   RO         1257    .emb_text           app_timer.o
    0x0001d132   0x00000002   PAD
    0x0001d134   0x00000038   Code   RO          350    .text               arm_startup_nrf51.o
    0x0001d16c   0x0000002c   Code   RO         1667    .text               mc_p.l(uidiv.o)
    0x0001d198   0x00000028   Code   RO         1669    .text               mc_p.l(idiv.o)
    0x0001d1c0   0x00000024   Code   RO         1671    .text               mc_p.l(memcpya.o)
    0x0001d1e4   0x00000024   Code   RO         1673    .text               mc_p.l(memseta.o)
    0x0001d208   0x00000024   Code   RO         1695    .text               mc_p.l(init.o)
    0x0001d22c   0x00000048   Code   RO          254    i.ADC_IRQHandler    battery.o
    0x0001d274   0x000000dc   Code   RO         1538    i.GPIOTE_IRQHandler  app_gpiote.o
    0x0001d350   0x00000014   Code   RO         1258    i.NVIC_ClearPendingIRQ  app_timer.o
    0x0001d364   0x00000014   Code   RO         1259    i.NVIC_EnableIRQ    app_timer.o
    0x0001d378   0x00000014   Code   RO         1260    i.NVIC_SetPendingIRQ  app_timer.o
    0x0001d38c   0x00000078   Code   RO         1261    i.NVIC_SetPriority  app_timer.o
    0x0001d404   0x0000001c   Code   RO            3    i.NVIC_SystemReset  main.o
    0x0001d420   0x00000028   Code   RO         1262    i.RTC1_IRQHandler   app_timer.o
    0x0001d448   0x00000008   Code   RO         1263    i.SWI0_IRQHandler   app_timer.o
    0x0001d450   0x00000038   Code   RO         1608    i.SWI2_IRQHandler   softdevice_handler.o
    0x0001d488   0x00000038   Code   RO          357    i.SystemInit        system_nrf51.o
    0x0001d4c0   0x000000a8   Code   RO         1045    i.UART0_IRQHandler  app_uart.o
    0x0001d568   0x0000001c   Code   RO          961    i.__ARM_common_switch8  pstorage.o
    0x0001d584   0x0000000e   Code   RO         1699    i.__scatterload_copy  mc_p.l(handlers.o)
    0x0001d592   0x00000002   Code   RO         1700    i.__scatterload_null  mc_p.l(handlers.o)
    0x0001d594   0x0000000e   Code   RO         1701    i.__scatterload_zeroinit  mc_p.l(handlers.o)
    0x0001d5a2   0x00000008   Code   RO         1046    i.action_tx_ready   app_uart.o
    0x0001d5aa   0x00000002   PAD
    0x0001d5ac   0x00000030   Code   RO         1047    i.action_tx_send    app_uart.o
    0x0001d5dc   0x00000028   Code   RO         1048    i.action_tx_stop    app_uart.o
    0x0001d604   0x00000024   Code   RO         1049    i.action_uart_deactivate  app_uart.o
    0x0001d628   0x00000004   Code   RO            4    i.app_error_handler  main.o
    0x0001d62c   0x00000028   Code   RO          845    i.app_notify        pstorage.o
    0x0001d654   0x00000074   Code   RO         1266    i.app_timer_create  app_timer.o
    0x0001d6c8   0x000000f0   Code   RO         1267    i.app_timer_init    app_timer.o
    0x0001d7b8   0x0000006c   Code   RO         1268    i.app_timer_start   app_timer.o
    0x0001d824   0x00000088   Code   RO          255    i.battery_start     battery.o
    0x0001d8ac   0x0000008c   Code   RO            6    i.ble_evt_dispatch  main.o
    0x0001d938   0x00000018   Code   RO            7    i.char_hex          main.o
    0x0001d950   0x00000168   Code   RO          846    i.cmd_process       pstorage.o
    0x0001dab8   0x0000002c   Code   RO          847    i.cmd_queue_dequeue  pstorage.o
    0x0001dae4   0x0000003c   Code   RO          848    i.cmd_queue_element_init  pstorage.o
    0x0001db20   0x00000098   Code   RO          849    i.cmd_queue_enqueue  pstorage.o
    0x0001dbb8   0x00000034   Code   RO          850    i.cmd_queue_init    pstorage.o
    0x0001dbec   0x00000090   Code   RO         1271    i.compare_reg_update  app_timer.o
    0x0001dc7c   0x0000005c   Code   RO         1272    i.current_int_priority_get  app_timer.o
    0x0001dcd8   0x000001d0   Code   RO            8    i.data_time_get     main.o
    0x0001dea8   0x00000064   Code   RO         1273    i.elapsed_ticks_acquire  app_timer.o
    0x0001df0c   0x00000020   Code   RO            9    i.example_cb_handler  main.o
    0x0001df2c   0x0000006c   Code   RO         1274    i.expired_timers_handler  app_timer.o
    0x0001df98   0x0000056c   Code   RO           10    i.gprs_gtm900       main.o
    0x0001e504   0x000000bc   Code   RO         1609    i.intern_softdevice_events_execute  softdevice_handler.o
    0x0001e5c0   0x00000038   Code   RO          358    i.is_disabled_in_debug_needed  system_nrf51.o
    0x0001e5f8   0x0000006c   Code   RO          359    i.is_manual_peripheral_setup_needed  system_nrf51.o
    0x0001e664   0x00000012   Code   RO          851    i.is_word_aligned   pstorage.o
    0x0001e676   0x00000002   PAD
    0x0001e678   0x000000c0   Code   RO         1275    i.list_deletions_handler  app_timer.o
    0x0001e738   0x00000130   Code   RO         1276    i.list_insertions_handler  app_timer.o
    0x0001e868   0x00000204   Code   RO           11    i.main              main.o
    0x0001ea6c   0x0000001c   Code   RO          822    i.nrf_delay_ms      nrf_delay.o
    0x0001ea88   0x00000014   Code   RO          296    i.nrf_gpio_cfg_input  spi_master.o
    0x0001ea9c   0x00000014   Code   RO          981    i.nrf_gpio_cfg_input  simple_uart.o
    0x0001eab0   0x00000012   Code   RO          297    i.nrf_gpio_cfg_output  spi_master.o
    0x0001eac2   0x00000012   Code   RO          982    i.nrf_gpio_cfg_output  simple_uart.o
    0x0001ead4   0x00000010   Code   RO           12    i.nrf_gpio_pin_clear  main.o
    0x0001eae4   0x00000010   Code   RO           13    i.nrf_gpio_pin_set  main.o
    0x0001eaf4   0x00000010   Code   RO          298    i.nrf_gpio_pin_set  spi_master.o
    0x0001eb04   0x00000028   Code   RO         1058    i.on_cts_high       app_uart.o
    0x0001eb2c   0x0000003c   Code   RO         1059    i.on_cts_low        app_uart.o
    0x0001eb68   0x0000002c   Code   RO         1060    i.on_tx_ready       app_uart.o
    0x0001eb94   0x00000008   Code   RO         1061    i.on_uart_close     app_uart.o
    0x0001eb9c   0x00000036   Code   RO         1062    i.on_uart_event     app_uart.o
    0x0001ebd2   0x00000002   PAD
    0x0001ebd4   0x00000014   Code   RO         1063    i.on_uart_put       app_uart.o
    0x0001ebe8   0x0000002c   Code   RO          852    i.pstorage_access_status_get  pstorage.o
    0x0001ec14   0x00000090   Code   RO          853    i.pstorage_block_identifier_get  pstorage.o
    0x0001eca4   0x000000b0   Code   RO          854    i.pstorage_clear    pstorage.o
    0x0001ed54   0x00000028   Code   RO          855    i.pstorage_flash_page_end  pstorage.o
    0x0001ed7c   0x0000000a   Code   RO          856    i.pstorage_flash_page_size  pstorage.o
    0x0001ed86   0x00000002   PAD
    0x0001ed88   0x000000a0   Code   RO          857    i.pstorage_init     pstorage.o
    0x0001ee28   0x000000ec   Code   RO          858    i.pstorage_load     pstorage.o
    0x0001ef14   0x00000144   Code   RO          859    i.pstorage_register  pstorage.o
    0x0001f058   0x000000d4   Code   RO          860    i.pstorage_store    pstorage.o
    0x0001f12c   0x000001c4   Code   RO          861    i.pstorage_sys_event_handler  pstorage.o
    0x0001f2f0   0x0000000c   Code   RO         1277    i.rtc1_counter_get  app_timer.o
    0x0001f2fc   0x00000018   Code   RO         1278    i.rtc1_init         app_timer.o
    0x0001f314   0x0000003c   Code   RO         1279    i.rtc1_start        app_timer.o
    0x0001f350   0x00000058   Code   RO         1280    i.rtc1_stop         app_timer.o
    0x0001f3a8   0x000000b8   Code   RO           14    i.sd_role_enable    main.o
    0x0001f460   0x000000d8   Code   RO           15    i.send_string       main.o
    0x0001f538   0x00000016   Code   RO           16    i.send_string_no_answer  main.o
    0x0001f54e   0x00000080   Code   RO         1546    i.sense_level_toggle  app_gpiote.o
    0x0001f5ce   0x00000002   PAD
    0x0001f5d0   0x0000006c   Code   RO          983    i.simple_uart_config  simple_uart.o
    0x0001f63c   0x00000048   Code   RO          985    i.simple_uart_get_with_timeout  simple_uart.o
    0x0001f684   0x00000020   Code   RO          986    i.simple_uart_put   simple_uart.o
    0x0001f6a4   0x00000012   Code   RO         1610    i.softdevice_assertion_handler  softdevice_handler.o
    0x0001f6b6   0x00000002   PAD
    0x0001f6b8   0x00000018   Code   RO         1611    i.softdevice_ble_evt_handler_set  softdevice_handler.o
    0x0001f6d0   0x00000068   Code   RO         1612    i.softdevice_handler_init  softdevice_handler.o
    0x0001f738   0x00000018   Code   RO         1614    i.softdevice_sys_evt_handler_set  softdevice_handler.o
    0x0001f750   0x00000104   Code   RO          299    i.spi_master_init   spi_master.o
    0x0001f854   0x00000090   Code   RO          300    i.spi_master_tx_rx  spi_master.o
    0x0001f8e4   0x000001b4   Code   RO          863    i.swap_state_process  pstorage.o
    0x0001fa98   0x0000000c   Code   RO           17    i.sys_evt_dispatch  main.o
    0x0001faa4   0x0000000a   Code   RO         1281    i.ticks_diff_get    app_timer.o
    0x0001faae   0x00000002   PAD
    0x0001fab0   0x00000040   Code   RO         1282    i.timeout_handler_exec  app_timer.o
    0x0001faf0   0x00000058   Code   RO         1283    i.timer_list_handler  app_timer.o
    0x0001fb48   0x0000000a   Code   RO         1284    i.timer_list_handler_sched  app_timer.o
    0x0001fb52   0x00000002   PAD
    0x0001fb54   0x000000dc   Code   RO         1285    i.timer_list_insert  app_timer.o
    0x0001fc30   0x000000cc   Code   RO         1286    i.timer_list_remove  app_timer.o
    0x0001fcfc   0x00000054   Code   RO         1287    i.timer_start_op_schedule  app_timer.o
    0x0001fd50   0x0000009c   Code   RO         1290    i.timer_timeouts_check  app_timer.o
    0x0001fdec   0x0000000a   Code   RO         1291    i.timer_timeouts_check_sched  app_timer.o
    0x0001fdf6   0x00000002   PAD
    0x0001fdf8   0x00000088   Code   RO           18    i.timers_init       main.o
    0x0001fe80   0x00000022   Code   RO         1292    i.user_id_get       app_timer.o
    0x0001fea2   0x0000002c   Code   RO         1293    i.user_op_alloc     app_timer.o
    0x0001fece   0x00000004   Code   RO         1294    i.user_op_enque     app_timer.o
    0x0001fed2   0x00000002   PAD
    0x0001fed4   0x000000a0   Code   RO           19    i.weakup_meantimeout_handler  main.o
    0x0001ff74   0x000000f0   Code   RO           20    i.weakup_timeout_handler  main.o
    0x00020064   0x00000020   Data   RO         1697    Region$$Table       anon$$obj.o


    Execution Region RW_IRAM1 (Base: 0x20002800, Size: 0x00001790, Max: 0x00001800, ABSOLUTE)

    Base Addr    Size         Type   Attr      Idx    E Section Name        Object

    0x20002800   0x00000048   Data   RW           22    .data               main.o
    0x20002848   0x00000002   Data   RW          256    .data               battery.o
    0x2000284a   0x00000002   PAD
    0x2000284c   0x00000004   Data   RW          360    .data               system_nrf51.o
    0x20002850   0x0000000c   Data   RW          865    .data               pstorage.o
    0x2000285c   0x00000011   Data   RW         1066    .data               app_uart.o
    0x2000286d   0x00000003   PAD
    0x20002870   0x0000002a   Data   RW         1295    .data               app_timer.o
    0x2000289a   0x00000002   PAD
    0x2000289c   0x0000000c   Data   RW         1547    .data               app_gpiote.o
    0x200028a8   0x00000018   Data   RW         1615    .data               softdevice_handler.o
    0x200028c0   0x000007c0   Zero   RW           21    .bss                main.o
    0x20003080   0x0000070c   Zero   RW          864    .bss                pstorage.o
    0x2000378c   0x00000004   PAD
    0x20003790   0x00000800   Zero   RW          347    STACK               arm_startup_nrf51.o


==============================================================================

Image component sizes


      Code (inc. data)   RO Data    RW Data    ZI Data      Debug   Object Name

       348         20          0         12          0       4160   app_gpiote.o
      2774        306          0         42          0      33138   app_timer.o
       526        100          0         17          0      10144   app_uart.o
        56         18        192          0       2048        672   arm_startup_nrf51.o
       208         38          0          2          0       1451   battery.o
      3598        968          0         72       1984      80478   main.o
        58          4          0          0          0       1599   nrf_delay.o
      2988        176          0         12       1804      19900   pstorage.o
       280         38          0          0          0       6282   simple_uart.o
       414         58          0         24          0       5932   softdevice_handler.o
       458         26          0          0          0       6053   spi_master.o
       220         26          0          4          0       1883   system_nrf51.o

    ----------------------------------------------------------------------
     11954       1778        224        192       5840     171692   Object Totals
         0          0         32          0          0          0   (incl. Generated)
        26          0          0          7          4          0   (incl. Padding)

    ----------------------------------------------------------------------

      Code (inc. data)   RO Data    RW Data    ZI Data      Debug   Library Member Name

         0          0          0          0          0          0   entry.o
         0          0          0          0          0          0   entry10a.o
         0          0          0          0          0          0   entry11a.o
         8          4          0          0          0          0   entry2.o
         4          0          0          0          0          0   entry5.o
         0          0          0          0          0          0   entry7b.o
         0          0          0          0          0          0   entry8b.o
         8          4          0          0          0          0   entry9a.o
        30          0          0          0          0          0   handlers.o
        40          0          0          0          0         72   idiv.o
        36          8          0          0          0         68   init.o
        36          0          0          0          0         60   memcpya.o
        36          0          0          0          0        100   memseta.o
        44          0          0          0          0         72   uidiv.o

    ----------------------------------------------------------------------
       242         16          0          0          0        372   Library Totals
         0          0          0          0          0          0   (incl. Padding)

    ----------------------------------------------------------------------

      Code (inc. data)   RO Data    RW Data    ZI Data      Debug   Library Name

       242         16          0          0          0        372   mc_p.l

    ----------------------------------------------------------------------
       242         16          0          0          0        372   Library Totals

    ----------------------------------------------------------------------

==============================================================================


      Code (inc. data)   RO Data    RW Data    ZI Data      Debug   

     12196       1794        224        192       5840     167572   Grand Totals
     12196       1794        224        192       5840     167572   ELF Image Totals
     12196       1794        224        192          0          0   ROM Totals

==============================================================================

    Total RO  Size (Code + RO Data)                12420 (  12.13kB)
    Total RW  Size (RW Data + ZI Data)              6032 (   5.89kB)
    Total ROM Size (Code + RO Data + RW Data)      12612 (  12.32kB)

==============================================================================

