Product: MDK-ARM Standard 5.10
Component: ARM Compiler 5.04 update 1 (build 49)
Tool: armlink [5040049]

==============================================================================

Section Cross References

    main.o(i.app_error_handler) refers to main.o(i.NVIC_SystemReset) for NVIC_SystemReset
    main.o(i.assert_nrf_callback) refers to main.o(i.app_error_handler) for app_error_handler
    main.o(i.ble_evt_dispatch) refers to main.o(.data) for rx_count
    main.o(i.ble_evt_dispatch) refers to main.o(.bss) for tx_data
    main.o(i.data_time_get) refers to main.o(i.send_string) for send_string
    main.o(i.data_time_get) refers to main.o(i.nrf_gpio_pin_clear) for nrf_gpio_pin_clear
    main.o(i.data_time_get) refers to main.o(.bss) for rx_data
    main.o(i.data_time_get) refers to main.o(.data) for month_days
    main.o(i.example_cb_handler) refers to main.o(.data) for pstorage_wait_handle
    main.o(i.gprs_gtm900) refers to main.o(i.send_string) for send_string
    main.o(i.gprs_gtm900) refers to battery.o(i.battery_start) for battery_start
    main.o(i.gprs_gtm900) refers to uidiv.o(.text) for __aeabi_uidivmod
    main.o(i.gprs_gtm900) refers to main.o(i.char_hex) for char_hex
    main.o(i.gprs_gtm900) refers to main.o(i.send_string_no_answer) for send_string_no_answer
    main.o(i.gprs_gtm900) refers to simple_uart.o(i.simple_uart_put) for simple_uart_put
    main.o(i.gprs_gtm900) refers to pstorage.o(i.pstorage_block_identifier_get) for pstorage_block_identifier_get
    main.o(i.gprs_gtm900) refers to pstorage.o(i.pstorage_load) for pstorage_load
    main.o(i.gprs_gtm900) refers to main.o(.bss) for rx_data
    main.o(i.gprs_gtm900) refers to main.o(.data) for pstorage_block_id
    main.o(i.main) refers to main.o(i.nrf_gpio_pin_set) for nrf_gpio_pin_set
    main.o(i.main) refers to nrf_delay.o(i.nrf_delay_ms) for nrf_delay_ms
    main.o(i.main) refers to spi_master.o(i.spi_master_init) for spi_master_init
    main.o(i.main) refers to spi_master.o(i.spi_master_tx_rx) for spi_master_tx_rx
    main.o(i.main) refers to simple_uart.o(i.simple_uart_config) for simple_uart_config
    main.o(i.main) refers to main.o(i.data_time_get) for data_time_get
    main.o(i.main) refers to main.o(i.NVIC_SystemReset) for NVIC_SystemReset
    main.o(i.main) refers to main.o(i.nrf_gpio_pin_clear) for nrf_gpio_pin_clear
    main.o(i.main) refers to softdevice_handler.o(i.softdevice_handler_init) for softdevice_handler_init
    main.o(i.main) refers to main.o(i.app_error_handler) for app_error_handler
    main.o(i.main) refers to softdevice_handler.o(i.softdevice_ble_evt_handler_set) for softdevice_ble_evt_handler_set
    main.o(i.main) refers to softdevice_handler.o(i.softdevice_sys_evt_handler_set) for softdevice_sys_evt_handler_set
    main.o(i.main) refers to app_timer.o(i.app_timer_init) for app_timer_init
    main.o(i.main) refers to app_timer.o(i.app_timer_create) for app_timer_create
    main.o(i.main) refers to app_timer.o(i.app_timer_start) for app_timer_start
    main.o(i.main) refers to pstorage.o(i.pstorage_init) for pstorage_init
    main.o(i.main) refers to pstorage.o(i.pstorage_register) for pstorage_register
    main.o(i.main) refers to main.o(.data) for spi_base_address
    main.o(i.main) refers to main.o(.bss) for EVT_BUFFER
    main.o(i.main) refers to main.o(i.ble_evt_dispatch) for ble_evt_dispatch
    main.o(i.main) refers to main.o(i.sys_evt_dispatch) for sys_evt_dispatch
    main.o(i.main) refers to main.o(i.weakup_timeout_handler) for weakup_timeout_handler
    main.o(i.main) refers to main.o(i.weakup_meantimeout_handler) for weakup_meantimeout_handler
    main.o(i.main) refers to main.o(i.sim900a_timeout_handler) for sim900a_timeout_handler
    main.o(i.main) refers to main.o(i.example_cb_handler) for example_cb_handler
    main.o(i.scheduler_init) refers to app_scheduler.o(i.app_sched_init) for app_sched_init
    main.o(i.scheduler_init) refers to main.o(i.app_error_handler) for app_error_handler
    main.o(i.scheduler_init) refers to main.o(.bss) for APP_SCHED_BUF
    main.o(i.send_string) refers to memseta.o(.text) for __aeabi_memclr4
    main.o(i.send_string) refers to simple_uart.o(i.simple_uart_put) for simple_uart_put
    main.o(i.send_string) refers to simple_uart.o(i.simple_uart_get_with_timeout) for simple_uart_get_with_timeout
    main.o(i.send_string) refers to main.o(.bss) for rx_data
    main.o(i.send_string_no_answer) refers to simple_uart.o(i.simple_uart_put) for simple_uart_put
    main.o(i.sim900a_timeout_handler) refers to main.o(i.nrf_gpio_pin_clear) for nrf_gpio_pin_clear
    main.o(i.sim900a_timeout_handler) refers to nrf_delay.o(i.nrf_delay_ms) for nrf_delay_ms
    main.o(i.sim900a_timeout_handler) refers to main.o(i.nrf_gpio_pin_set) for nrf_gpio_pin_set
    main.o(i.sim900a_timeout_handler) refers to simple_uart.o(i.simple_uart_config) for simple_uart_config
    main.o(i.sim900a_timeout_handler) refers to main.o(i.gprs_gtm900) for gprs_gtm900
    main.o(i.sim900a_timeout_handler) refers to main.o(i.send_string) for send_string
    main.o(i.sim900a_timeout_handler) refers to memseta.o(.text) for __aeabi_memclr4
    main.o(i.sim900a_timeout_handler) refers to main.o(.bss) for tx_data
    main.o(i.sys_evt_dispatch) refers to pstorage.o(i.pstorage_sys_event_handler) for pstorage_sys_event_handler
    main.o(i.weakup_meantimeout_handler) refers to main.o(i.app_error_handler) for app_error_handler
    main.o(i.weakup_meantimeout_handler) refers to pstorage.o(i.pstorage_block_identifier_get) for pstorage_block_identifier_get
    main.o(i.weakup_meantimeout_handler) refers to pstorage.o(i.pstorage_clear) for pstorage_clear
    main.o(i.weakup_meantimeout_handler) refers to pstorage.o(i.pstorage_store) for pstorage_store
    main.o(i.weakup_meantimeout_handler) refers to main.o(i.sim900a_timeout_handler) for sim900a_timeout_handler
    main.o(i.weakup_meantimeout_handler) refers to main.o(.data) for rx_count
    main.o(i.weakup_meantimeout_handler) refers to main.o(.bss) for tx_data
    main.o(i.weakup_timeout_handler) refers to main.o(i.app_error_handler) for app_error_handler
    main.o(i.weakup_timeout_handler) refers to app_timer.o(i.app_timer_start) for app_timer_start
    main.o(i.weakup_timeout_handler) refers to main.o(.bss) for m_scan_param
    main.o(i.weakup_timeout_handler) refers to main.o(.data) for timer_counter
    spi_master.o(i.spi_master_init) refers to spi_master.o(i.nrf_gpio_cfg_output) for nrf_gpio_cfg_output
    spi_master.o(i.spi_master_init) refers to spi_master.o(i.nrf_gpio_cfg_input) for nrf_gpio_cfg_input
    spi_master.o(i.spi_master_init) refers to spi_master.o(i.nrf_gpio_pin_set) for nrf_gpio_pin_set
    spi_master.o(i.spi_master_tx_rx) refers to spi_master.o(i.nrf_gpio_pin_set) for nrf_gpio_pin_set
    battery.o(i.ADC_IRQHandler) refers to idiv.o(.text) for __aeabi_idivmod
    battery.o(i.ADC_IRQHandler) refers to battery.o(.data) for batt_lvl_in_milli_volts
    battery.o(i.battery_start) refers to uidiv.o(.text) for __aeabi_uidivmod
    battery.o(i.battery_start) refers to battery.o(.data) for batt_lvl_in_milli_volts
    arm_startup_nrf51.o(RESET) refers to arm_startup_nrf51.o(STACK) for __initial_sp
    arm_startup_nrf51.o(RESET) refers to arm_startup_nrf51.o(.text) for Reset_Handler
    arm_startup_nrf51.o(RESET) refers to battery.o(i.ADC_IRQHandler) for ADC_IRQHandler
    arm_startup_nrf51.o(RESET) refers to app_timer.o(i.RTC1_IRQHandler) for RTC1_IRQHandler
    arm_startup_nrf51.o(RESET) refers to app_timer.o(i.SWI0_IRQHandler) for SWI0_IRQHandler
    arm_startup_nrf51.o(RESET) refers to softdevice_handler.o(i.SWI2_IRQHandler) for SWI2_IRQHandler
    arm_startup_nrf51.o(.text) refers to system_nrf51.o(i.SystemInit) for SystemInit
    arm_startup_nrf51.o(.text) refers to entry.o(.ARM.Collect$$$$00000000) for __main
    system_nrf51.o(i.SystemCoreClockUpdate) refers to system_nrf51.o(.data) for SystemCoreClock
    system_nrf51.o(i.SystemInit) refers to system_nrf51.o(i.is_manual_peripheral_setup_needed) for is_manual_peripheral_setup_needed
    system_nrf51.o(i.SystemInit) refers to system_nrf51.o(i.is_disabled_in_debug_needed) for is_disabled_in_debug_needed
    nrf_delay.o(i.nrf_delay_ms) refers to nrf_delay.o(.emb_text) for __asm___11_nrf_delay_c_532987f3__nrf_delay_us
    simple_uart.o(i.simple_uart_config) refers to simple_uart.o(i.nrf_gpio_cfg_output) for nrf_gpio_cfg_output
    simple_uart.o(i.simple_uart_config) refers to simple_uart.o(i.nrf_gpio_cfg_input) for nrf_gpio_cfg_input
    simple_uart.o(i.simple_uart_get_with_timeout) refers to simple_uart.o(.emb_text) for __asm___13_simple_uart_c_5dda6715__nrf_delay_us
    simple_uart.o(i.simple_uart_putstring) refers to simple_uart.o(i.simple_uart_put) for simple_uart_put
    pstorage.o(i.app_notify) refers to pstorage.o(.bss) for m_cmd_queue
    pstorage.o(i.cmd_process) refers to uidiv.o(.text) for __aeabi_uidivmod
    pstorage.o(i.cmd_process) refers to pstorage.o(i.swap_state_process) for swap_state_process
    pstorage.o(i.cmd_process) refers to pstorage.o(.bss) for m_cmd_queue
    pstorage.o(i.cmd_process) refers to pstorage.o(.data) for m_round_val
    pstorage.o(i.cmd_queue_dequeue) refers to pstorage.o(i.cmd_process) for cmd_process
    pstorage.o(i.cmd_queue_dequeue) refers to pstorage.o(.bss) for m_cmd_queue
    pstorage.o(i.cmd_queue_element_init) refers to pstorage.o(.bss) for m_cmd_queue
    pstorage.o(i.cmd_queue_enqueue) refers to pstorage.o(i.cmd_process) for cmd_process
    pstorage.o(i.cmd_queue_enqueue) refers to pstorage.o(.bss) for m_cmd_queue
    pstorage.o(i.cmd_queue_init) refers to pstorage.o(i.cmd_queue_element_init) for cmd_queue_element_init
    pstorage.o(i.cmd_queue_init) refers to pstorage.o(.data) for m_round_val
    pstorage.o(i.cmd_queue_init) refers to pstorage.o(.bss) for m_cmd_queue
    pstorage.o(i.pstorage_access_status_get) refers to pstorage.o(.data) for m_module_initialized
    pstorage.o(i.pstorage_access_status_get) refers to pstorage.o(.bss) for m_cmd_queue
    pstorage.o(i.pstorage_block_identifier_get) refers to pstorage.o(.data) for m_module_initialized
    pstorage.o(i.pstorage_block_identifier_get) refers to pstorage.o(.bss) for m_app_table
    pstorage.o(i.pstorage_clear) refers to pstorage.o(i.is_word_aligned) for is_word_aligned
    pstorage.o(i.pstorage_clear) refers to uidiv.o(.text) for __aeabi_uidivmod
    pstorage.o(i.pstorage_clear) refers to pstorage.o(i.cmd_queue_enqueue) for cmd_queue_enqueue
    pstorage.o(i.pstorage_clear) refers to pstorage.o(.data) for m_module_initialized
    pstorage.o(i.pstorage_clear) refers to pstorage.o(.bss) for m_app_table
    pstorage.o(i.pstorage_init) refers to pstorage.o(i.cmd_queue_init) for cmd_queue_init
    pstorage.o(i.pstorage_init) refers to uidiv.o(.text) for __aeabi_uidivmod
    pstorage.o(i.pstorage_init) refers to pstorage.o(.data) for m_next_app_instance
    pstorage.o(i.pstorage_init) refers to pstorage.o(.bss) for m_app_table
    pstorage.o(i.pstorage_load) refers to pstorage.o(i.is_word_aligned) for is_word_aligned
    pstorage.o(i.pstorage_load) refers to memcpya.o(.text) for __aeabi_memcpy
    pstorage.o(i.pstorage_load) refers to pstorage.o(.data) for m_module_initialized
    pstorage.o(i.pstorage_load) refers to pstorage.o(.bss) for m_app_table
    pstorage.o(i.pstorage_register) refers to uidiv.o(.text) for __aeabi_uidivmod
    pstorage.o(i.pstorage_register) refers to idiv.o(.text) for __aeabi_idivmod
    pstorage.o(i.pstorage_register) refers to pstorage.o(.data) for m_module_initialized
    pstorage.o(i.pstorage_register) refers to pstorage.o(.bss) for m_app_table
    pstorage.o(i.pstorage_store) refers to pstorage.o(i.is_word_aligned) for is_word_aligned
    pstorage.o(i.pstorage_store) refers to pstorage.o(i.cmd_queue_enqueue) for cmd_queue_enqueue
    pstorage.o(i.pstorage_store) refers to pstorage.o(.data) for m_module_initialized
    pstorage.o(i.pstorage_store) refers to pstorage.o(.bss) for m_app_table
    pstorage.o(i.pstorage_sys_event_handler) refers to pstorage.o(i.cmd_queue_dequeue) for cmd_queue_dequeue
    pstorage.o(i.pstorage_sys_event_handler) refers to pstorage.o(i.app_notify) for app_notify
    pstorage.o(i.pstorage_sys_event_handler) refers to pstorage.o(i.cmd_queue_element_init) for cmd_queue_element_init
    pstorage.o(i.pstorage_sys_event_handler) refers to pstorage.o(.bss) for m_cmd_queue
    pstorage.o(i.pstorage_sys_event_handler) refers to pstorage.o(.data) for m_swap_state
    pstorage.o(i.pstorage_update) refers to pstorage.o(i.is_word_aligned) for is_word_aligned
    pstorage.o(i.pstorage_update) refers to pstorage.o(i.cmd_queue_enqueue) for cmd_queue_enqueue
    pstorage.o(i.pstorage_update) refers to pstorage.o(.data) for m_module_initialized
    pstorage.o(i.pstorage_update) refers to pstorage.o(.bss) for m_app_table
    pstorage.o(i.swap_state_process) refers to pstorage.o(i.__ARM_common_switch8) for __ARM_common_switch8
    pstorage.o(i.swap_state_process) refers to uidiv.o(.text) for __aeabi_uidivmod
    pstorage.o(i.swap_state_process) refers to pstorage.o(.data) for m_swap_state
    app_scheduler.o(i.app_sched_event_get) refers to app_scheduler.o(i.next_index) for next_index
    app_scheduler.o(i.app_sched_event_get) refers to app_scheduler.o(.data) for m_queue_end_index
    app_scheduler.o(i.app_sched_event_put) refers to app_scheduler.o(i.current_int_priority_get) for current_int_priority_get
    app_scheduler.o(i.app_sched_event_put) refers to main.o(i.app_error_handler) for app_error_handler
    app_scheduler.o(i.app_sched_event_put) refers to app_scheduler.o(i.next_index) for next_index
    app_scheduler.o(i.app_sched_event_put) refers to memcpya.o(.text) for __aeabi_memcpy
    app_scheduler.o(i.app_sched_event_put) refers to app_scheduler.o(.data) for m_queue_event_size
    app_scheduler.o(i.app_sched_execute) refers to app_scheduler.o(i.app_sched_event_get) for app_sched_event_get
    app_scheduler.o(i.app_sched_init) refers to app_scheduler.o(.data) for m_queue_event_headers
    app_scheduler.o(i.next_index) refers to app_scheduler.o(.data) for m_queue_size
    app_timer.o(i.RTC1_IRQHandler) refers to app_timer.o(i.timer_timeouts_check) for timer_timeouts_check
    app_timer.o(i.SWI0_IRQHandler) refers to app_timer.o(i.timer_list_handler) for timer_list_handler
    app_timer.o(i.app_timer_cnt_diff_compute) refers to app_timer.o(i.ticks_diff_get) for ticks_diff_get
    app_timer.o(i.app_timer_cnt_get) refers to app_timer.o(i.rtc1_counter_get) for rtc1_counter_get
    app_timer.o(i.app_timer_create) refers to app_timer.o(.data) for mp_nodes
    app_timer.o(i.app_timer_init) refers to app_timer.o(i.rtc1_stop) for rtc1_stop
    app_timer.o(i.app_timer_init) refers to app_timer.o(i.NVIC_ClearPendingIRQ) for NVIC_ClearPendingIRQ
    app_timer.o(i.app_timer_init) refers to app_timer.o(i.NVIC_SetPriority) for NVIC_SetPriority
    app_timer.o(i.app_timer_init) refers to app_timer.o(i.NVIC_EnableIRQ) for NVIC_EnableIRQ
    app_timer.o(i.app_timer_init) refers to app_timer.o(i.rtc1_init) for rtc1_init
    app_timer.o(i.app_timer_init) refers to app_timer.o(i.rtc1_counter_get) for rtc1_counter_get
    app_timer.o(i.app_timer_init) refers to app_timer.o(.data) for m_evt_schedule_func
    app_timer.o(i.app_timer_start) refers to app_timer.o(i.user_id_get) for user_id_get
    app_timer.o(i.app_timer_start) refers to app_timer.o(i.timer_start_op_schedule) for timer_start_op_schedule
    app_timer.o(i.app_timer_start) refers to app_timer.o(.data) for mp_nodes
    app_timer.o(i.app_timer_stop) refers to app_timer.o(i.user_id_get) for user_id_get
    app_timer.o(i.app_timer_stop) refers to app_timer.o(i.timer_stop_op_schedule) for timer_stop_op_schedule
    app_timer.o(i.app_timer_stop) refers to app_timer.o(.data) for mp_nodes
    app_timer.o(i.app_timer_stop_all) refers to app_timer.o(i.user_id_get) for user_id_get
    app_timer.o(i.app_timer_stop_all) refers to app_timer.o(i.timer_stop_all_op_schedule) for timer_stop_all_op_schedule
    app_timer.o(i.app_timer_stop_all) refers to app_timer.o(.data) for mp_nodes
    app_timer.o(i.compare_reg_update) refers to app_timer.o(i.rtc1_counter_get) for rtc1_counter_get
    app_timer.o(i.compare_reg_update) refers to app_timer.o(i.ticks_diff_get) for ticks_diff_get
    app_timer.o(i.compare_reg_update) refers to app_timer.o(i.rtc1_start) for rtc1_start
    app_timer.o(i.compare_reg_update) refers to app_timer.o(i.timer_timeouts_check_sched) for timer_timeouts_check_sched
    app_timer.o(i.compare_reg_update) refers to app_timer.o(i.rtc1_stop) for rtc1_stop
    app_timer.o(i.compare_reg_update) refers to app_timer.o(.data) for m_timer_id_head
    app_timer.o(i.elapsed_ticks_acquire) refers to app_timer.o(.data) for m_ticks_elapsed_q_read_ind
    app_timer.o(i.expired_timers_handler) refers to app_timer.o(.data) for m_timer_id_head
    app_timer.o(i.list_deletions_handler) refers to app_timer.o(i.timer_list_remove) for timer_list_remove
    app_timer.o(i.list_deletions_handler) refers to app_timer.o(.data) for m_timer_id_head
    app_timer.o(i.list_insertions_handler) refers to app_timer.o(i.ticks_diff_get) for ticks_diff_get
    app_timer.o(i.list_insertions_handler) refers to app_timer.o(i.timer_list_insert) for timer_list_insert
    app_timer.o(i.list_insertions_handler) refers to app_timer.o(.data) for m_timer_id_head
    app_timer.o(i.rtc1_init) refers to app_timer.o(i.NVIC_SetPriority) for NVIC_SetPriority
    app_timer.o(i.rtc1_start) refers to app_timer.o(i.NVIC_ClearPendingIRQ) for NVIC_ClearPendingIRQ
    app_timer.o(i.rtc1_start) refers to app_timer.o(i.NVIC_EnableIRQ) for NVIC_EnableIRQ
    app_timer.o(i.rtc1_start) refers to app_timer.o(.emb_text) for __asm___11_app_timer_c_cd27f9c3__nrf_delay_us
    app_timer.o(i.rtc1_start) refers to app_timer.o(.data) for m_rtc1_running
    app_timer.o(i.rtc1_stop) refers to app_timer.o(.emb_text) for __asm___11_app_timer_c_cd27f9c3__nrf_delay_us
    app_timer.o(i.rtc1_stop) refers to app_timer.o(.data) for m_ticks_latest
    app_timer.o(i.timeout_handler_exec) refers to main.o(i.app_error_handler) for app_error_handler
    app_timer.o(i.timeout_handler_exec) refers to app_timer.o(.data) for m_evt_schedule_func
    app_timer.o(i.timer_list_handler) refers to app_timer.o(i.elapsed_ticks_acquire) for elapsed_ticks_acquire
    app_timer.o(i.timer_list_handler) refers to app_timer.o(i.list_deletions_handler) for list_deletions_handler
    app_timer.o(i.timer_list_handler) refers to app_timer.o(i.expired_timers_handler) for expired_timers_handler
    app_timer.o(i.timer_list_handler) refers to app_timer.o(i.list_insertions_handler) for list_insertions_handler
    app_timer.o(i.timer_list_handler) refers to app_timer.o(i.compare_reg_update) for compare_reg_update
    app_timer.o(i.timer_list_handler) refers to app_timer.o(.data) for m_ticks_latest
    app_timer.o(i.timer_list_handler_sched) refers to app_timer.o(i.NVIC_SetPendingIRQ) for NVIC_SetPendingIRQ
    app_timer.o(i.timer_list_insert) refers to app_timer.o(.data) for mp_nodes
    app_timer.o(i.timer_list_remove) refers to app_timer.o(.data) for m_timer_id_head
    app_timer.o(i.timer_start_op_schedule) refers to app_timer.o(i.user_op_alloc) for user_op_alloc
    app_timer.o(i.timer_start_op_schedule) refers to app_timer.o(i.rtc1_counter_get) for rtc1_counter_get
    app_timer.o(i.timer_start_op_schedule) refers to app_timer.o(i.user_op_enque) for user_op_enque
    app_timer.o(i.timer_start_op_schedule) refers to app_timer.o(i.timer_list_handler_sched) for timer_list_handler_sched
    app_timer.o(i.timer_start_op_schedule) refers to app_timer.o(.data) for mp_users
    app_timer.o(i.timer_stop_all_op_schedule) refers to app_timer.o(i.user_op_alloc) for user_op_alloc
    app_timer.o(i.timer_stop_all_op_schedule) refers to app_timer.o(i.user_op_enque) for user_op_enque
    app_timer.o(i.timer_stop_all_op_schedule) refers to app_timer.o(i.timer_list_handler_sched) for timer_list_handler_sched
    app_timer.o(i.timer_stop_all_op_schedule) refers to app_timer.o(.data) for mp_users
    app_timer.o(i.timer_stop_op_schedule) refers to app_timer.o(i.user_op_alloc) for user_op_alloc
    app_timer.o(i.timer_stop_op_schedule) refers to app_timer.o(i.user_op_enque) for user_op_enque
    app_timer.o(i.timer_stop_op_schedule) refers to app_timer.o(i.timer_list_handler_sched) for timer_list_handler_sched
    app_timer.o(i.timer_stop_op_schedule) refers to app_timer.o(.data) for mp_users
    app_timer.o(i.timer_timeouts_check) refers to app_timer.o(i.rtc1_counter_get) for rtc1_counter_get
    app_timer.o(i.timer_timeouts_check) refers to app_timer.o(i.ticks_diff_get) for ticks_diff_get
    app_timer.o(i.timer_timeouts_check) refers to app_timer.o(i.timeout_handler_exec) for timeout_handler_exec
    app_timer.o(i.timer_timeouts_check) refers to app_timer.o(i.timer_list_handler_sched) for timer_list_handler_sched
    app_timer.o(i.timer_timeouts_check) refers to app_timer.o(.data) for m_timer_id_head
    app_timer.o(i.timer_timeouts_check_sched) refers to app_timer.o(i.NVIC_SetPendingIRQ) for NVIC_SetPendingIRQ
    app_timer.o(i.user_id_get) refers to app_timer.o(i.current_int_priority_get) for current_int_priority_get
    softdevice_handler.o(i.SWI2_IRQHandler) refers to main.o(i.app_error_handler) for app_error_handler
    softdevice_handler.o(i.SWI2_IRQHandler) refers to softdevice_handler.o(i.intern_softdevice_events_execute) for intern_softdevice_events_execute
    softdevice_handler.o(i.SWI2_IRQHandler) refers to softdevice_handler.o(.data) for m_evt_schedule_func
    softdevice_handler.o(i.intern_softdevice_events_execute) refers to main.o(i.app_error_handler) for app_error_handler
    softdevice_handler.o(i.intern_softdevice_events_execute) refers to softdevice_handler.o(.data) for m_softdevice_enabled
    softdevice_handler.o(i.softdevice_assertion_handler) refers (Weak) to main.o(i.assert_nrf_callback) for assert_nrf_callback
    softdevice_handler.o(i.softdevice_ble_evt_handler_set) refers to softdevice_handler.o(.data) for m_ble_evt_handler
    softdevice_handler.o(i.softdevice_handler_init) refers to softdevice_handler.o(.data) for m_evt_buffer
    softdevice_handler.o(i.softdevice_handler_init) refers to softdevice_handler.o(i.softdevice_assertion_handler) for softdevice_assertion_handler
    softdevice_handler.o(i.softdevice_handler_sd_disable) refers to softdevice_handler.o(.data) for m_softdevice_enabled
    softdevice_handler.o(i.softdevice_sys_evt_handler_set) refers to softdevice_handler.o(.data) for m_sys_evt_handler
    entry.o(.ARM.Collect$$$$00000000) refers (Special) to entry10a.o(.ARM.Collect$$$$0000000D) for __rt_final_cpp
    entry.o(.ARM.Collect$$$$00000000) refers (Special) to entry11a.o(.ARM.Collect$$$$0000000F) for __rt_final_exit
    entry.o(.ARM.Collect$$$$00000000) refers (Special) to entry7b.o(.ARM.Collect$$$$00000008) for _main_clock
    entry.o(.ARM.Collect$$$$00000000) refers (Special) to entry8b.o(.ARM.Collect$$$$0000000A) for _main_cpp_init
    entry.o(.ARM.Collect$$$$00000000) refers (Special) to entry9a.o(.ARM.Collect$$$$0000000B) for _main_init
    entry.o(.ARM.Collect$$$$00000000) refers (Special) to entry5.o(.ARM.Collect$$$$00000004) for _main_scatterload
    entry.o(.ARM.Collect$$$$00000000) refers (Special) to entry2.o(.ARM.Collect$$$$00000001) for _main_stk
    idiv.o(.text) refers to uidiv.o(.text) for __aeabi_uidivmod
    entry2.o(.ARM.Collect$$$$00000001) refers to entry2.o(.ARM.Collect$$$$00002712) for __lit__00000000
    entry2.o(.ARM.Collect$$$$00002712) refers to arm_startup_nrf51.o(STACK) for __initial_sp
    entry2.o(__vectab_stack_and_reset_area) refers to arm_startup_nrf51.o(STACK) for __initial_sp
    entry2.o(__vectab_stack_and_reset_area) refers to entry.o(.ARM.Collect$$$$00000000) for __main
    entry5.o(.ARM.Collect$$$$00000004) refers to init.o(.text) for __scatterload
    entry9a.o(.ARM.Collect$$$$0000000B) refers to main.o(i.main) for main
    entry9b.o(.ARM.Collect$$$$0000000C) refers to main.o(i.main) for main
    init.o(.text) refers to entry5.o(.ARM.Collect$$$$00000004) for __main_after_scatterload


==============================================================================

Removing Unused input sections from the image.

    Removing main.o(.rev16_text), (4 bytes).
    Removing main.o(.revsh_text), (4 bytes).
    Removing main.o(i.assert_nrf_callback), (20 bytes).
    Removing main.o(i.scheduler_init), (48 bytes).
    Removing spi_master.o(.rev16_text), (4 bytes).
    Removing spi_master.o(.revsh_text), (4 bytes).
    Removing spi_master.o(.emb_text), (30 bytes).
    Removing battery.o(.rev16_text), (4 bytes).
    Removing battery.o(.revsh_text), (4 bytes).
    Removing arm_startup_nrf51.o(HEAP), (2048 bytes).
    Removing system_nrf51.o(.rev16_text), (4 bytes).
    Removing system_nrf51.o(.revsh_text), (4 bytes).
    Removing system_nrf51.o(i.SystemCoreClockUpdate), (16 bytes).
    Removing nrf_delay.o(.rev16_text), (4 bytes).
    Removing nrf_delay.o(.revsh_text), (4 bytes).
    Removing simple_uart.o(.rev16_text), (4 bytes).
    Removing simple_uart.o(.revsh_text), (4 bytes).
    Removing simple_uart.o(i.simple_uart_get), (32 bytes).
    Removing simple_uart.o(i.simple_uart_putstring), (32 bytes).
    Removing pstorage.o(.rev16_text), (4 bytes).
    Removing pstorage.o(.revsh_text), (4 bytes).
    Removing pstorage.o(i.pstorage_access_status_get), (44 bytes).
    Removing pstorage.o(i.pstorage_update), (212 bytes).
    Removing app_error.o(.rev16_text), (4 bytes).
    Removing app_error.o(.revsh_text), (4 bytes).
    Removing app_error.o(i.app_error_handler), (32 bytes).
    Removing app_scheduler.o(.rev16_text), (4 bytes).
    Removing app_scheduler.o(.revsh_text), (4 bytes).
    Removing app_scheduler.o(i.app_sched_event_get), (104 bytes).
    Removing app_scheduler.o(i.app_sched_event_put), (264 bytes).
    Removing app_scheduler.o(i.app_sched_execute), (30 bytes).
    Removing app_scheduler.o(i.app_sched_init), (92 bytes).
    Removing app_scheduler.o(i.current_int_priority_get), (92 bytes).
    Removing app_scheduler.o(i.next_index), (24 bytes).
    Removing app_scheduler.o(.data), (14 bytes).
    Removing app_timer.o(.rev16_text), (4 bytes).
    Removing app_timer.o(.revsh_text), (4 bytes).
    Removing app_timer.o(i.app_timer_cnt_diff_compute), (22 bytes).
    Removing app_timer.o(i.app_timer_cnt_get), (14 bytes).
    Removing app_timer.o(i.app_timer_stop), (68 bytes).
    Removing app_timer.o(i.app_timer_stop_all), (32 bytes).
    Removing app_timer.o(i.timer_stop_all_op_schedule), (64 bytes).
    Removing app_timer.o(i.timer_stop_op_schedule), (64 bytes).
    Removing softdevice_handler.o(.rev16_text), (4 bytes).
    Removing softdevice_handler.o(.revsh_text), (4 bytes).
    Removing softdevice_handler.o(i.softdevice_handler_sd_disable), (28 bytes).

46 unused section(s) (total 3514 bytes) removed from the image.

==============================================================================

Image Symbol Table

    Local Symbols

    Symbol Name                              Value     Ov Type        Size  Object(Section)

    ../clib/microlib/division.c              0x00000000   Number         0  idiv.o ABSOLUTE
    ../clib/microlib/division.c              0x00000000   Number         0  uidiv.o ABSOLUTE
    ../clib/microlib/init/entry.s            0x00000000   Number         0  entry7b.o ABSOLUTE
    ../clib/microlib/init/entry.s            0x00000000   Number         0  entry8a.o ABSOLUTE
    ../clib/microlib/init/entry.s            0x00000000   Number         0  entry10b.o ABSOLUTE
    ../clib/microlib/init/entry.s            0x00000000   Number         0  entry7a.o ABSOLUTE
    ../clib/microlib/init/entry.s            0x00000000   Number         0  entry8b.o ABSOLUTE
    ../clib/microlib/init/entry.s            0x00000000   Number         0  entry5.o ABSOLUTE
    ../clib/microlib/init/entry.s            0x00000000   Number         0  entry10a.o ABSOLUTE
    ../clib/microlib/init/entry.s            0x00000000   Number         0  entry11a.o ABSOLUTE
    ../clib/microlib/init/entry.s            0x00000000   Number         0  entry9a.o ABSOLUTE
    ../clib/microlib/init/entry.s            0x00000000   Number         0  entry2.o ABSOLUTE
    ../clib/microlib/init/entry.s            0x00000000   Number         0  entry9b.o ABSOLUTE
    ../clib/microlib/init/entry.s            0x00000000   Number         0  entry11b.o ABSOLUTE
    ../clib/microlib/init/entry.s            0x00000000   Number         0  entry.o ABSOLUTE
    ../clib/microlib/string/memcpy.c         0x00000000   Number         0  memcpyb.o ABSOLUTE
    ../clib/microlib/string/memcpy.c         0x00000000   Number         0  memcpya.o ABSOLUTE
    ../clib/microlib/string/memset.c         0x00000000   Number         0  memseta.o ABSOLUTE
    ..\..\..\battery.c                       0x00000000   Number         0  battery.o ABSOLUTE
    ..\..\..\main.c                          0x00000000   Number         0  main.o ABSOLUTE
    ..\..\..\spi_master.c                    0x00000000   Number         0  spi_master.o ABSOLUTE
    ..\\..\\..\\battery.c                    0x00000000   Number         0  battery.o ABSOLUTE
    ..\\..\\..\\main.c                       0x00000000   Number         0  main.o ABSOLUTE
    ..\\..\\..\\spi_master.c                 0x00000000   Number         0  spi_master.o ABSOLUTE
    C:\Keil_v5\ARM\PACK\NordicSemiconductor\nRF_Drivers\1.2.0\hal\nrf_delay.c 0x00000000   Number         0  nrf_delay.o ABSOLUTE
    C:\\Keil_v5\\ARM\\PACK\\NordicSemiconductor\\nRF_Drivers\\1.2.0\\hal\\nrf_delay.c 0x00000000   Number         0  nrf_delay.o ABSOLUTE
    RTE\Device\nRF51822_xxAA\arm_startup_nrf51.s 0x00000000   Number         0  arm_startup_nrf51.o ABSOLUTE
    RTE\Device\nRF51822_xxAA\system_nrf51.c  0x00000000   Number         0  system_nrf51.o ABSOLUTE
    RTE\\Device\\nRF51822_xxAA\\system_nrf51.c 0x00000000   Number         0  system_nrf51.o ABSOLUTE
    RTE\\nRF_Drivers\\nRF51822_xxAA\\pstorage.c 0x00000000   Number         0  pstorage.o ABSOLUTE
    RTE\\nRF_Drivers\\nRF51822_xxAA\\simple_uart.c 0x00000000   Number         0  simple_uart.o ABSOLUTE
    RTE\\nRF_Libraries\\nRF51822_xxAA\\app_error.c 0x00000000   Number         0  app_error.o ABSOLUTE
    RTE\\nRF_Libraries\\nRF51822_xxAA\\app_scheduler.c 0x00000000   Number         0  app_scheduler.o ABSOLUTE
    RTE\\nRF_Libraries\\nRF51822_xxAA\\app_timer.c 0x00000000   Number         0  app_timer.o ABSOLUTE
    RTE\\nRF_SoftDevice\\nRF51822_xxAA\\softdevice_handler.c 0x00000000   Number         0  softdevice_handler.o ABSOLUTE
    RTE\nRF_Drivers\nRF51822_xxAA\pstorage.c 0x00000000   Number         0  pstorage.o ABSOLUTE
    RTE\nRF_Drivers\nRF51822_xxAA\simple_uart.c 0x00000000   Number         0  simple_uart.o ABSOLUTE
    RTE\nRF_Libraries\nRF51822_xxAA\app_error.c 0x00000000   Number         0  app_error.o ABSOLUTE
    RTE\nRF_Libraries\nRF51822_xxAA\app_scheduler.c 0x00000000   Number         0  app_scheduler.o ABSOLUTE
    RTE\nRF_Libraries\nRF51822_xxAA\app_timer.c 0x00000000   Number         0  app_timer.o ABSOLUTE
    RTE\nRF_Libraries\nRF51822_xxAA\nrf_assert.c 0x00000000   Number         0  nrf_assert.o ABSOLUTE
    RTE\nRF_SoftDevice\nRF51822_xxAA\softdevice_handler.c 0x00000000   Number         0  softdevice_handler.o ABSOLUTE
    dc.s                                     0x00000000   Number         0  dc.o ABSOLUTE
    handlers.s                               0x00000000   Number         0  handlers.o ABSOLUTE
    init.s                                   0x00000000   Number         0  init.o ABSOLUTE
    RESET                                    0x00018000   Section      192  arm_startup_nrf51.o(RESET)
    .ARM.Collect$$$$00000000                 0x000180c0   Section        0  entry.o(.ARM.Collect$$$$00000000)
    .ARM.Collect$$$$00000001                 0x000180c0   Section        4  entry2.o(.ARM.Collect$$$$00000001)
    .ARM.Collect$$$$00000004                 0x000180c4   Section        4  entry5.o(.ARM.Collect$$$$00000004)
    .ARM.Collect$$$$00000008                 0x000180c8   Section        0  entry7b.o(.ARM.Collect$$$$00000008)
    .ARM.Collect$$$$0000000A                 0x000180c8   Section        0  entry8b.o(.ARM.Collect$$$$0000000A)
    .ARM.Collect$$$$0000000B                 0x000180c8   Section        8  entry9a.o(.ARM.Collect$$$$0000000B)
    .ARM.Collect$$$$0000000D                 0x000180d0   Section        0  entry10a.o(.ARM.Collect$$$$0000000D)
    .ARM.Collect$$$$0000000F                 0x000180d0   Section        0  entry11a.o(.ARM.Collect$$$$0000000F)
    .ARM.Collect$$$$00002712                 0x000180d0   Section        4  entry2.o(.ARM.Collect$$$$00002712)
    __lit__00000000                          0x000180d0   Data           4  entry2.o(.ARM.Collect$$$$00002712)
    .emb_text                                0x000180d4   Section       30  nrf_delay.o(.emb_text)
    .emb_text                                0x000180f4   Section       30  simple_uart.o(.emb_text)
    .emb_text                                0x00018114   Section       30  app_timer.o(.emb_text)
    .text                                    0x00018134   Section       56  arm_startup_nrf51.o(.text)
    .text                                    0x0001816c   Section        0  uidiv.o(.text)
    .text                                    0x00018198   Section        0  idiv.o(.text)
    .text                                    0x000181c0   Section        0  memcpya.o(.text)
    .text                                    0x000181e4   Section        0  memseta.o(.text)
    .text                                    0x00018208   Section       36  init.o(.text)
    i.ADC_IRQHandler                         0x0001822c   Section        0  battery.o(i.ADC_IRQHandler)
    i.NVIC_ClearPendingIRQ                   0x00018274   Section        0  app_timer.o(i.NVIC_ClearPendingIRQ)
    NVIC_ClearPendingIRQ                     0x00018275   Thumb Code    14  app_timer.o(i.NVIC_ClearPendingIRQ)
    i.NVIC_EnableIRQ                         0x00018288   Section        0  app_timer.o(i.NVIC_EnableIRQ)
    NVIC_EnableIRQ                           0x00018289   Thumb Code    14  app_timer.o(i.NVIC_EnableIRQ)
    i.NVIC_SetPendingIRQ                     0x0001829c   Section        0  app_timer.o(i.NVIC_SetPendingIRQ)
    NVIC_SetPendingIRQ                       0x0001829d   Thumb Code    14  app_timer.o(i.NVIC_SetPendingIRQ)
    i.NVIC_SetPriority                       0x000182b0   Section        0  app_timer.o(i.NVIC_SetPriority)
    NVIC_SetPriority                         0x000182b1   Thumb Code   110  app_timer.o(i.NVIC_SetPriority)
    i.NVIC_SystemReset                       0x00018328   Section        0  main.o(i.NVIC_SystemReset)
    NVIC_SystemReset                         0x00018329   Thumb Code    18  main.o(i.NVIC_SystemReset)
    i.RTC1_IRQHandler                        0x00018344   Section        0  app_timer.o(i.RTC1_IRQHandler)
    i.SWI0_IRQHandler                        0x0001836c   Section        0  app_timer.o(i.SWI0_IRQHandler)
    i.SWI2_IRQHandler                        0x00018374   Section        0  softdevice_handler.o(i.SWI2_IRQHandler)
    i.SystemInit                             0x000183ac   Section        0  system_nrf51.o(i.SystemInit)
    i.__ARM_common_switch8                   0x000183e4   Section        0  pstorage.o(i.__ARM_common_switch8)
    i.__scatterload_copy                     0x00018400   Section       14  handlers.o(i.__scatterload_copy)
    i.__scatterload_null                     0x0001840e   Section        2  handlers.o(i.__scatterload_null)
    i.__scatterload_zeroinit                 0x00018410   Section       14  handlers.o(i.__scatterload_zeroinit)
    i.app_error_handler                      0x0001841e   Section        0  main.o(i.app_error_handler)
    i.app_notify                             0x00018424   Section        0  pstorage.o(i.app_notify)
    app_notify                               0x00018425   Thumb Code   100  pstorage.o(i.app_notify)
    i.app_timer_create                       0x00018490   Section        0  app_timer.o(i.app_timer_create)
    i.app_timer_init                         0x00018504   Section        0  app_timer.o(i.app_timer_init)
    i.app_timer_start                        0x000185f4   Section        0  app_timer.o(i.app_timer_start)
    i.battery_start                          0x00018660   Section        0  battery.o(i.battery_start)
    i.ble_evt_dispatch                       0x000186e8   Section        0  main.o(i.ble_evt_dispatch)
    ble_evt_dispatch                         0x000186e9   Thumb Code   126  main.o(i.ble_evt_dispatch)
    i.char_hex                               0x00018774   Section        0  main.o(i.char_hex)
    i.cmd_process                            0x0001878c   Section        0  pstorage.o(i.cmd_process)
    cmd_process                              0x0001878d   Thumb Code   360  pstorage.o(i.cmd_process)
    i.cmd_queue_dequeue                      0x00018900   Section        0  pstorage.o(i.cmd_queue_dequeue)
    cmd_queue_dequeue                        0x00018901   Thumb Code    32  pstorage.o(i.cmd_queue_dequeue)
    i.cmd_queue_element_init                 0x00018924   Section        0  pstorage.o(i.cmd_queue_element_init)
    cmd_queue_element_init                   0x00018925   Thumb Code    56  pstorage.o(i.cmd_queue_element_init)
    i.cmd_queue_enqueue                      0x00018960   Section        0  pstorage.o(i.cmd_queue_enqueue)
    cmd_queue_enqueue                        0x00018961   Thumb Code   138  pstorage.o(i.cmd_queue_enqueue)
    i.cmd_queue_init                         0x000189f0   Section        0  pstorage.o(i.cmd_queue_init)
    cmd_queue_init                           0x000189f1   Thumb Code    38  pstorage.o(i.cmd_queue_init)
    i.compare_reg_update                     0x00018a24   Section        0  app_timer.o(i.compare_reg_update)
    compare_reg_update                       0x00018a25   Thumb Code   124  app_timer.o(i.compare_reg_update)
    i.current_int_priority_get               0x00018ab4   Section        0  app_timer.o(i.current_int_priority_get)
    current_int_priority_get                 0x00018ab5   Thumb Code    84  app_timer.o(i.current_int_priority_get)
    i.data_time_get                          0x00018b10   Section        0  main.o(i.data_time_get)
    data_time_get                            0x00018b11   Thumb Code   312  main.o(i.data_time_get)
    i.elapsed_ticks_acquire                  0x00018ce0   Section        0  app_timer.o(i.elapsed_ticks_acquire)
    elapsed_ticks_acquire                    0x00018ce1   Thumb Code    82  app_timer.o(i.elapsed_ticks_acquire)
    i.example_cb_handler                     0x00018d44   Section        0  main.o(i.example_cb_handler)
    example_cb_handler                       0x00018d45   Thumb Code    22  main.o(i.example_cb_handler)
    i.expired_timers_handler                 0x00018d64   Section        0  app_timer.o(i.expired_timers_handler)
    expired_timers_handler                   0x00018d65   Thumb Code   100  app_timer.o(i.expired_timers_handler)
    i.gprs_gtm900                            0x00018dd0   Section        0  main.o(i.gprs_gtm900)
    i.intern_softdevice_events_execute       0x00019298   Section        0  softdevice_handler.o(i.intern_softdevice_events_execute)
    i.is_disabled_in_debug_needed            0x00019354   Section        0  system_nrf51.o(i.is_disabled_in_debug_needed)
    is_disabled_in_debug_needed              0x00019355   Thumb Code    52  system_nrf51.o(i.is_disabled_in_debug_needed)
    i.is_manual_peripheral_setup_needed      0x0001938c   Section        0  system_nrf51.o(i.is_manual_peripheral_setup_needed)
    is_manual_peripheral_setup_needed        0x0001938d   Thumb Code   104  system_nrf51.o(i.is_manual_peripheral_setup_needed)
    i.is_word_aligned                        0x000193f8   Section        0  pstorage.o(i.is_word_aligned)
    is_word_aligned                          0x000193f9   Thumb Code    18  pstorage.o(i.is_word_aligned)
    i.list_deletions_handler                 0x0001940c   Section        0  app_timer.o(i.list_deletions_handler)
    list_deletions_handler                   0x0001940d   Thumb Code   176  app_timer.o(i.list_deletions_handler)
    i.list_insertions_handler                0x000194cc   Section        0  app_timer.o(i.list_insertions_handler)
    list_insertions_handler                  0x000194cd   Thumb Code   276  app_timer.o(i.list_insertions_handler)
    i.main                                   0x000195fc   Section        0  main.o(i.main)
    i.nrf_delay_ms                           0x000197c4   Section        0  nrf_delay.o(i.nrf_delay_ms)
    i.nrf_gpio_cfg_input                     0x000197e0   Section        0  spi_master.o(i.nrf_gpio_cfg_input)
    nrf_gpio_cfg_input                       0x000197e1   Thumb Code    20  spi_master.o(i.nrf_gpio_cfg_input)
    i.nrf_gpio_cfg_input                     0x000197f4   Section        0  simple_uart.o(i.nrf_gpio_cfg_input)
    nrf_gpio_cfg_input                       0x000197f5   Thumb Code    20  simple_uart.o(i.nrf_gpio_cfg_input)
    i.nrf_gpio_cfg_output                    0x00019808   Section        0  spi_master.o(i.nrf_gpio_cfg_output)
    nrf_gpio_cfg_output                      0x00019809   Thumb Code    18  spi_master.o(i.nrf_gpio_cfg_output)
    i.nrf_gpio_cfg_output                    0x0001981a   Section        0  simple_uart.o(i.nrf_gpio_cfg_output)
    nrf_gpio_cfg_output                      0x0001981b   Thumb Code    18  simple_uart.o(i.nrf_gpio_cfg_output)
    i.nrf_gpio_pin_clear                     0x0001982c   Section        0  main.o(i.nrf_gpio_pin_clear)
    nrf_gpio_pin_clear                       0x0001982d   Thumb Code    10  main.o(i.nrf_gpio_pin_clear)
    i.nrf_gpio_pin_set                       0x0001983c   Section        0  main.o(i.nrf_gpio_pin_set)
    nrf_gpio_pin_set                         0x0001983d   Thumb Code    10  main.o(i.nrf_gpio_pin_set)
    i.nrf_gpio_pin_set                       0x0001984c   Section        0  spi_master.o(i.nrf_gpio_pin_set)
    nrf_gpio_pin_set                         0x0001984d   Thumb Code    10  spi_master.o(i.nrf_gpio_pin_set)
    i.pstorage_block_identifier_get          0x0001985c   Section        0  pstorage.o(i.pstorage_block_identifier_get)
    i.pstorage_clear                         0x000198ec   Section        0  pstorage.o(i.pstorage_clear)
    i.pstorage_init                          0x0001999c   Section        0  pstorage.o(i.pstorage_init)
    i.pstorage_load                          0x00019a80   Section        0  pstorage.o(i.pstorage_load)
    i.pstorage_register                      0x00019b6c   Section        0  pstorage.o(i.pstorage_register)
    i.pstorage_store                         0x00019cec   Section        0  pstorage.o(i.pstorage_store)
    i.pstorage_sys_event_handler             0x00019dc0   Section        0  pstorage.o(i.pstorage_sys_event_handler)
    i.rtc1_counter_get                       0x00019f18   Section        0  app_timer.o(i.rtc1_counter_get)
    rtc1_counter_get                         0x00019f19   Thumb Code     6  app_timer.o(i.rtc1_counter_get)
    i.rtc1_init                              0x00019f24   Section        0  app_timer.o(i.rtc1_init)
    rtc1_init                                0x00019f25   Thumb Code    18  app_timer.o(i.rtc1_init)
    i.rtc1_start                             0x00019f3c   Section        0  app_timer.o(i.rtc1_start)
    rtc1_start                               0x00019f3d   Thumb Code    48  app_timer.o(i.rtc1_start)
    i.rtc1_stop                              0x00019f78   Section        0  app_timer.o(i.rtc1_stop)
    rtc1_stop                                0x00019f79   Thumb Code    66  app_timer.o(i.rtc1_stop)
    i.send_string                            0x00019fd0   Section        0  main.o(i.send_string)
    i.send_string_no_answer                  0x0001a0a8   Section        0  main.o(i.send_string_no_answer)
    i.sim900a_timeout_handler                0x0001a0c0   Section        0  main.o(i.sim900a_timeout_handler)
    sim900a_timeout_handler                  0x0001a0c1   Thumb Code    94  main.o(i.sim900a_timeout_handler)
    i.simple_uart_config                     0x0001a164   Section        0  simple_uart.o(i.simple_uart_config)
    i.simple_uart_get_with_timeout           0x0001a1d0   Section        0  simple_uart.o(i.simple_uart_get_with_timeout)
    i.simple_uart_put                        0x0001a218   Section        0  simple_uart.o(i.simple_uart_put)
    i.softdevice_assertion_handler           0x0001a238   Section        0  softdevice_handler.o(i.softdevice_assertion_handler)
    i.softdevice_ble_evt_handler_set         0x0001a24c   Section        0  softdevice_handler.o(i.softdevice_ble_evt_handler_set)
    i.softdevice_handler_init                0x0001a264   Section        0  softdevice_handler.o(i.softdevice_handler_init)
    i.softdevice_sys_evt_handler_set         0x0001a2cc   Section        0  softdevice_handler.o(i.softdevice_sys_evt_handler_set)
    i.spi_master_init                        0x0001a2e4   Section        0  spi_master.o(i.spi_master_init)
    i.spi_master_tx_rx                       0x0001a3e8   Section        0  spi_master.o(i.spi_master_tx_rx)
    i.swap_state_process                     0x0001a478   Section        0  pstorage.o(i.swap_state_process)
    swap_state_process                       0x0001a479   Thumb Code   578  pstorage.o(i.swap_state_process)
    i.sys_evt_dispatch                       0x0001a6c4   Section        0  main.o(i.sys_evt_dispatch)
    sys_evt_dispatch                         0x0001a6c5   Thumb Code    12  main.o(i.sys_evt_dispatch)
    i.ticks_diff_get                         0x0001a6d0   Section        0  app_timer.o(i.ticks_diff_get)
    ticks_diff_get                           0x0001a6d1   Thumb Code    10  app_timer.o(i.ticks_diff_get)
    i.timeout_handler_exec                   0x0001a6dc   Section        0  app_timer.o(i.timeout_handler_exec)
    timeout_handler_exec                     0x0001a6dd   Thumb Code    58  app_timer.o(i.timeout_handler_exec)
    i.timer_list_handler                     0x0001a71c   Section        0  app_timer.o(i.timer_list_handler)
    timer_list_handler                       0x0001a71d   Thumb Code    76  app_timer.o(i.timer_list_handler)
    i.timer_list_handler_sched               0x0001a774   Section        0  app_timer.o(i.timer_list_handler_sched)
    timer_list_handler_sched                 0x0001a775   Thumb Code    10  app_timer.o(i.timer_list_handler_sched)
    i.timer_list_insert                      0x0001a780   Section        0  app_timer.o(i.timer_list_insert)
    timer_list_insert                        0x0001a781   Thumb Code   212  app_timer.o(i.timer_list_insert)
    i.timer_list_remove                      0x0001a85c   Section        0  app_timer.o(i.timer_list_remove)
    timer_list_remove                        0x0001a85d   Thumb Code   184  app_timer.o(i.timer_list_remove)
    i.timer_start_op_schedule                0x0001a928   Section        0  app_timer.o(i.timer_start_op_schedule)
    timer_start_op_schedule                  0x0001a929   Thumb Code    80  app_timer.o(i.timer_start_op_schedule)
    i.timer_timeouts_check                   0x0001a97c   Section        0  app_timer.o(i.timer_timeouts_check)
    timer_timeouts_check                     0x0001a97d   Thumb Code   132  app_timer.o(i.timer_timeouts_check)
    i.timer_timeouts_check_sched             0x0001aa18   Section        0  app_timer.o(i.timer_timeouts_check_sched)
    timer_timeouts_check_sched               0x0001aa19   Thumb Code    10  app_timer.o(i.timer_timeouts_check_sched)
    i.user_id_get                            0x0001aa22   Section        0  app_timer.o(i.user_id_get)
    user_id_get                              0x0001aa23   Thumb Code    34  app_timer.o(i.user_id_get)
    i.user_op_alloc                          0x0001aa44   Section        0  app_timer.o(i.user_op_alloc)
    user_op_alloc                            0x0001aa45   Thumb Code    44  app_timer.o(i.user_op_alloc)
    i.user_op_enque                          0x0001aa70   Section        0  app_timer.o(i.user_op_enque)
    user_op_enque                            0x0001aa71   Thumb Code     4  app_timer.o(i.user_op_enque)
    i.weakup_meantimeout_handler             0x0001aa74   Section        0  main.o(i.weakup_meantimeout_handler)
    weakup_meantimeout_handler               0x0001aa75   Thumb Code   142  main.o(i.weakup_meantimeout_handler)
    i.weakup_timeout_handler                 0x0001ab14   Section        0  main.o(i.weakup_timeout_handler)
    weakup_timeout_handler                   0x0001ab15   Thumb Code    98  main.o(i.weakup_timeout_handler)
    .data                                    0x20002800   Section       72  main.o(.data)
    weakup_timer_id                          0x20002800   Data           4  main.o(.data)
    weakup_meantimer_id                      0x20002804   Data           4  main.o(.data)
    sim900a_timer_id                         0x20002808   Data           4  main.o(.data)
    spi_base_address                         0x2000280c   Data           4  main.o(.data)
    spi_flash_pages                          0x20002810   Data           2  main.o(.data)
    spi_flash_pages_count                    0x20002812   Data           2  main.o(.data)
    timer_counter                            0x20002814   Data           4  main.o(.data)
    rx_count                                 0x20002818   Data           2  main.o(.data)
    month_days                               0x2000281a   Data          24  main.o(.data)
    flash_base_handle                        0x20002834   Data           8  main.o(.data)
    pstorage_wait_handle                     0x2000283c   Data           4  main.o(.data)
    pstorage_wait_flag                       0x20002840   Data           1  main.o(.data)
    pstorage_block_id                        0x20002844   Data           4  main.o(.data)
    .data                                    0x20002848   Section        2  battery.o(.data)
    .data                                    0x2000284c   Section        4  system_nrf51.o(.data)
    __tagsym$$used                           0x2000284c   Number         0  system_nrf51.o(.data)
    .data                                    0x20002850   Section       12  pstorage.o(.data)
    m_next_app_instance                      0x20002850   Data           2  pstorage.o(.data)
    m_next_page_addr                         0x20002854   Data           4  pstorage.o(.data)
    m_round_val                              0x20002858   Data           2  pstorage.o(.data)
    m_module_initialized                     0x2000285a   Data           1  pstorage.o(.data)
    m_swap_state                             0x2000285b   Data           1  pstorage.o(.data)
    .data                                    0x2000285c   Section       42  app_timer.o(.data)
    m_node_array_size                        0x2000285c   Data           1  app_timer.o(.data)
    mp_nodes                                 0x20002860   Data           4  app_timer.o(.data)
    m_user_array_size                        0x20002864   Data           1  app_timer.o(.data)
    mp_users                                 0x20002868   Data           4  app_timer.o(.data)
    m_timer_id_head                          0x2000286c   Data           4  app_timer.o(.data)
    m_ticks_latest                           0x20002870   Data           4  app_timer.o(.data)
    m_ticks_elapsed                          0x20002874   Data           8  app_timer.o(.data)
    m_ticks_elapsed_q_read_ind               0x2000287c   Data           1  app_timer.o(.data)
    m_ticks_elapsed_q_write_ind              0x2000287d   Data           1  app_timer.o(.data)
    m_evt_schedule_func                      0x20002880   Data           4  app_timer.o(.data)
    m_rtc1_running                           0x20002884   Data           1  app_timer.o(.data)
    m_rtc1_reset                             0x20002885   Data           1  app_timer.o(.data)
    .data                                    0x20002888   Section       20  softdevice_handler.o(.data)
    m_evt_schedule_func                      0x20002888   Data           4  softdevice_handler.o(.data)
    m_evt_buffer                             0x2000288c   Data           4  softdevice_handler.o(.data)
    m_ble_evt_buffer_size                    0x20002890   Data           2  softdevice_handler.o(.data)
    m_softdevice_enabled                     0x20002892   Data           1  softdevice_handler.o(.data)
    m_ble_evt_handler                        0x20002894   Data           4  softdevice_handler.o(.data)
    m_sys_evt_handler                        0x20002898   Data           4  softdevice_handler.o(.data)
    .bss                                     0x2000289c   Section     2120  main.o(.bss)
    m_scan_param                             0x2000289c   Data          16  main.o(.bss)
    tx_data                                  0x200028ac   Data        1024  main.o(.bss)
    rx_data                                  0x20002cac   Data         256  main.o(.bss)
    APP_SCHED_BUF                            0x20002dac   Data         176  main.o(.bss)
    EVT_BUFFER                               0x20002e5c   Data          72  main.o(.bss)
    APP_TIMER_BUF                            0x20002ea4   Data         576  main.o(.bss)
    .bss                                     0x200030e4   Section     1804  pstorage.o(.bss)
    m_cmd_queue                              0x200030e4   Data         204  pstorage.o(.bss)
    m_app_table                              0x200031b0   Data        1600  pstorage.o(.bss)
    STACK                                    0x200037f0   Section     2048  arm_startup_nrf51.o(STACK)

    Global Symbols

    Symbol Name                              Value     Ov Type        Size  Object(Section)

    BuildAttributes$$THM_ISAv3M$S$PE$A:L22$X:L11$S22$IEEE1$IW$USESV6$~STKCKD$USESV7$~SHL$OSPACE$EBA8$MICROLIB$REQ8$PRES8$EABIv2 0x00000000   Number         0  anon$$obj.o ABSOLUTE
    __ARM_use_no_argv                        0x00000000   Number         0  main.o ABSOLUTE
    __cpp_initialize__aeabi_                  - Undefined Weak Reference
    __cxa_finalize                            - Undefined Weak Reference
    __decompress                              - Undefined Weak Reference
    _clock_init                               - Undefined Weak Reference
    _microlib_exit                            - Undefined Weak Reference
    __Vectors_Size                           0x000000c0   Number         0  arm_startup_nrf51.o ABSOLUTE
    __Vectors                                0x00018000   Data           4  arm_startup_nrf51.o(RESET)
    __Vectors_End                            0x000180c0   Data           0  arm_startup_nrf51.o(RESET)
    __main                                   0x000180c1   Thumb Code     0  entry.o(.ARM.Collect$$$$00000000)
    _main_stk                                0x000180c1   Thumb Code     0  entry2.o(.ARM.Collect$$$$00000001)
    _main_scatterload                        0x000180c5   Thumb Code     0  entry5.o(.ARM.Collect$$$$00000004)
    __main_after_scatterload                 0x000180c9   Thumb Code     0  entry5.o(.ARM.Collect$$$$00000004)
    _main_clock                              0x000180c9   Thumb Code     0  entry7b.o(.ARM.Collect$$$$00000008)
    _main_cpp_init                           0x000180c9   Thumb Code     0  entry8b.o(.ARM.Collect$$$$0000000A)
    _main_init                               0x000180c9   Thumb Code     0  entry9a.o(.ARM.Collect$$$$0000000B)
    __rt_final_cpp                           0x000180d1   Thumb Code     0  entry10a.o(.ARM.Collect$$$$0000000D)
    __rt_final_exit                          0x000180d1   Thumb Code     0  entry11a.o(.ARM.Collect$$$$0000000F)
    __asm___11_nrf_delay_c_532987f3__nrf_delay_us 0x000180d5   Thumb Code    30  nrf_delay.o(.emb_text)
    __asm___13_simple_uart_c_5dda6715__nrf_delay_us 0x000180f5   Thumb Code    30  simple_uart.o(.emb_text)
    __asm___11_app_timer_c_cd27f9c3__nrf_delay_us 0x00018115   Thumb Code    30  app_timer.o(.emb_text)
    Reset_Handler                            0x00018135   Thumb Code    26  arm_startup_nrf51.o(.text)
    NMI_Handler                              0x0001814f   Thumb Code     2  arm_startup_nrf51.o(.text)
    HardFault_Handler                        0x00018151   Thumb Code     2  arm_startup_nrf51.o(.text)
    SVC_Handler                              0x00018153   Thumb Code     2  arm_startup_nrf51.o(.text)
    PendSV_Handler                           0x00018155   Thumb Code     2  arm_startup_nrf51.o(.text)
    SysTick_Handler                          0x00018157   Thumb Code     2  arm_startup_nrf51.o(.text)
    CCM_AAR_IRQHandler                       0x00018159   Thumb Code     0  arm_startup_nrf51.o(.text)
    ECB_IRQHandler                           0x00018159   Thumb Code     0  arm_startup_nrf51.o(.text)
    GPIOTE_IRQHandler                        0x00018159   Thumb Code     0  arm_startup_nrf51.o(.text)
    LPCOMP_IRQHandler                        0x00018159   Thumb Code     0  arm_startup_nrf51.o(.text)
    POWER_CLOCK_IRQHandler                   0x00018159   Thumb Code     0  arm_startup_nrf51.o(.text)
    QDEC_IRQHandler                          0x00018159   Thumb Code     0  arm_startup_nrf51.o(.text)
    RADIO_IRQHandler                         0x00018159   Thumb Code     0  arm_startup_nrf51.o(.text)
    RNG_IRQHandler                           0x00018159   Thumb Code     0  arm_startup_nrf51.o(.text)
    RTC0_IRQHandler                          0x00018159   Thumb Code     0  arm_startup_nrf51.o(.text)
    SPI0_TWI0_IRQHandler                     0x00018159   Thumb Code     0  arm_startup_nrf51.o(.text)
    SPI1_TWI1_IRQHandler                     0x00018159   Thumb Code     0  arm_startup_nrf51.o(.text)
    SWI1_IRQHandler                          0x00018159   Thumb Code     0  arm_startup_nrf51.o(.text)
    SWI3_IRQHandler                          0x00018159   Thumb Code     0  arm_startup_nrf51.o(.text)
    SWI4_IRQHandler                          0x00018159   Thumb Code     0  arm_startup_nrf51.o(.text)
    SWI5_IRQHandler                          0x00018159   Thumb Code     0  arm_startup_nrf51.o(.text)
    TEMP_IRQHandler                          0x00018159   Thumb Code     0  arm_startup_nrf51.o(.text)
    TIMER0_IRQHandler                        0x00018159   Thumb Code     0  arm_startup_nrf51.o(.text)
    TIMER1_IRQHandler                        0x00018159   Thumb Code     0  arm_startup_nrf51.o(.text)
    TIMER2_IRQHandler                        0x00018159   Thumb Code     0  arm_startup_nrf51.o(.text)
    UART0_IRQHandler                         0x00018159   Thumb Code     0  arm_startup_nrf51.o(.text)
    WDT_IRQHandler                           0x00018159   Thumb Code     0  arm_startup_nrf51.o(.text)
    __aeabi_uidiv                            0x0001816d   Thumb Code     0  uidiv.o(.text)
    __aeabi_uidivmod                         0x0001816d   Thumb Code    44  uidiv.o(.text)
    __aeabi_idiv                             0x00018199   Thumb Code     0  idiv.o(.text)
    __aeabi_idivmod                          0x00018199   Thumb Code    40  idiv.o(.text)
    __aeabi_memcpy                           0x000181c1   Thumb Code    36  memcpya.o(.text)
    __aeabi_memcpy4                          0x000181c1   Thumb Code     0  memcpya.o(.text)
    __aeabi_memcpy8                          0x000181c1   Thumb Code     0  memcpya.o(.text)
    __aeabi_memset                           0x000181e5   Thumb Code    14  memseta.o(.text)
    __aeabi_memset4                          0x000181e5   Thumb Code     0  memseta.o(.text)
    __aeabi_memset8                          0x000181e5   Thumb Code     0  memseta.o(.text)
    __aeabi_memclr                           0x000181f3   Thumb Code     4  memseta.o(.text)
    __aeabi_memclr4                          0x000181f3   Thumb Code     0  memseta.o(.text)
    __aeabi_memclr8                          0x000181f3   Thumb Code     0  memseta.o(.text)
    _memset$wrapper                          0x000181f7   Thumb Code    18  memseta.o(.text)
    __scatterload                            0x00018209   Thumb Code    28  init.o(.text)
    __scatterload_rt2                        0x00018209   Thumb Code     0  init.o(.text)
    ADC_IRQHandler                           0x0001822d   Thumb Code    54  battery.o(i.ADC_IRQHandler)
    RTC1_IRQHandler                          0x00018345   Thumb Code    34  app_timer.o(i.RTC1_IRQHandler)
    SWI0_IRQHandler                          0x0001836d   Thumb Code     8  app_timer.o(i.SWI0_IRQHandler)
    SWI2_IRQHandler                          0x00018375   Thumb Code    50  softdevice_handler.o(i.SWI2_IRQHandler)
    SystemInit                               0x000183ad   Thumb Code    38  system_nrf51.o(i.SystemInit)
    __ARM_common_switch8                     0x000183e5   Thumb Code    28  pstorage.o(i.__ARM_common_switch8)
    __scatterload_copy                       0x00018401   Thumb Code    14  handlers.o(i.__scatterload_copy)
    __scatterload_null                       0x0001840f   Thumb Code     2  handlers.o(i.__scatterload_null)
    __scatterload_zeroinit                   0x00018411   Thumb Code    14  handlers.o(i.__scatterload_zeroinit)
    app_error_handler                        0x0001841f   Thumb Code     4  main.o(i.app_error_handler)
    app_timer_create                         0x00018491   Thumb Code   108  app_timer.o(i.app_timer_create)
    app_timer_init                           0x00018505   Thumb Code   204  app_timer.o(i.app_timer_init)
    app_timer_start                          0x000185f5   Thumb Code    98  app_timer.o(i.app_timer_start)
    battery_start                            0x00018661   Thumb Code   116  battery.o(i.battery_start)
    char_hex                                 0x00018775   Thumb Code    24  main.o(i.char_hex)
    gprs_gtm900                              0x00018dd1   Thumb Code   726  main.o(i.gprs_gtm900)
    intern_softdevice_events_execute         0x00019299   Thumb Code   168  softdevice_handler.o(i.intern_softdevice_events_execute)
    main                                     0x000195fd   Thumb Code   386  main.o(i.main)
    nrf_delay_ms                             0x000197c5   Thumb Code    24  nrf_delay.o(i.nrf_delay_ms)
    pstorage_block_identifier_get            0x0001985d   Thumb Code   136  pstorage.o(i.pstorage_block_identifier_get)
    pstorage_clear                           0x000198ed   Thumb Code   166  pstorage.o(i.pstorage_clear)
    pstorage_init                            0x0001999d   Thumb Code   196  pstorage.o(i.pstorage_init)
    pstorage_load                            0x00019a81   Thumb Code   226  pstorage.o(i.pstorage_load)
    pstorage_register                        0x00019b6d   Thumb Code   362  pstorage.o(i.pstorage_register)
    pstorage_store                           0x00019ced   Thumb Code   202  pstorage.o(i.pstorage_store)
    pstorage_sys_event_handler               0x00019dc1   Thumb Code   326  pstorage.o(i.pstorage_sys_event_handler)
    send_string                              0x00019fd1   Thumb Code   208  main.o(i.send_string)
    send_string_no_answer                    0x0001a0a9   Thumb Code    22  main.o(i.send_string_no_answer)
    simple_uart_config                       0x0001a165   Thumb Code    90  simple_uart.o(i.simple_uart_config)
    simple_uart_get_with_timeout             0x0001a1d1   Thumb Code    62  simple_uart.o(i.simple_uart_get_with_timeout)
    simple_uart_put                          0x0001a219   Thumb Code    22  simple_uart.o(i.simple_uart_put)
    softdevice_assertion_handler             0x0001a239   Thumb Code    18  softdevice_handler.o(i.softdevice_assertion_handler)
    softdevice_ble_evt_handler_set           0x0001a24d   Thumb Code    18  softdevice_handler.o(i.softdevice_ble_evt_handler_set)
    softdevice_handler_init                  0x0001a265   Thumb Code    84  softdevice_handler.o(i.softdevice_handler_init)
    softdevice_sys_evt_handler_set           0x0001a2cd   Thumb Code    18  softdevice_handler.o(i.softdevice_sys_evt_handler_set)
    spi_master_init                          0x0001a2e5   Thumb Code   250  spi_master.o(i.spi_master_init)
    spi_master_tx_rx                         0x0001a3e9   Thumb Code   134  spi_master.o(i.spi_master_tx_rx)
    Region$$Table$$Base                      0x0001ab88   Number         0  anon$$obj.o(Region$$Table)
    Region$$Table$$Limit                     0x0001aba8   Number         0  anon$$obj.o(Region$$Table)
    batt_lvl_in_milli_volts                  0x20002848   Data           2  battery.o(.data)
    SystemCoreClock                          0x2000284c   Data           4  system_nrf51.o(.data)
    __initial_sp                             0x20003ff0   Data           0  arm_startup_nrf51.o(STACK)



==============================================================================

Memory Map of the image

  Image Entry point : 0x000180c1

  Load Region LR_IROM1 (Base: 0x00018000, Size: 0x00002c44, Max: 0x00027000, ABSOLUTE)

    Execution Region ER_IROM1 (Base: 0x00018000, Size: 0x00002ba8, Max: 0x00027000, ABSOLUTE)

    Base Addr    Size         Type   Attr      Idx    E Section Name        Object

    0x00018000   0x000000c0   Data   RO          358    RESET               arm_startup_nrf51.o
    0x000180c0   0x00000000   Code   RO         1004  * .ARM.Collect$$$$00000000  mc_p.l(entry.o)
    0x000180c0   0x00000004   Code   RO         1017    .ARM.Collect$$$$00000001  mc_p.l(entry2.o)
    0x000180c4   0x00000004   Code   RO         1020    .ARM.Collect$$$$00000004  mc_p.l(entry5.o)
    0x000180c8   0x00000000   Code   RO         1022    .ARM.Collect$$$$00000008  mc_p.l(entry7b.o)
    0x000180c8   0x00000000   Code   RO         1024    .ARM.Collect$$$$0000000A  mc_p.l(entry8b.o)
    0x000180c8   0x00000008   Code   RO         1025    .ARM.Collect$$$$0000000B  mc_p.l(entry9a.o)
    0x000180d0   0x00000000   Code   RO         1027    .ARM.Collect$$$$0000000D  mc_p.l(entry10a.o)
    0x000180d0   0x00000000   Code   RO         1029    .ARM.Collect$$$$0000000F  mc_p.l(entry11a.o)
    0x000180d0   0x00000004   Code   RO         1018    .ARM.Collect$$$$00002712  mc_p.l(entry2.o)
    0x000180d4   0x0000001e   Code   RO          416    .emb_text           nrf_delay.o
    0x000180f2   0x00000002   PAD
    0x000180f4   0x0000001e   Code   RO          443    .emb_text           simple_uart.o
    0x00018112   0x00000002   PAD
    0x00018114   0x0000001e   Code   RO          722    .emb_text           app_timer.o
    0x00018132   0x00000002   PAD
    0x00018134   0x00000038   Code   RO          359    .text               arm_startup_nrf51.o
    0x0001816c   0x0000002c   Code   RO         1007    .text               mc_p.l(uidiv.o)
    0x00018198   0x00000028   Code   RO         1009    .text               mc_p.l(idiv.o)
    0x000181c0   0x00000024   Code   RO         1011    .text               mc_p.l(memcpya.o)
    0x000181e4   0x00000024   Code   RO         1013    .text               mc_p.l(memseta.o)
    0x00018208   0x00000024   Code   RO         1031    .text               mc_p.l(init.o)
    0x0001822c   0x00000048   Code   RO          323    i.ADC_IRQHandler    battery.o
    0x00018274   0x00000014   Code   RO          723    i.NVIC_ClearPendingIRQ  app_timer.o
    0x00018288   0x00000014   Code   RO          724    i.NVIC_EnableIRQ    app_timer.o
    0x0001829c   0x00000014   Code   RO          725    i.NVIC_SetPendingIRQ  app_timer.o
    0x000182b0   0x00000078   Code   RO          726    i.NVIC_SetPriority  app_timer.o
    0x00018328   0x0000001c   Code   RO            3    i.NVIC_SystemReset  main.o
    0x00018344   0x00000028   Code   RO          727    i.RTC1_IRQHandler   app_timer.o
    0x0001836c   0x00000008   Code   RO          728    i.SWI0_IRQHandler   app_timer.o
    0x00018374   0x00000038   Code   RO          948    i.SWI2_IRQHandler   softdevice_handler.o
    0x000183ac   0x00000038   Code   RO          366    i.SystemInit        system_nrf51.o
    0x000183e4   0x0000001c   Code   RO          613    i.__ARM_common_switch8  pstorage.o
    0x00018400   0x0000000e   Code   RO         1035    i.__scatterload_copy  mc_p.l(handlers.o)
    0x0001840e   0x00000002   Code   RO         1036    i.__scatterload_null  mc_p.l(handlers.o)
    0x00018410   0x0000000e   Code   RO         1037    i.__scatterload_zeroinit  mc_p.l(handlers.o)
    0x0001841e   0x00000004   Code   RO            4    i.app_error_handler  main.o
    0x00018422   0x00000002   PAD
    0x00018424   0x0000006c   Code   RO          507    i.app_notify        pstorage.o
    0x00018490   0x00000074   Code   RO          731    i.app_timer_create  app_timer.o
    0x00018504   0x000000f0   Code   RO          732    i.app_timer_init    app_timer.o
    0x000185f4   0x0000006c   Code   RO          733    i.app_timer_start   app_timer.o
    0x00018660   0x00000088   Code   RO          324    i.battery_start     battery.o
    0x000186e8   0x0000008c   Code   RO            6    i.ble_evt_dispatch  main.o
    0x00018774   0x00000018   Code   RO            7    i.char_hex          main.o
    0x0001878c   0x00000174   Code   RO          508    i.cmd_process       pstorage.o
    0x00018900   0x00000024   Code   RO          509    i.cmd_queue_dequeue  pstorage.o
    0x00018924   0x0000003c   Code   RO          510    i.cmd_queue_element_init  pstorage.o
    0x00018960   0x00000090   Code   RO          511    i.cmd_queue_enqueue  pstorage.o
    0x000189f0   0x00000034   Code   RO          512    i.cmd_queue_init    pstorage.o
    0x00018a24   0x00000090   Code   RO          736    i.compare_reg_update  app_timer.o
    0x00018ab4   0x0000005c   Code   RO          737    i.current_int_priority_get  app_timer.o
    0x00018b10   0x000001d0   Code   RO            8    i.data_time_get     main.o
    0x00018ce0   0x00000064   Code   RO          738    i.elapsed_ticks_acquire  app_timer.o
    0x00018d44   0x00000020   Code   RO            9    i.example_cb_handler  main.o
    0x00018d64   0x0000006c   Code   RO          739    i.expired_timers_handler  app_timer.o
    0x00018dd0   0x000004c8   Code   RO           10    i.gprs_gtm900       main.o
    0x00019298   0x000000bc   Code   RO          949    i.intern_softdevice_events_execute  softdevice_handler.o
    0x00019354   0x00000038   Code   RO          367    i.is_disabled_in_debug_needed  system_nrf51.o
    0x0001938c   0x0000006c   Code   RO          368    i.is_manual_peripheral_setup_needed  system_nrf51.o
    0x000193f8   0x00000012   Code   RO          513    i.is_word_aligned   pstorage.o
    0x0001940a   0x00000002   PAD
    0x0001940c   0x000000c0   Code   RO          740    i.list_deletions_handler  app_timer.o
    0x000194cc   0x00000130   Code   RO          741    i.list_insertions_handler  app_timer.o
    0x000195fc   0x000001c8   Code   RO           11    i.main              main.o
    0x000197c4   0x0000001c   Code   RO          417    i.nrf_delay_ms      nrf_delay.o
    0x000197e0   0x00000014   Code   RO          252    i.nrf_gpio_cfg_input  spi_master.o
    0x000197f4   0x00000014   Code   RO          444    i.nrf_gpio_cfg_input  simple_uart.o
    0x00019808   0x00000012   Code   RO          253    i.nrf_gpio_cfg_output  spi_master.o
    0x0001981a   0x00000012   Code   RO          445    i.nrf_gpio_cfg_output  simple_uart.o
    0x0001982c   0x00000010   Code   RO           12    i.nrf_gpio_pin_clear  main.o
    0x0001983c   0x00000010   Code   RO           13    i.nrf_gpio_pin_set  main.o
    0x0001984c   0x00000010   Code   RO          254    i.nrf_gpio_pin_set  spi_master.o
    0x0001985c   0x00000090   Code   RO          515    i.pstorage_block_identifier_get  pstorage.o
    0x000198ec   0x000000b0   Code   RO          516    i.pstorage_clear    pstorage.o
    0x0001999c   0x000000e4   Code   RO          517    i.pstorage_init     pstorage.o
    0x00019a80   0x000000ec   Code   RO          518    i.pstorage_load     pstorage.o
    0x00019b6c   0x00000180   Code   RO          519    i.pstorage_register  pstorage.o
    0x00019cec   0x000000d4   Code   RO          520    i.pstorage_store    pstorage.o
    0x00019dc0   0x00000158   Code   RO          521    i.pstorage_sys_event_handler  pstorage.o
    0x00019f18   0x0000000c   Code   RO          742    i.rtc1_counter_get  app_timer.o
    0x00019f24   0x00000018   Code   RO          743    i.rtc1_init         app_timer.o
    0x00019f3c   0x0000003c   Code   RO          744    i.rtc1_start        app_timer.o
    0x00019f78   0x00000058   Code   RO          745    i.rtc1_stop         app_timer.o
    0x00019fd0   0x000000d8   Code   RO           15    i.send_string       main.o
    0x0001a0a8   0x00000016   Code   RO           16    i.send_string_no_answer  main.o
    0x0001a0be   0x00000002   PAD
    0x0001a0c0   0x000000a4   Code   RO           17    i.sim900a_timeout_handler  main.o
    0x0001a164   0x0000006c   Code   RO          446    i.simple_uart_config  simple_uart.o
    0x0001a1d0   0x00000048   Code   RO          448    i.simple_uart_get_with_timeout  simple_uart.o
    0x0001a218   0x00000020   Code   RO          449    i.simple_uart_put   simple_uart.o
    0x0001a238   0x00000012   Code   RO          950    i.softdevice_assertion_handler  softdevice_handler.o
    0x0001a24a   0x00000002   PAD
    0x0001a24c   0x00000018   Code   RO          951    i.softdevice_ble_evt_handler_set  softdevice_handler.o
    0x0001a264   0x00000068   Code   RO          952    i.softdevice_handler_init  softdevice_handler.o
    0x0001a2cc   0x00000018   Code   RO          954    i.softdevice_sys_evt_handler_set  softdevice_handler.o
    0x0001a2e4   0x00000104   Code   RO          255    i.spi_master_init   spi_master.o
    0x0001a3e8   0x00000090   Code   RO          256    i.spi_master_tx_rx  spi_master.o
    0x0001a478   0x0000024c   Code   RO          523    i.swap_state_process  pstorage.o
    0x0001a6c4   0x0000000c   Code   RO           18    i.sys_evt_dispatch  main.o
    0x0001a6d0   0x0000000a   Code   RO          746    i.ticks_diff_get    app_timer.o
    0x0001a6da   0x00000002   PAD
    0x0001a6dc   0x00000040   Code   RO          747    i.timeout_handler_exec  app_timer.o
    0x0001a71c   0x00000058   Code   RO          748    i.timer_list_handler  app_timer.o
    0x0001a774   0x0000000a   Code   RO          749    i.timer_list_handler_sched  app_timer.o
    0x0001a77e   0x00000002   PAD
    0x0001a780   0x000000dc   Code   RO          750    i.timer_list_insert  app_timer.o
    0x0001a85c   0x000000cc   Code   RO          751    i.timer_list_remove  app_timer.o
    0x0001a928   0x00000054   Code   RO          752    i.timer_start_op_schedule  app_timer.o
    0x0001a97c   0x0000009c   Code   RO          755    i.timer_timeouts_check  app_timer.o
    0x0001aa18   0x0000000a   Code   RO          756    i.timer_timeouts_check_sched  app_timer.o
    0x0001aa22   0x00000022   Code   RO          757    i.user_id_get       app_timer.o
    0x0001aa44   0x0000002c   Code   RO          758    i.user_op_alloc     app_timer.o
    0x0001aa70   0x00000004   Code   RO          759    i.user_op_enque     app_timer.o
    0x0001aa74   0x000000a0   Code   RO           19    i.weakup_meantimeout_handler  main.o
    0x0001ab14   0x00000074   Code   RO           20    i.weakup_timeout_handler  main.o
    0x0001ab88   0x00000020   Data   RO         1033    Region$$Table       anon$$obj.o


    Execution Region RW_IRAM1 (Base: 0x20002800, Size: 0x000017f0, Max: 0x00001800, ABSOLUTE)

    Base Addr    Size         Type   Attr      Idx    E Section Name        Object

    0x20002800   0x00000048   Data   RW           22    .data               main.o
    0x20002848   0x00000002   Data   RW          325    .data               battery.o
    0x2000284a   0x00000002   PAD
    0x2000284c   0x00000004   Data   RW          369    .data               system_nrf51.o
    0x20002850   0x0000000c   Data   RW          525    .data               pstorage.o
    0x2000285c   0x0000002a   Data   RW          760    .data               app_timer.o
    0x20002886   0x00000002   PAD
    0x20002888   0x00000014   Data   RW          955    .data               softdevice_handler.o
    0x2000289c   0x00000848   Zero   RW           21    .bss                main.o
    0x200030e4   0x0000070c   Zero   RW          524    .bss                pstorage.o
    0x200037f0   0x00000800   Zero   RW          356    STACK               arm_startup_nrf51.o


==============================================================================

Image component sizes


      Code (inc. data)   RO Data    RW Data    ZI Data      Debug   Object Name

         0          0          0          0          0       1512   app_scheduler.o
      2774        306          0         42          0      32022   app_timer.o
        56         18        192          0       2048        672   arm_startup_nrf51.o
       208         38          0          2          0       1451   battery.o
      3094        880          0         72       2120      77450   main.o
        58          4          0          0          0       1515   nrf_delay.o
      3130        178          0         12       1804      18071   pstorage.o
       280         38          0          0          0       6202   simple_uart.o
       414         58          0         20          0       5920   softdevice_handler.o
       458         26          0          0          0      23141   spi_master.o
       220         26          0          4          0       1883   system_nrf51.o

    ----------------------------------------------------------------------
     10710       1572        224        156       5972     169839   Object Totals
         0          0         32          0          0          0   (incl. Generated)
        18          0          0          4          0          0   (incl. Padding)

    ----------------------------------------------------------------------

      Code (inc. data)   RO Data    RW Data    ZI Data      Debug   Library Member Name

         0          0          0          0          0          0   entry.o
         0          0          0          0          0          0   entry10a.o
         0          0          0          0          0          0   entry11a.o
         8          4          0          0          0          0   entry2.o
         4          0          0          0          0          0   entry5.o
         0          0          0          0          0          0   entry7b.o
         0          0          0          0          0          0   entry8b.o
         8          4          0          0          0          0   entry9a.o
        30          0          0          0          0          0   handlers.o
        40          0          0          0          0         72   idiv.o
        36          8          0          0          0         68   init.o
        36          0          0          0          0         60   memcpya.o
        36          0          0          0          0        100   memseta.o
        44          0          0          0          0         72   uidiv.o

    ----------------------------------------------------------------------
       242         16          0          0          0        372   Library Totals
         0          0          0          0          0          0   (incl. Padding)

    ----------------------------------------------------------------------

      Code (inc. data)   RO Data    RW Data    ZI Data      Debug   Library Name

       242         16          0          0          0        372   mc_p.l

    ----------------------------------------------------------------------
       242         16          0          0          0        372   Library Totals

    ----------------------------------------------------------------------

==============================================================================


      Code (inc. data)   RO Data    RW Data    ZI Data      Debug   

     10952       1588        224        156       5972     166467   Grand Totals
     10952       1588        224        156       5972     166467   ELF Image Totals
     10952       1588        224        156          0          0   ROM Totals

==============================================================================

    Total RO  Size (Code + RO Data)                11176 (  10.91kB)
    Total RW  Size (RW Data + ZI Data)              6128 (   5.98kB)
    Total ROM Size (Code + RO Data + RW Data)      11332 (  11.07kB)

==============================================================================

