<html>
<body>
<pre>
<h1>µVision Build Log</h1>
<h2>Project:</h2>
C:\Users\l1117\Documents\GitHub\BLE_central_sim900A\BLE120_Center_5TM\s120\arm5\ble_app_hrs_c_s120_pca10028.uvprojx
Project File Date:  08/14/2015

<h2>Output:</h2>
Build target 'nrf51422_xxac_s120'
linking...
Program Size: Code=13896 RO-data=288 RW-data=272 ZI-data=4848  
FromELF: creating hex file...
".\_build\nrf51422_xxac_s120.axf" - 0 Error(s), 0 Warning(s).

<h2>Software Packages used:</h2>

Package Vendor: ARM
                http://www.keil.com/pack/ARM.CMSIS.3.20.4.pack
                ARM::CMSIS:CORE:3.20.0
                Cortex Microcontroller Software Interface Standard (CMSIS) CORE, DSP, RTOS, Driver
   * Component: CORE Version: 3.20.0

Package Vendor: NordicSemiconductor
                http://developer.nordicsemi.com/nRF51_SDK/pieces/nRF_BLE/NordicSemiconductor.nRF_BLE.2.0.0.pack
                NordicSemiconductor::nRF_BLE:BLE_Modules:ble_service_common:2.0.0
                Bluetooth Low Energy (Bluetooth Smart) services and software modules for Nordic Semiconductor nRF family.
   * Component: ble_service_common Version: 2.0.0
   * Component: ble_db_discovery Version: 2.0.0
   * Component: device_manager Variant: Central Version: 2.0.0

Package Vendor: NordicSemiconductor
                http://developer.nordicsemi.com/nRF51_SDK/pieces/nRF_DeviceFamilyPack/NordicSemiconductor.nRF_DeviceFamilyPack.7.2.1.pack
                NordicSemiconductor::Device:Startup:7.2.1
                Nordic Semiconductor nRF ARM devices Device Family Pack.
   * Component: Startup Version: 7.2.1

Package Vendor: NordicSemiconductor
                http://developer.nordicsemi.com/nRF51_SDK/pieces/nRF_Drivers/NordicSemiconductor.nRF_Drivers.2.0.0.pack
                NordicSemiconductor::nRF_Drivers:nrf_delay:2.0.0
                Drivers for Nordic Semiconductor nRF family.
   * Component: nrf_delay Version: 2.0.0
   * Component: nrf_gpio Version: 2.0.0
   * Component: nrf_error Variant: default Version: 2.0.0
   * Component: pstorage Variant: default Version: 2.0.0
   * Component: app_uart Variant: default Version: 2.0.0

Package Vendor: NordicSemiconductor
                http://developer.nordicsemi.com/nRF51_SDK/pieces/nRF_Libraries/NordicSemiconductor.nRF_Libraries.2.0.0.pack
                NordicSemiconductor::nRF_Libraries:app_gpiote:default:2.0.0
                Software modules for Nordic Semiconductor nRF family.
   * Component: app_gpiote Variant: default Version: 2.0.0
   * Component: app_fifo Version: 2.0.0
   * Component: app_error Version: 2.0.0
   * Component: app_trace Variant: default Version: 2.0.0
   * Component: nrf_assert Version: 2.0.0
   * Component: app_timer Variant: default Version: 2.0.0
   * Component: retarget Version: 2.0.0

Package Vendor: NordicSemiconductor
                http://developer.nordicsemi.com/nRF51_SDK/pieces/nRF_SoftDevice_S120/NordicSemiconductor.nRF_SoftDevice_S120.2.0.0.pack
                NordicSemiconductor::nRF_SoftDevice:s120:default:2.0.0
                Components for Bluetooth Low Energy (Bluetooth Smart) S120 SoftDevice for Nordic Semiconductor nRF family.
   * Component: s120 Variant: default Version: 2.0.0
   * Component: app_util Variant: default Version: 2.0.0

Package Vendor: NordicSemiconductor
                http://developer.nordicsemi.com/nRF51_SDK/pieces/nRF_SoftDevice_Common/NordicSemiconductor.nRF_SoftDevice_Common.1.1.2.pack
                NordicSemiconductor::nRF_SoftDevice:Internal:softdevice_present:1.1.2
                Common components for Nordic Semiconductor nRF family SoftDevices.
   * Component: softdevice_present Version: 1.1.2
   * Component: sd_common Variant: default Version: 1.1.2

<h2>Collection of Component include folders:</h2>
  C:\Users\l1117\Documents\GitHub\BLE_central_sim900A\BLE120_Center_5TM\s120\arm5\RTE
  C:\Users\l1117\Documents\GitHub\BLE_central_sim900A\BLE120_Center_5TM\s120\arm5\RTE\nRF_BLE\nRF51822_xxAA
  C:\Users\l1117\Documents\GitHub\BLE_central_sim900A\BLE120_Center_5TM\s120\arm5\RTE\nRF_Drivers\nRF51822_xxAA
  C:\Users\l1117\Documents\GitHub\BLE_central_sim900A\BLE120_Center_5TM\s120\arm5\RTE\nRF_Libraries\nRF51822_xxAA
  C:\Keil_v5\ARM\PACK\ARM\CMSIS\3.20.4\CMSIS\Include
  C:\Keil_v5\ARM\PACK\NordicSemiconductor\nRF_BLE\2.0.0\ble_db_discovery
  C:\Keil_v5\ARM\PACK\NordicSemiconductor\nRF_BLE\2.0.0\common
  C:\Keil_v5\ARM\PACK\NordicSemiconductor\nRF_BLE\2.0.0\device_manager
  C:\Keil_v5\ARM\PACK\NordicSemiconductor\nRF_DeviceFamilyPack\7.2.1\Device\Include
  C:\Keil_v5\ARM\PACK\NordicSemiconductor\nRF_Drivers\2.0.0\hal
  C:\Keil_v5\ARM\PACK\NordicSemiconductor\nRF_Drivers\2.0.0\pstorage
  C:\Keil_v5\ARM\PACK\NordicSemiconductor\nRF_Drivers\2.0.0\uart
  C:\Keil_v5\ARM\PACK\NordicSemiconductor\nRF_Libraries\2.0.0\fifo
  C:\Keil_v5\ARM\PACK\NordicSemiconductor\nRF_Libraries\2.0.0\gpiote
  C:\Keil_v5\ARM\PACK\NordicSemiconductor\nRF_Libraries\2.0.0\timer
  C:\Keil_v5\ARM\PACK\NordicSemiconductor\nRF_Libraries\2.0.0\trace
  C:\Keil_v5\ARM\PACK\NordicSemiconductor\nRF_Libraries\2.0.0\util
  C:\Keil_v5\ARM\PACK\NordicSemiconductor\nRF_SoftDevice_Common\1.1.2\softdevice_handler
  C:\Keil_v5\ARM\PACK\NordicSemiconductor\nRF_SoftDevice_S120\2.0.0\headers

<h2>Collection of Component Files used:</h2>

   * Component: ARM::CMSIS:CORE:3.20.0

   * Component: NordicSemiconductor::nRF_BLE:BLE_Modules:ble_service_common:2.0.0
      Source file:   common\ble_srv_common.c
      Include file:  common\ble_srv_common.h

   * Component: NordicSemiconductor::nRF_BLE:BLE_Modules:ble_db_discovery:2.0.0
      Include file:  ble_db_discovery\ble_db_discovery.h
      Source file:   ble_db_discovery\ble_db_discovery.c

   * Component: NordicSemiconductor::nRF_BLE:BLE_Modules:device_manager:Central:2.0.0
      Include file:  device_manager\config\device_manager_cnfg.h
      Source file:   device_manager\device_manager_central.c
      Include file:  device_manager\device_manager.h

   * Component: NordicSemiconductor::Device:Startup:7.2.1
      Source file:   Device\Source\arm\arm_startup_nrf51.s
      Include file:  Device\Include\system_nrf51.h
      Source file:   Device\Source\system_nrf51.c

   * Component: NordicSemiconductor::nRF_Drivers:nrf_delay:2.0.0
      Source file:   hal\nrf_delay.c
      Include file:  hal\nrf_delay.h

   * Component: NordicSemiconductor::nRF_Drivers:nrf_gpio:2.0.0
      Include file:  hal\nrf_gpio.h

   * Component: NordicSemiconductor::nRF_Drivers:nrf_error:default:2.0.0

   * Component: NordicSemiconductor::nRF_Drivers:pstorage:default:2.0.0
      Include file:  pstorage\config\pstorage_platform.h
      Source file:   pstorage\pstorage.c
      Include file:  pstorage\pstorage.h

   * Component: NordicSemiconductor::nRF_Drivers:app_uart:default:2.0.0
      Source file:   uart\app_uart.c
      Include file:  uart\app_uart.h

   * Component: NordicSemiconductor::nRF_Libraries:app_gpiote:default:2.0.0
      Source file:   gpiote\app_gpiote.c
      Include file:  gpiote\app_gpiote.h

   * Component: NordicSemiconductor::nRF_Libraries:app_fifo:2.0.0
      Include file:  fifo\app_fifo.h
      Source file:   fifo\app_fifo.c

   * Component: NordicSemiconductor::nRF_Libraries:app_error:2.0.0
      Source file:   util\app_error.c
      Include file:  util\app_error.h

   * Component: NordicSemiconductor::nRF_Libraries:app_trace:default:2.0.0
      Include file:  trace\app_trace.h
      Source file:   trace\app_trace.c

   * Component: NordicSemiconductor::nRF_Libraries:nrf_assert:2.0.0
      Source file:   util\nrf_assert.c
      Include file:  util\nrf_assert.h

   * Component: NordicSemiconductor::nRF_Libraries:app_timer:default:2.0.0
      Include file:  timer\app_timer.h
      Source file:   timer\app_timer.c

   * Component: NordicSemiconductor::nRF_Libraries:retarget:2.0.0
      Source file:   uart\retarget.c

   * Component: NordicSemiconductor::nRF_SoftDevice:s120:default:2.0.0
      Include file:  headers\ble_hci.h
      Include file:  headers\ble.h
      Include file:  headers\ble_types.h
      Include file:  headers\nrf_error_soc.h
      Include file:  headers\nrf_soc.h
      Include file:  headers\ble_gatt.h
      Include file:  headers\softdevice_assert.h
      Include file:  headers\ble_l2cap.h
      Include file:  headers\ble_err.h
      Include file:  headers\nrf_mbr.h
      Include file:  headers\nrf_svc.h
      Include file:  headers\nrf_error_sdm.h
      Include file:  headers\nrf_sdm.h
      Include file:  headers\ble_gattc.h
      Include file:  headers\ble_gap.h
      Include file:  headers\nrf_sd_def.h
      Include file:  headers\ble_ranges.h
      Include file:  headers\nrf_error.h
      Include file:  headers\ble_gatts.h

   * Component: NordicSemiconductor::nRF_Libraries:app_util:default:2.0.0

   * Component: NordicSemiconductor::nRF_SoftDevice:Internal:softdevice_present:1.1.2

   * Component: NordicSemiconductor::nRF_SoftDevice:Internal:sd_common:default:1.1.2
      Source file:   softdevice_handler\softdevice_handler.c
aries:app_timer:default:2.0.0
      Include file:  timer\app_timer.h
      Source file:   timer\app_timer.c

   * Component: NordicSemiconductor::nRF_Libraries:retarget:2.0.0
      Source file:   uart\retarget.c

   * Component: NordicSemiconductor::nRF_SoftDevice:s120:default:2.0.0
      Include file:  headers\ble_hci.h
      Include file:  headers\ble.h
      Include file:  headers\ble_types.h
      Include file:  headers\nrf_error_soc.h
      Include file:  headers\nrf_soc.h
      Include file:  headers\ble_gatt.h
      Include file:  headers\softdevice_assert.h
      Include file:  headers\ble_l2cap.h
      Include file:  headers\ble_err.h
      Include file:  headers\nrf_mbr.h
      Include file:  headers\nrf_svc.h
      Include file:  headers\nrf_error_sdm.h
      Include file:  headers\nrf_sdm.h
      Include file:  headers\ble_gattc.h
      Include file:  headers\ble_gap.h
      Include file:  headers\nrf_sd_def.h
      Include file:  headers\ble_ranges.h
      Include file:  headers\nrf_error.h
      Include file:  headers\ble_gatts.h

   * Component: NordicSemiconductor::nRF_Libraries:app_util:default:2.0.0

   * Component: NordicSemiconductor::nRF_SoftDevice:Internal:softdevice_present:1.1.2

   * Component: NordicSemiconductor::nRF_SoftDevice:Internal:sd_common:default:1.1.2
      Source file:   softdevice_handler\softdevice_handler.c
Load "C:\\Users\\l1117\\Documents\\GitHub\\BLE_central_sim900A\\BLE120_Center_5TM\\s120\\arm5\\_build\\nrf51422_xxac_s120.axf" 
* JLink Info: Device "NRF51822_XXAA" selected.
Set JLink Project File to "C:\Users\l1117\Documents\GitHub\BLE_central_sim900A\BLE120_Center_5TM\s120\arm5\JLinkSettings.ini"
* JLink Info: Device "NRF51822_XXAA" selected.
 
JLink info:
------------
DLL: V4.98c, compiled Apr 23 2015 20:21:50
Firmware: J-Link ARM-OB STM32 compiled Aug 22 2012 19:52:04
Hardware: V7.00
S/N : 20090928 
Feature(s) : RDI,FlashDL,FlashBP,JFlash,GDBFull 
 
Error: Flash Download failed  -  Target DLL has been cancelled
Load "C:\\Users\\l1117\\Documents\\GitHub\\BLE_central_sim900A\\BLE120_Center_5TM\\s120\\arm5\\_build\\nrf51422_xxac_s120.axf" 
* JLink Info: Device "NRF51822_XXAA" selected.
Set JLink Project File to "C:\Users\l1117\Documents\GitHub\BLE_central_sim900A\BLE120_Center_5TM\s120\arm5\JLinkSettings.ini"
* JLink Info: Device "NRF51822_XXAA" selected.
 
JLink info:
------------
DLL: V4.98c, compiled Apr 23 2015 20:21:50
Firmware: J-Link ARM-OB STM32 compiled Aug 22 2012 19:52:04
Hardware: V7.00
S/N : 20090928 
Feature(s) : RDI,FlashDL,FlashBP,JFlash,GDBFull 
 
Error: Flash Download failed  -  Target DLL has been cancelled
Load "C:\\Users\\l1117\\Documents\\GitHub\\BLE_central_sim900A\\BLE120_Center_5TM\\s120\\arm5\\_build\\nrf51422_xxac_s120.axf" 
* JLink Info: Device "NRF51822_XXAA" selected.
Set JLink Project File to "C:\Users\l1117\Documents\GitHub\BLE_central_sim900A\BLE120_Center_5TM\s120\arm5\JLinkSettings.ini"
* JLink Info: Device "NRF51822_XXAA" selected.
 
JLink info:
------------
DLL: V4.98c, compiled Apr 23 2015 20:21:50
Firmware: J-Link ARM-OB STM32 compiled Aug 22 2012 19:52:04
Hardware: V7.00
S/N : 20090928 
Feature(s) : RDI,FlashDL,FlashBP,JFlash,GDBFull 
 
Error: Flash Download failed  -  Target DLL has been cancelled
Load "C:\\Users\\l1117\\Documents\\GitHub\\BLE_central_sim900A\\BLE120_Center_5TM\\s120\\arm5\\_build\\nrf51422_xxac_s120.axf" 
* JLink Info: Device "NRF51822_XXAA" selected.
Set JLink Project File to "C:\Users\l1117\Documents\GitHub\BLE_central_sim900A\BLE120_Center_5TM\s120\arm5\JLinkSettings.ini"
* JLink Info: Device "NRF51822_XXAA" selected.
 
JLink info:
------------
DLL: V4.98c, compiled Apr 23 2015 20:21:50
Firmware: J-Link ARM-OB STM32 compiled Aug 22 2012 19:52:04
Hardware: V7.00
S/N : 20090928 
Feature(s) : RDI,FlashDL,FlashBP,JFlash,GDBFull 
 
* JLink Info: Found SWD-DP with ID 0x0BB11477
* JLink Info: Found Cortex-M0 r0p0, Little endian.
* JLink Info: FPUnit: 4 code (BP) slots and 0 literal slots
* JLink Info: CoreSight components:
* JLink Info: ROMTbl 0 @ F0000000
* JLink Info: ROMTbl 0 [0]: F00FF000, CID: B105100D, PID: 000BB471 ROM Table
* JLink Info: ROMTbl 1 @ E00FF000
* JLink Info: ROMTbl 1 [0]: FFF0F000, CID: B105E00D, PID: 000BB008 SCS
* JLink Info: ROMTbl 1 [1]: FFF02000, CID: B105E00D, PID: 000BB00A DWT
* JLink Info: ROMTbl 1 [2]: FFF03000, CID: B105E00D, PID: 000BB00B FPB
* JLink Info: ROMTbl 0 [1]: 00002000, CID: B105900D, PID: 000BB9A3 ???
ROMTableAddr = 0xE00FF003
 
Target info:
------------
Device: nRF51822_xxAA
VTarget = 3.300V
State of Pins: 
TCK: 0, TDI: 0, TDO: 1, TMS: 0, TRES: 1, TRST: 1
Hardware-Breakpoints: 4
Software-Breakpoints: 8192
Watchpoints:          2
JTAG speed: 4000 kHz
 
Erase Done.
Programming Done.
Verify OK.
Application running ...
: 1, TRST: 1
Hardware-Breakpoints: 4
Software-Breakpoints: 8192
Watchpoints:          2
JTAG speed: 4000 kHz
 
Erase Done.
Programming Done.
Verify OK.
Application running ...
Error: Target DLL has been cancelled. Debugger aborted !
Load "C:\\Users\\l1117\\Documents\\GitHub\\BLE_central_sim900A\\BLE120_Center_5TM\\s120\\arm5\\_build\\nrf51422_xxac_s120.axf" 
* JLink Info: Device "NRF51822_XXAA" selected.
Set JLink Project File to "C:\Users\l1117\Documents\GitHub\BLE_central_sim900A\BLE120_Center_5TM\s120\arm5\JLinkSettings.ini"
* JLink Info: Device "NRF51822_XXAA" selected.
 
JLink info:
------------
DLL: V4.98c, compiled Apr 23 2015 20:21:50
Firmware: J-Link ARM-OB STM32 compiled Aug 22 2012 19:52:04
Hardware: V7.00
S/N : 20090928 
Feature(s) : RDI,FlashDL,FlashBP,JFlash,GDBFull 
 
* JLink Info: Found SWD-DP with ID 0x0BB11477
* JLink Info: Found Cortex-M0 r0p0, Little endian.
* JLink Info: FPUnit: 4 code (BP) slots and 0 literal slots
* JLink Info: CoreSight components:
* JLink Info: ROMTbl 0 @ F0000000
* JLink Info: ROMTbl 0 [0]: F00FF000, CID: B105100D, PID: 000BB471 ROM Table
* JLink Info: ROMTbl 1 @ E00FF000
* JLink Info: ROMTbl 1 [0]: FFF0F000, CID: B105E00D, PID: 000BB008 SCS
* JLink Info: ROMTbl 1 [1]: FFF02000, CID: B105E00D, PID: 000BB00A DWT
* JLink Info: ROMTbl 1 [2]: FFF03000, CID: B105E00D, PID: 000BB00B FPB
* JLink Info: ROMTbl 0 [1]: 00002000, CID: B105900D, PID: 000BB9A3 ???
ROMTableAddr = 0xE00FF003
 
Target info:
------------
Device: nRF51822_xxAA
VTarget = 3.300V
State of Pins: 
TCK: 0, TDI: 0, TDO: 1, TMS: 0, TRES: 1, TRST: 1
Hardware-Breakpoints: 4
Software-Breakpoints: 8192
Watchpoints:          2
JTAG speed: 4000 kHz
 
Erase Done.
Programming Done.
Verify OK.
Application running ...
